Archive member included to satisfy reference by file (symbol)

C:/ST/STM32CubeIDE_1.18.1/STM32CubeIDE/plugins/com.st.stm32cube.ide.mcu.externaltools.gnu-tools-for-stm32.13.3.rel1.win32_1.0.0.202411081344/tools/bin/../lib/gcc/arm-none-eabi/13.3.1/../../../../arm-none-eabi/lib/thumb/v7e-m+dp/hard\libc_nano.a(libc_a-exit.o)
                              C:/ST/STM32CubeIDE_1.18.1/STM32CubeIDE/plugins/com.st.stm32cube.ide.mcu.externaltools.gnu-tools-for-stm32.13.3.rel1.win32_1.0.0.202411081344/tools/bin/../lib/gcc/arm-none-eabi/13.3.1/../../../../arm-none-eabi/lib/thumb/v7e-m+dp/hard/crt0.o (exit)
C:/ST/STM32CubeIDE_1.18.1/STM32CubeIDE/plugins/com.st.stm32cube.ide.mcu.externaltools.gnu-tools-for-stm32.13.3.rel1.win32_1.0.0.202411081344/tools/bin/../lib/gcc/arm-none-eabi/13.3.1/../../../../arm-none-eabi/lib/thumb/v7e-m+dp/hard\libc_nano.a(libc_a-findfp.o)
                              C:/ST/STM32CubeIDE_1.18.1/STM32CubeIDE/plugins/com.st.stm32cube.ide.mcu.externaltools.gnu-tools-for-stm32.13.3.rel1.win32_1.0.0.202411081344/tools/bin/../lib/gcc/arm-none-eabi/13.3.1/../../../../arm-none-eabi/lib/thumb/v7e-m+dp/hard\libc_nano.a(libc_a-exit.o) (__stdio_exit_handler)
C:/ST/STM32CubeIDE_1.18.1/STM32CubeIDE/plugins/com.st.stm32cube.ide.mcu.externaltools.gnu-tools-for-stm32.13.3.rel1.win32_1.0.0.202411081344/tools/bin/../lib/gcc/arm-none-eabi/13.3.1/../../../../arm-none-eabi/lib/thumb/v7e-m+dp/hard\libc_nano.a(libc_a-fwalk.o)
                              C:/ST/STM32CubeIDE_1.18.1/STM32CubeIDE/plugins/com.st.stm32cube.ide.mcu.externaltools.gnu-tools-for-stm32.13.3.rel1.win32_1.0.0.202411081344/tools/bin/../lib/gcc/arm-none-eabi/13.3.1/../../../../arm-none-eabi/lib/thumb/v7e-m+dp/hard\libc_nano.a(libc_a-findfp.o) (_fwalk_sglue)
C:/ST/STM32CubeIDE_1.18.1/STM32CubeIDE/plugins/com.st.stm32cube.ide.mcu.externaltools.gnu-tools-for-stm32.13.3.rel1.win32_1.0.0.202411081344/tools/bin/../lib/gcc/arm-none-eabi/13.3.1/../../../../arm-none-eabi/lib/thumb/v7e-m+dp/hard\libc_nano.a(libc_a-stdio.o)
                              C:/ST/STM32CubeIDE_1.18.1/STM32CubeIDE/plugins/com.st.stm32cube.ide.mcu.externaltools.gnu-tools-for-stm32.13.3.rel1.win32_1.0.0.202411081344/tools/bin/../lib/gcc/arm-none-eabi/13.3.1/../../../../arm-none-eabi/lib/thumb/v7e-m+dp/hard\libc_nano.a(libc_a-findfp.o) (__sread)
C:/ST/STM32CubeIDE_1.18.1/STM32CubeIDE/plugins/com.st.stm32cube.ide.mcu.externaltools.gnu-tools-for-stm32.13.3.rel1.win32_1.0.0.202411081344/tools/bin/../lib/gcc/arm-none-eabi/13.3.1/../../../../arm-none-eabi/lib/thumb/v7e-m+dp/hard\libc_nano.a(libc_a-vsnprintf.o)
                              ./Core/Src/fixajLCD.o (vsnprintf)
C:/ST/STM32CubeIDE_1.18.1/STM32CubeIDE/plugins/com.st.stm32cube.ide.mcu.externaltools.gnu-tools-for-stm32.13.3.rel1.win32_1.0.0.202411081344/tools/bin/../lib/gcc/arm-none-eabi/13.3.1/../../../../arm-none-eabi/lib/thumb/v7e-m+dp/hard\libc_nano.a(libc_a-memset.o)
                              C:/ST/STM32CubeIDE_1.18.1/STM32CubeIDE/plugins/com.st.stm32cube.ide.mcu.externaltools.gnu-tools-for-stm32.13.3.rel1.win32_1.0.0.202411081344/tools/bin/../lib/gcc/arm-none-eabi/13.3.1/../../../../arm-none-eabi/lib/thumb/v7e-m+dp/hard/crt0.o (memset)
C:/ST/STM32CubeIDE_1.18.1/STM32CubeIDE/plugins/com.st.stm32cube.ide.mcu.externaltools.gnu-tools-for-stm32.13.3.rel1.win32_1.0.0.202411081344/tools/bin/../lib/gcc/arm-none-eabi/13.3.1/../../../../arm-none-eabi/lib/thumb/v7e-m+dp/hard\libc_nano.a(libc_a-closer.o)
                              C:/ST/STM32CubeIDE_1.18.1/STM32CubeIDE/plugins/com.st.stm32cube.ide.mcu.externaltools.gnu-tools-for-stm32.13.3.rel1.win32_1.0.0.202411081344/tools/bin/../lib/gcc/arm-none-eabi/13.3.1/../../../../arm-none-eabi/lib/thumb/v7e-m+dp/hard\libc_nano.a(libc_a-stdio.o) (_close_r)
C:/ST/STM32CubeIDE_1.18.1/STM32CubeIDE/plugins/com.st.stm32cube.ide.mcu.externaltools.gnu-tools-for-stm32.13.3.rel1.win32_1.0.0.202411081344/tools/bin/../lib/gcc/arm-none-eabi/13.3.1/../../../../arm-none-eabi/lib/thumb/v7e-m+dp/hard\libc_nano.a(libc_a-reent.o)
                              C:/ST/STM32CubeIDE_1.18.1/STM32CubeIDE/plugins/com.st.stm32cube.ide.mcu.externaltools.gnu-tools-for-stm32.13.3.rel1.win32_1.0.0.202411081344/tools/bin/../lib/gcc/arm-none-eabi/13.3.1/../../../../arm-none-eabi/lib/thumb/v7e-m+dp/hard\libc_nano.a(libc_a-closer.o) (errno)
C:/ST/STM32CubeIDE_1.18.1/STM32CubeIDE/plugins/com.st.stm32cube.ide.mcu.externaltools.gnu-tools-for-stm32.13.3.rel1.win32_1.0.0.202411081344/tools/bin/../lib/gcc/arm-none-eabi/13.3.1/../../../../arm-none-eabi/lib/thumb/v7e-m+dp/hard\libc_nano.a(libc_a-impure.o)
                              C:/ST/STM32CubeIDE_1.18.1/STM32CubeIDE/plugins/com.st.stm32cube.ide.mcu.externaltools.gnu-tools-for-stm32.13.3.rel1.win32_1.0.0.202411081344/tools/bin/../lib/gcc/arm-none-eabi/13.3.1/../../../../arm-none-eabi/lib/thumb/v7e-m+dp/hard\libc_nano.a(libc_a-vsnprintf.o) (_impure_ptr)
[...]
Memory Configuration

Name             Origin             Length             Attributes
ITCMRAM          0x00000000         0x00010000         xrw
DTCMRAM          0x20000000         0x00020000         xrw
FLASH            0x08000000         0x00100000         xr
RAM_D1           0x24000000         0x00050000         xrw
RAM_D2           0x30000000         0x00008000         xrw
RAM_D3           0x38000000         0x00004000         xrw
*default*        0x00000000         0xffffffff

Linker script and memory map

LOAD C:/ST/STM32CubeIDE_1.18.1/STM32CubeIDE/plugins/com.st.stm32cube.ide.mcu.externaltools.gnu-tools-for-stm32.13.3.rel1.win32_1.0.0.202411081344/tools/bin/../lib/gcc/arm-none-eabi/13.3.1/thumb/v7e-m+dp/hard/crti.o
LOAD C:/ST/STM32CubeIDE_1.18.1/STM32CubeIDE/plugins/com.st.stm32cube.ide.mcu.externaltools.gnu-tools-for-stm32.13.3.rel1.win32_1.0.0.202411081344/tools/bin/../lib/gcc/arm-none-eabi/13.3.1/thumb/v7e-m+dp/hard/crtbegin.o
LOAD C:/ST/STM32CubeIDE_1.18.1/STM32CubeIDE/plugins/com.st.stm32cube.ide.mcu.externaltools.gnu-tools-for-stm32.13.3.rel1.win32_1.0.0.202411081344/tools/bin/../lib/gcc/arm-none-eabi/13.3.1/../../../../arm-none-eabi/lib/thumb/v7e-m+dp/hard/crt0.o
LOAD ./Core/Src/fixajLCD.o
LOAD ./Core/Src/main.o
LOAD ./Core/Src/stm32h7xx_hal_msp.o
LOAD ./Core/Src/stm32h7xx_it.o
LOAD ./Core/Src/syscalls.o
LOAD ./Core/Src/sysmem.o
LOAD ./Core/Src/system_stm32h7xx.o
LOAD ./Core/Startup/startup_stm32h723zgtx.o
LOAD ./Drivers/STM32H7xx_HAL_Driver/Src/stm32h7xx_hal.o
LOAD ./Drivers/STM32H7xx_HAL_Driver/Src/stm32h7xx_hal_cortex.o
LOAD ./Drivers/STM32H7xx_HAL_Driver/Src/stm32h7xx_hal_dma.o
LOAD ./Drivers/STM32H7xx_HAL_Driver/Src/stm32h7xx_hal_dma_ex.o
LOAD ./Drivers/STM32H7xx_HAL_Driver/Src/stm32h7xx_hal_exti.o
LOAD ./Drivers/STM32H7xx_HAL_Driver/Src/stm32h7xx_hal_flash.o
LOAD ./Drivers/STM32H7xx_HAL_Driver/Src/stm32h7xx_hal_flash_ex.o
LOAD ./Drivers/STM32H7xx_HAL_Driver/Src/stm32h7xx_hal_gpio.o
LOAD ./Drivers/STM32H7xx_HAL_Driver/Src/stm32h7xx_hal_hsem.o
LOAD ./Drivers/STM32H7xx_HAL_Driver/Src/stm32h7xx_hal_i2c.o
LOAD ./Drivers/STM32H7xx_HAL_Driver/Src/stm32h7xx_hal_i2c_ex.o
LOAD ./Drivers/STM32H7xx_HAL_Driver/Src/stm32h7xx_hal_mdma.o
LOAD ./Drivers/STM32H7xx_HAL_Driver/Src/stm32h7xx_hal_pwr.o
LOAD ./Drivers/STM32H7xx_HAL_Driver/Src/stm32h7xx_hal_pwr_ex.o
LOAD ./Drivers/STM32H7xx_HAL_Driver/Src/stm32h7xx_hal_rcc.o
LOAD ./Drivers/STM32H7xx_HAL_Driver/Src/stm32h7xx_hal_rcc_ex.o
LOAD ./Drivers/STM32H7xx_HAL_Driver/Src/stm32h7xx_hal_tim.o
LOAD ./Drivers/STM32H7xx_HAL_Driver/Src/stm32h7xx_hal_tim_ex.o
START GROUP
LOAD C:/ST/STM32CubeIDE_1.18.1/STM32CubeIDE/plugins/com.st.stm32cube.ide.mcu.externaltools.gnu-tools-for-stm32.13.3.rel1.win32_1.0.0.202411081344/tools/bin/../lib/gcc/arm-none-eabi/13.3.1/../../../../arm-none-eabi/lib/thumb/v7e-m+dp/hard\libc_nano.a
LOAD C:/ST/STM32CubeIDE_1.18.1/STM32CubeIDE/plugins/com.st.stm32cube.ide.mcu.externaltools.gnu-tools-for-stm32.13.3.rel1.win32_1.0.0.202411081344/tools/bin/../lib/gcc/arm-none-eabi/13.3.1/../../../../arm-none-eabi/lib/thumb/v7e-m+dp/hard\libm.a
END GROUP
START GROUP
LOAD C:/ST/STM32CubeIDE_1.18.1/STM32CubeIDE/plugins/com.st.stm32cube.ide.mcu.externaltools.gnu-tools-for-stm32.13.3.rel1.win32_1.0.0.202411081344/tools/bin/../lib/gcc/arm-none-eabi/13.3.1/thumb/v7e-m+dp/hard\libgcc.a
LOAD C:/ST/STM32CubeIDE_1.18.1/STM32CubeIDE/plugins/com.st.stm32cube.ide.mcu.externaltools.gnu-tools-for-stm32.13.3.rel1.win32_1.0.0.202411081344/tools/bin/../lib/gcc/arm-none-eabi/13.3.1/../../../../arm-none-eabi/lib/thumb/v7e-m+dp/hard\libc_nano.a
END GROUP
START GROUP
LOAD C:/ST/STM32CubeIDE_1.18.1/STM32CubeIDE/plugins/com.st.stm32cube.ide.mcu.externaltools.gnu-tools-for-stm32.13.3.rel1.win32_1.0.0.202411081344/tools/bin/../lib/gcc/arm-none-eabi/13.3.1/thumb/v7e-m+dp/hard\libgcc.a
LOAD C:/ST/STM32CubeIDE_1.18.1/STM32CubeIDE/plugins/com.st.stm32cube.ide.mcu.externaltools.gnu-tools-for-stm32.13.3.rel1.win32_1.0.0.202411081344/tools/bin/../lib/gcc/arm-none-eabi/13.3.1/../../../../arm-none-eabi/lib/thumb/v7e-m+dp/hard\libc_nano.a
LOAD C:/ST/STM32CubeIDE_1.18.1/STM32CubeIDE/plugins/com.st.stm32cube.ide.mcu.externaltools.gnu-tools-for-stm32.13.3.rel1.win32_1.0.0.202411081344/tools/bin/../lib/gcc/arm-none-eabi/13.3.1/../../../../arm-none-eabi/lib/thumb/v7e-m+dp/hard\libnosys.a
END GROUP
START GROUP
LOAD C:/ST/STM32CubeIDE_1.18.1/STM32CubeIDE/plugins/com.st.stm32cube.ide.mcu.externaltools.gnu-tools-for-stm32.13.3.rel1.win32_1.0.0.202411081344/tools/bin/../lib/gcc/arm-none-eabi/13.3.1/thumb/v7e-m+dp/hard\libgcc.a
LOAD C:/ST/STM32CubeIDE_1.18.1/STM32CubeIDE/plugins/com.st.stm32cube.ide.mcu.externaltools.gnu-tools-for-stm32.13.3.rel1.win32_1.0.0.202411081344/tools/bin/../lib/gcc/arm-none-eabi/13.3.1/../../../../arm-none-eabi/lib/thumb/v7e-m+dp/hard\libc_nano.a
LOAD C:/ST/STM32CubeIDE_1.18.1/STM32CubeIDE/plugins/com.st.stm32cube.ide.mcu.externaltools.gnu-tools-for-stm32.13.3.rel1.win32_1.0.0.202411081344/tools/bin/../lib/gcc/arm-none-eabi/13.3.1/../../../../arm-none-eabi/lib/thumb/v7e-m+dp/hard\libnosys.a
END GROUP
LOAD C:/ST/STM32CubeIDE_1.18.1/STM32CubeIDE/plugins/com.st.stm32cube.ide.mcu.externaltools.gnu-tools-for-stm32.13.3.rel1.win32_1.0.0.202411081344/tools/bin/../lib/gcc/arm-none-eabi/13.3.1/thumb/v7e-m+dp/hard/crtend.o
LOAD C:/ST/STM32CubeIDE_1.18.1/STM32CubeIDE/plugins/com.st.stm32cube.ide.mcu.externaltools.gnu-tools-for-stm32.13.3.rel1.win32_1.0.0.202411081344/tools/bin/../lib/gcc/arm-none-eabi/13.3.1/thumb/v7e-m+dp/hard/crtn.o
                0x24050000                        _estack = (ORIGIN (RAM_D1) + LENGTH (RAM_D1))
                0x00000200                        _Min_Heap_Size = 0x200
                0x00000400                        _Min_Stack_Size = 0x400

.isr_vector     0x08000000      0x2cc
                0x08000000                        . = ALIGN (0x4)
 *(.isr_vector)
 .isr_vector    0x08000000      0x2cc ./Core/Startup/startup_stm32h723zgtx.o
                0x08000000                g_pfnVectors
                0x080002cc                        . = ALIGN (0x4)

.text           0x080002cc     0x4444
                0x080002cc                        . = ALIGN (0x4)
 *(.text)
 .text          0x080002cc       0x40 C:/ST/STM32CubeIDE_1.18.1/STM32CubeIDE/plugins/com.st.stm32cube.ide.mcu.externaltools.gnu-tools-for-stm32.13.3.rel1.win32_1.0.0.202411081344/tools/bin/../lib/gcc/arm-none-eabi/13.3.1/thumb/v7e-m+dp/hard/crtbegin.o
 .text          0x0800030c       0x10 C:/ST/STM32CubeIDE_1.18.1/STM32CubeIDE/plugins/com.st.stm32cube.ide.mcu.externaltools.gnu-tools-for-stm32.13.3.rel1.win32_1.0.0.202411081344/tools/bin/../lib/gcc/arm-none-eabi/13.3.1/../../../../arm-none-eabi/lib/thumb/v7e-m+dp/hard\libc_nano.a(libc_a-strlen.o)
                0x0800030c                strlen
 *(.text*)
 .text.LCD_bekle
                0x0800031c       0x16 ./Core/Src/fixajLCD.o
 .text.LCD_parametreler_kontrol
                0x08000332       0x28 ./Core/Src/fixajLCD.o
 .text.LCD_pozisyon_kontrol
                0x0800035a       0x36 ./Core/Src/fixajLCD.o
 .text.LCD_komut_gonder
                0x08000390      0x130 ./Core/Src/fixajLCD.o
 .text.LCD_veri_gonder
                0x080004c0      0x130 ./Core/Src/fixajLCD.o
 .text.LCD_init_4bit
                0x080005f0      0x118 ./Core/Src/fixajLCD.o
 .text.LCD_kur  0x08000708      0x14c ./Core/Src/fixajLCD.o
                0x08000708                LCD_kur
 .text.LCD_temizle
                0x08000854       0x2a ./Core/Src/fixajLCD.o
                0x08000854                LCD_temizle
 *fill*         0x0800087e        0x2 
 .text.LCD_imlec
                0x08000880       0x98 ./Core/Src/fixajLCD.o
                0x08000880                LCD_imlec
 .text.LCD_yaz  0x08000918       0x54 ./Core/Src/fixajLCD.o
                0x08000918                LCD_yaz
 .text.LCD_yaz_pozisyon
                0x0800096c       0x3e ./Core/Src/fixajLCD.o
                0x0800096c                LCD_yaz_pozisyon
 .text.LCD_karakter
                0x080009aa       0x20 ./Core/Src/fixajLCD.o
                0x080009aa                LCD_karakter
 .text.LCD_ortala
                0x080009ca       0x8a ./Core/Src/fixajLCD.o
                0x080009ca                LCD_ortala
 .text.main     0x08000a54       0x8c ./Core/Src/main.o
                0x08000a54                main
 .text.SystemClock_Config
                0x08000ae0       0xbc ./Core/Src/main.o
                0x08000ae0                SystemClock_Config
 .text.MX_I2C1_Init
                0x08000b9c       0x80 ./Core/Src/main.o
 .text.MX_GPIO_Init
                0x08000c1c       0x34 ./Core/Src/main.o
 .text.MPU_Config
                0x08000c50       0x58 ./Core/Src/main.o
 .text.Error_Handler
                0x08000ca8        0xc ./Core/Src/main.o
                0x08000ca8                Error_Handler
 .text.HAL_MspInit
                0x08000cb4       0x34 ./Core/Src/stm32h7xx_hal_msp.o
                0x08000cb4                HAL_MspInit
 .text.HAL_I2C_MspInit
                0x08000ce8       0xd4 ./Core/Src/stm32h7xx_hal_msp.o
                0x08000ce8                HAL_I2C_MspInit
 .text.NMI_Handler
                0x08000dbc        0x8 ./Core/Src/stm32h7xx_it.o
                0x08000dbc                NMI_Handler
 .text.HardFault_Handler
                0x08000dc4        0x8 ./Core/Src/stm32h7xx_it.o
                0x08000dc4                HardFault_Handler
 .text.MemManage_Handler
                0x08000dcc        0x8 ./Core/Src/stm32h7xx_it.o
                0x08000dcc                MemManage_Handler
 .text.BusFault_Handler
                0x08000dd4        0x8 ./Core/Src/stm32h7xx_it.o
                0x08000dd4                BusFault_Handler
 .text.UsageFault_Handler
                0x08000ddc        0x8 ./Core/Src/stm32h7xx_it.o
                0x08000ddc                UsageFault_Handler
 .text.SVC_Handler
                0x08000de4        0xe ./Core/Src/stm32h7xx_it.o
                0x08000de4                SVC_Handler
 .text.DebugMon_Handler
                0x08000df2        0xe ./Core/Src/stm32h7xx_it.o
                0x08000df2                DebugMon_Handler
 .text.PendSV_Handler
                0x08000e00        0xe ./Core/Src/stm32h7xx_it.o
                0x08000e00                PendSV_Handler
 .text.SysTick_Handler
                0x08000e0e        0xc ./Core/Src/stm32h7xx_it.o
                0x08000e0e                SysTick_Handler
 *fill*         0x08000e1a        0x2 
 .text.SystemInit
                0x08000e1c      0x120 ./Core/Src/system_stm32h7xx.o
                0x08000e1c                SystemInit
 .text.ExitRun0Mode
                0x08000f3c       0x30 ./Core/Src/system_stm32h7xx.o
                0x08000f3c                ExitRun0Mode
 .text.Reset_Handler
                0x08000f6c       0x54 ./Core/Startup/startup_stm32h723zgtx.o
                0x08000f6c                Reset_Handler
 .text.Default_Handler
                0x08000fc0        0x2 ./Core/Startup/startup_stm32h723zgtx.o
                0x08000fc0                RTC_Alarm_IRQHandler
                0x08000fc0                EXTI2_IRQHandler
                0x08000fc0                TIM8_CC_IRQHandler
                0x08000fc0                UART8_IRQHandler
                0x08000fc0                SPI4_IRQHandler
                0x08000fc0                FDCAN3_IT0_IRQHandler
                0x08000fc0                TIM1_CC_IRQHandler
                0x08000fc0                BDMA_Channel6_IRQHandler
                0x08000fc0                DMA2_Stream5_IRQHandler
                0x08000fc0                DMA1_Stream5_IRQHandler
                0x08000fc0                CORDIC_IRQHandler
                0x08000fc0                BDMA_Channel1_IRQHandler
                0x08000fc0                TAMP_STAMP_IRQHandler
                0x08000fc0                EXTI3_IRQHandler
                0x08000fc0                LPTIM4_IRQHandler
                0x08000fc0                TIM8_TRG_COM_TIM14_IRQHandler
                0x08000fc0                LPTIM2_IRQHandler
                0x08000fc0                DFSDM1_FLT1_IRQHandler
                0x08000fc0                DMAMUX2_OVR_IRQHandler
                0x08000fc0                TIM8_UP_TIM13_IRQHandler
                0x08000fc0                I2C3_ER_IRQHandler
                0x08000fc0                DFSDM1_FLT2_IRQHandler
                0x08000fc0                I2C5_EV_IRQHandler
                0x08000fc0                USART10_IRQHandler
                0x08000fc0                MDMA_IRQHandler
                0x08000fc0                LPTIM3_IRQHandler
                0x08000fc0                HSEM1_IRQHandler
                0x08000fc0                EXTI0_IRQHandler
                0x08000fc0                I2C2_EV_IRQHandler
                0x08000fc0                DMA1_Stream2_IRQHandler
                0x08000fc0                FPU_IRQHandler
                0x08000fc0                OTG_HS_WKUP_IRQHandler
                0x08000fc0                FDCAN1_IT1_IRQHandler
                0x08000fc0                LTDC_ER_IRQHandler
                0x08000fc0                DMA2_Stream2_IRQHandler
                0x08000fc0                SPI1_IRQHandler
                0x08000fc0                OCTOSPI1_IRQHandler
                0x08000fc0                TIM6_DAC_IRQHandler
                0x08000fc0                DMA2_Stream3_IRQHandler
                0x08000fc0                OCTOSPI2_IRQHandler
                0x08000fc0                DFSDM1_FLT3_IRQHandler
                0x08000fc0                TIM23_IRQHandler
                0x08000fc0                USART6_IRQHandler
                0x08000fc0                TIM17_IRQHandler
                0x08000fc0                USART3_IRQHandler
                0x08000fc0                BDMA_Channel7_IRQHandler
                0x08000fc0                LPTIM5_IRQHandler
                0x08000fc0                UART5_IRQHandler
                0x08000fc0                ADC3_IRQHandler
                0x08000fc0                DMA2_Stream0_IRQHandler
                0x08000fc0                TIM4_IRQHandler
                0x08000fc0                BDMA_Channel2_IRQHandler
                0x08000fc0                I2C1_EV_IRQHandler
                0x08000fc0                DMA1_Stream6_IRQHandler
                0x08000fc0                DMAMUX1_OVR_IRQHandler
                0x08000fc0                DMA1_Stream1_IRQHandler
                0x08000fc0                TIM16_IRQHandler
                0x08000fc0                UART4_IRQHandler
                0x08000fc0                BDMA_Channel5_IRQHandler
                0x08000fc0                TIM3_IRQHandler
                0x08000fc0                RCC_IRQHandler
                0x08000fc0                UART9_IRQHandler
                0x08000fc0                TIM8_BRK_TIM12_IRQHandler
                0x08000fc0                TIM1_TRG_COM_IRQHandler
                0x08000fc0                Default_Handler
                0x08000fc0                ECC_IRQHandler
                0x08000fc0                FMAC_IRQHandler
                0x08000fc0                CEC_IRQHandler
                0x08000fc0                EXTI15_10_IRQHandler
                0x08000fc0                BDMA_Channel0_IRQHandler
                0x08000fc0                ADC_IRQHandler
                0x08000fc0                I2C5_ER_IRQHandler
                0x08000fc0                DMA1_Stream7_IRQHandler
                0x08000fc0                SPI5_IRQHandler
                0x08000fc0                TIM7_IRQHandler
                0x08000fc0                FDCAN3_IT1_IRQHandler
                0x08000fc0                SDMMC1_IRQHandler
                0x08000fc0                TIM5_IRQHandler
                0x08000fc0                DMA2_Stream7_IRQHandler
                0x08000fc0                TIM15_IRQHandler
                0x08000fc0                PVD_AVD_IRQHandler
                0x08000fc0                I2C3_EV_IRQHandler
                0x08000fc0                EXTI9_5_IRQHandler
                0x08000fc0                RTC_WKUP_IRQHandler
                0x08000fc0                LTDC_IRQHandler
                0x08000fc0                ETH_WKUP_IRQHandler
                0x08000fc0                SPDIF_RX_IRQHandler
                0x08000fc0                SPI2_IRQHandler
                0x08000fc0                OTG_HS_EP1_IN_IRQHandler
                0x08000fc0                DMA1_Stream0_IRQHandler
                0x08000fc0                TIM24_IRQHandler
                0x08000fc0                CRS_IRQHandler
                0x08000fc0                EXTI4_IRQHandler
                0x08000fc0                RNG_IRQHandler
                0x08000fc0                FDCAN2_IT1_IRQHandler
                0x08000fc0                ETH_IRQHandler
                0x08000fc0                TIM1_UP_IRQHandler
                0x08000fc0                BDMA_Channel4_IRQHandler
                0x08000fc0                OTG_HS_EP1_OUT_IRQHandler
                0x08000fc0                WWDG_IRQHandler
                0x08000fc0                SPI6_IRQHandler
                0x08000fc0                MDIOS_IRQHandler
                0x08000fc0                I2C4_EV_IRQHandler
                0x08000fc0                FDCAN2_IT0_IRQHandler
                0x08000fc0                LPUART1_IRQHandler
                0x08000fc0                FDCAN1_IT0_IRQHandler
                0x08000fc0                TIM2_IRQHandler
                0x08000fc0                OTG_HS_IRQHandler
                0x08000fc0                DMA2D_IRQHandler
                0x08000fc0                TIM1_BRK_IRQHandler
                0x08000fc0                EXTI1_IRQHandler
                0x08000fc0                SDMMC2_IRQHandler
                0x08000fc0                BDMA_Channel3_IRQHandler
                0x08000fc0                DTS_IRQHandler
                0x08000fc0                UART7_IRQHandler
                0x08000fc0                MDIOS_WKUP_IRQHandler
                0x08000fc0                USART2_IRQHandler
                0x08000fc0                DFSDM1_FLT0_IRQHandler
                0x08000fc0                SAI4_IRQHandler
                0x08000fc0                I2C2_ER_IRQHandler
                0x08000fc0                DMA2_Stream1_IRQHandler
                0x08000fc0                FLASH_IRQHandler
                0x08000fc0                DMA2_Stream4_IRQHandler
                0x08000fc0                USART1_IRQHandler
                0x08000fc0                SPI3_IRQHandler
                0x08000fc0                WAKEUP_PIN_IRQHandler
                0x08000fc0                DMA1_Stream4_IRQHandler
                0x08000fc0                I2C1_ER_IRQHandler
                0x08000fc0                FMC_IRQHandler
                0x08000fc0                FDCAN_CAL_IRQHandler
                0x08000fc0                SWPMI1_IRQHandler
                0x08000fc0                COMP1_IRQHandler
                0x08000fc0                LPTIM1_IRQHandler
                0x08000fc0                DCMI_PSSI_IRQHandler
                0x08000fc0                I2C4_ER_IRQHandler
                0x08000fc0                DMA2_Stream6_IRQHandler
                0x08000fc0                SAI1_IRQHandler
                0x08000fc0                DMA1_Stream3_IRQHandler
 *fill*         0x08000fc2        0x2 
 .text.HAL_Init
                0x08000fc4       0x78 ./Drivers/STM32H7xx_HAL_Driver/Src/stm32h7xx_hal.o
                0x08000fc4                HAL_Init
 .text.HAL_InitTick
                0x0800103c       0x6c ./Drivers/STM32H7xx_HAL_Driver/Src/stm32h7xx_hal.o
                0x0800103c                HAL_InitTick
 .text.HAL_IncTick
                0x080010a8       0x28 ./Drivers/STM32H7xx_HAL_Driver/Src/stm32h7xx_hal.o
                0x080010a8                HAL_IncTick
 .text.HAL_GetTick
                0x080010d0       0x18 ./Drivers/STM32H7xx_HAL_Driver/Src/stm32h7xx_hal.o
                0x080010d0                HAL_GetTick
 .text.HAL_Delay
                0x080010e8       0x48 ./Drivers/STM32H7xx_HAL_Driver/Src/stm32h7xx_hal.o
                0x080010e8                HAL_Delay
 .text.__NVIC_SetPriorityGrouping
                0x08001130       0x48 ./Drivers/STM32H7xx_HAL_Driver/Src/stm32h7xx_hal_cortex.o
 .text.__NVIC_GetPriorityGrouping
                0x08001178       0x1c ./Drivers/STM32H7xx_HAL_Driver/Src/stm32h7xx_hal_cortex.o
 .text.__NVIC_SetPriority
                0x08001194       0x54 ./Drivers/STM32H7xx_HAL_Driver/Src/stm32h7xx_hal_cortex.o
 .text.NVIC_EncodePriority
                0x080011e8       0x66 ./Drivers/STM32H7xx_HAL_Driver/Src/stm32h7xx_hal_cortex.o
 *fill*         0x0800124e        0x2 
 .text.SysTick_Config
                0x08001250       0x44 ./Drivers/STM32H7xx_HAL_Driver/Src/stm32h7xx_hal_cortex.o
 .text.HAL_NVIC_SetPriorityGrouping
                0x08001294       0x16 ./Drivers/STM32H7xx_HAL_Driver/Src/stm32h7xx_hal_cortex.o
                0x08001294                HAL_NVIC_SetPriorityGrouping
 .text.HAL_NVIC_SetPriority
                0x080012aa       0x34 ./Drivers/STM32H7xx_HAL_Driver/Src/stm32h7xx_hal_cortex.o
                0x080012aa                HAL_NVIC_SetPriority
 .text.HAL_SYSTICK_Config
                0x080012de       0x18 ./Drivers/STM32H7xx_HAL_Driver/Src/stm32h7xx_hal_cortex.o
                0x080012de                HAL_SYSTICK_Config
 *fill*         0x080012f6        0x2 
 .text.HAL_MPU_Disable
                0x080012f8       0x30 ./Drivers/STM32H7xx_HAL_Driver/Src/stm32h7xx_hal_cortex.o
                0x080012f8                HAL_MPU_Disable
 .text.HAL_MPU_Enable
                0x08001328       0x40 ./Drivers/STM32H7xx_HAL_Driver/Src/stm32h7xx_hal_cortex.o
                0x08001328                HAL_MPU_Enable
 .text.HAL_MPU_ConfigRegion
                0x08001368       0x80 ./Drivers/STM32H7xx_HAL_Driver/Src/stm32h7xx_hal_cortex.o
                0x08001368                HAL_MPU_ConfigRegion
 .text.HAL_GPIO_Init
                0x080013e8      0x350 ./Drivers/STM32H7xx_HAL_Driver/Src/stm32h7xx_hal_gpio.o
                0x080013e8                HAL_GPIO_Init
 .text.HAL_I2C_Init
                0x08001738      0x138 ./Drivers/STM32H7xx_HAL_Driver/Src/stm32h7xx_hal_i2c.o
                0x08001738                HAL_I2C_Init
 .text.HAL_I2C_Master_Transmit
                0x08001870      0x230 ./Drivers/STM32H7xx_HAL_Driver/Src/stm32h7xx_hal_i2c.o
                0x08001870                HAL_I2C_Master_Transmit
 .text.HAL_I2C_IsDeviceReady
                0x08001aa0      0x20c ./Drivers/STM32H7xx_HAL_Driver/Src/stm32h7xx_hal_i2c.o
                0x08001aa0                HAL_I2C_IsDeviceReady
 .text.I2C_Flush_TXDR
                0x08001cac       0x48 ./Drivers/STM32H7xx_HAL_Driver/Src/stm32h7xx_hal_i2c.o
 .text.I2C_WaitOnFlagUntilTimeout
                0x08001cf4       0xb2 ./Drivers/STM32H7xx_HAL_Driver/Src/stm32h7xx_hal_i2c.o
 .text.I2C_WaitOnTXISFlagUntilTimeout
                0x08001da6       0x8e ./Drivers/STM32H7xx_HAL_Driver/Src/stm32h7xx_hal_i2c.o
 .text.I2C_WaitOnSTOPFlagUntilTimeout
                0x08001e34       0x86 ./Drivers/STM32H7xx_HAL_Driver/Src/stm32h7xx_hal_i2c.o
 *fill*         0x08001eba        0x2 
 .text.I2C_IsErrorOccurred
                0x08001ebc      0x1c0 ./Drivers/STM32H7xx_HAL_Driver/Src/stm32h7xx_hal_i2c.o
 .text.I2C_TransferConfig
                0x0800207c       0x64 ./Drivers/STM32H7xx_HAL_Driver/Src/stm32h7xx_hal_i2c.o
 .text.HAL_I2CEx_ConfigAnalogFilter
                0x080020e0       0x96 ./Drivers/STM32H7xx_HAL_Driver/Src/stm32h7xx_hal_i2c_ex.o
                0x080020e0                HAL_I2CEx_ConfigAnalogFilter
 .text.HAL_I2CEx_ConfigDigitalFilter
                0x08002176       0x98 ./Drivers/STM32H7xx_HAL_Driver/Src/stm32h7xx_hal_i2c_ex.o
                0x08002176                HAL_I2CEx_ConfigDigitalFilter
 *fill*         0x0800220e        0x2 
 .text.HAL_PWREx_ConfigSupply
                0x08002210       0x74 ./Drivers/STM32H7xx_HAL_Driver/Src/stm32h7xx_hal_pwr_ex.o
                0x08002210                HAL_PWREx_ConfigSupply
 .text.HAL_RCC_OscConfig
                0x08002284      0x7b4 ./Drivers/STM32H7xx_HAL_Driver/Src/stm32h7xx_hal_rcc.o
                0x08002284                HAL_RCC_OscConfig
 .text.HAL_RCC_ClockConfig
                0x08002a38      0x36c ./Drivers/STM32H7xx_HAL_Driver/Src/stm32h7xx_hal_rcc.o
                0x08002a38                HAL_RCC_ClockConfig
 .text.HAL_RCC_GetSysClockFreq
                0x08002da4      0x2f4 ./Drivers/STM32H7xx_HAL_Driver/Src/stm32h7xx_hal_rcc.o
                0x08002da4                HAL_RCC_GetSysClockFreq
 .text.HAL_RCCEx_PeriphCLKConfig
                0x08003098     0x1340 ./Drivers/STM32H7xx_HAL_Driver/Src/stm32h7xx_hal_rcc_ex.o
                0x08003098                HAL_RCCEx_PeriphCLKConfig
 .text.RCCEx_PLL2_Config
                0x080043d8      0x164 ./Drivers/STM32H7xx_HAL_Driver/Src/stm32h7xx_hal_rcc_ex.o
 .text.RCCEx_PLL3_Config
                0x0800453c      0x164 ./Drivers/STM32H7xx_HAL_Driver/Src/stm32h7xx_hal_rcc_ex.o
 .text.memset   0x080046a0       0x10 C:/ST/STM32CubeIDE_1.18.1/STM32CubeIDE/plugins/com.st.stm32cube.ide.mcu.externaltools.gnu-tools-for-stm32.13.3.rel1.win32_1.0.0.202411081344/tools/bin/../lib/gcc/arm-none-eabi/13.3.1/../../../../arm-none-eabi/lib/thumb/v7e-m+dp/hard\libc_nano.a(libc_a-memset.o)
                0x080046a0                memset
 .text.__libc_init_array
                0x080046b0       0x48 C:/ST/STM32CubeIDE_1.18.1/STM32CubeIDE/plugins/com.st.stm32cube.ide.mcu.externaltools.gnu-tools-for-stm32.13.3.rel1.win32_1.0.0.202411081344/tools/bin/../lib/gcc/arm-none-eabi/13.3.1/../../../../arm-none-eabi/lib/thumb/v7e-m+dp/hard\libc_nano.a(libc_a-init.o)
                0x080046b0                __libc_init_array
 *(.glue_7)
 .glue_7        0x080046f8        0x0 linker stubs
 *(.glue_7t)
 .glue_7t       0x080046f8        0x0 linker stubs
 *(.eh_frame)
 .eh_frame      0x080046f8        0x0 C:/ST/STM32CubeIDE_1.18.1/STM32CubeIDE/plugins/com.st.stm32cube.ide.mcu.externaltools.gnu-tools-for-stm32.13.3.rel1.win32_1.0.0.202411081344/tools/bin/../lib/gcc/arm-none-eabi/13.3.1/thumb/v7e-m+dp/hard/crtbegin.o
 *(.init)
 .init          0x080046f8        0x4 C:/ST/STM32CubeIDE_1.18.1/STM32CubeIDE/plugins/com.st.stm32cube.ide.mcu.externaltools.gnu-tools-for-stm32.13.3.rel1.win32_1.0.0.202411081344/tools/bin/../lib/gcc/arm-none-eabi/13.3.1/thumb/v7e-m+dp/hard/crti.o
                0x080046f8                _init
 .init          0x080046fc        0x8 C:/ST/STM32CubeIDE_1.18.1/STM32CubeIDE/plugins/com.st.stm32cube.ide.mcu.externaltools.gnu-tools-for-stm32.13.3.rel1.win32_1.0.0.202411081344/tools/bin/../lib/gcc/arm-none-eabi/13.3.1/thumb/v7e-m+dp/hard/crtn.o
 *(.fini)
 .fini          0x08004704        0x4 C:/ST/STM32CubeIDE_1.18.1/STM32CubeIDE/plugins/com.st.stm32cube.ide.mcu.externaltools.gnu-tools-for-stm32.13.3.rel1.win32_1.0.0.202411081344/tools/bin/../lib/gcc/arm-none-eabi/13.3.1/thumb/v7e-m+dp/hard/crti.o
                0x08004704                _fini
 .fini          0x08004708        0x8 C:/ST/STM32CubeIDE_1.18.1/STM32CubeIDE/plugins/com.st.stm32cube.ide.mcu.externaltools.gnu-tools-for-stm32.13.3.rel1.win32_1.0.0.202411081344/tools/bin/../lib/gcc/arm-none-eabi/13.3.1/thumb/v7e-m+dp/hard/crtn.o
                0x08004710                        . = ALIGN (0x4)
                0x08004710                        _etext = .

.vfp11_veneer   0x08004710        0x0
 .vfp11_veneer  0x08004710        0x0 linker stubs

.v4_bx          0x08004710        0x0
 .v4_bx         0x08004710        0x0 linker stubs

.iplt           0x08004710        0x0
 .iplt          0x08004710        0x0 C:/ST/STM32CubeIDE_1.18.1/STM32CubeIDE/plugins/com.st.stm32cube.ide.mcu.externaltools.gnu-tools-for-stm32.13.3.rel1.win32_1.0.0.202411081344/tools/bin/../lib/gcc/arm-none-eabi/13.3.1/thumb/v7e-m+dp/hard/crtbegin.o

.rodata         0x08004710       0x48
                0x08004710                        . = ALIGN (0x4)
 *(.rodata)
 .rodata        0x08004710       0x37 ./Core/Src/main.o
 *(.rodata*)
 *fill*         0x08004747        0x1 
 .rodata.D1CorePrescTable
                0x08004748       0x10 ./Core/Src/system_stm32h7xx.o
                0x08004748                D1CorePrescTable
                0x08004758                        . = ALIGN (0x4)

.ARM.extab
 *(.ARM.extab* .gnu.linkonce.armextab.*)

.ARM            0x08004758        0x8
                0x08004758                        __exidx_start = .
 *(.ARM.exidx*)
 .ARM.exidx     0x08004758        0x8 C:/ST/STM32CubeIDE_1.18.1/STM32CubeIDE/plugins/com.st.stm32cube.ide.mcu.externaltools.gnu-tools-for-stm32.13.3.rel1.win32_1.0.0.202411081344/tools/bin/../lib/gcc/arm-none-eabi/13.3.1/../../../../arm-none-eabi/lib/thumb/v7e-m+dp/hard\libc_nano.a(libc_a-strlen.o)
                0x08004760                        __exidx_end = .

.preinit_array  0x08004760        0x0
                0x08004760                        PROVIDE (__preinit_array_start = .)
 *(.preinit_array*)
                0x08004760                        PROVIDE (__preinit_array_end = .)

.init_array     0x08004760        0x4
                0x08004760                        PROVIDE (__init_array_start = .)
 *(SORT_BY_NAME(.init_array.*))
 *(.init_array*)
 .init_array    0x08004760        0x4 C:/ST/STM32CubeIDE_1.18.1/STM32CubeIDE/plugins/com.st.stm32cube.ide.mcu.externaltools.gnu-tools-for-stm32.13.3.rel1.win32_1.0.0.202411081344/tools/bin/../lib/gcc/arm-none-eabi/13.3.1/thumb/v7e-m+dp/hard/crtbegin.o
                0x08004764                        PROVIDE (__init_array_end = .)

.fini_array     0x08004764        0x4
                [!provide]                        PROVIDE (__fini_array_start = .)
 *(SORT_BY_NAME(.fini_array.*))
 *(.fini_array*)
 .fini_array    0x08004764        0x4 C:/ST/STM32CubeIDE_1.18.1/STM32CubeIDE/plugins/com.st.stm32cube.ide.mcu.externaltools.gnu-tools-for-stm32.13.3.rel1.win32_1.0.0.202411081344/tools/bin/../lib/gcc/arm-none-eabi/13.3.1/thumb/v7e-m+dp/hard/crtbegin.o
                [!provide]                        PROVIDE (__fini_array_end = .)
                0x08004768                        _sidata = LOADADDR (.data)

.rel.dyn        0x08004768        0x0
 .rel.iplt      0x08004768        0x0 C:/ST/STM32CubeIDE_1.18.1/STM32CubeIDE/plugins/com.st.stm32cube.ide.mcu.externaltools.gnu-tools-for-stm32.13.3.rel1.win32_1.0.0.202411081344/tools/bin/../lib/gcc/arm-none-eabi/13.3.1/thumb/v7e-m+dp/hard/crtbegin.o

.data           0x24000000       0x10 load address 0x08004768
                0x24000000                        . = ALIGN (0x4)
                0x24000000                        _sdata = .
 *(.data)
 *(.data*)
 .data.SystemCoreClock
                0x24000000        0x4 ./Core/Src/system_stm32h7xx.o
                0x24000000                SystemCoreClock
 .data.SystemD2Clock
                0x24000004        0x4 ./Core/Src/system_stm32h7xx.o
                0x24000004                SystemD2Clock
 .data.uwTickPrio
                0x24000008        0x4 ./Drivers/STM32H7xx_HAL_Driver/Src/stm32h7xx_hal.o
                0x24000008                uwTickPrio
 .data.uwTickFreq
                0x2400000c        0x1 ./Drivers/STM32H7xx_HAL_Driver/Src/stm32h7xx_hal.o
                0x2400000c                uwTickFreq
 *(.RamFunc)
 *(.RamFunc*)
                0x24000010                        . = ALIGN (0x4)
 *fill*         0x2400000d        0x3 
                0x24000010                        _edata = .

.igot.plt       0x24000010        0x0 load address 0x08004778
 .igot.plt      0x24000010        0x0 C:/ST/STM32CubeIDE_1.18.1/STM32CubeIDE/plugins/com.st.stm32cube.ide.mcu.externaltools.gnu-tools-for-stm32.13.3.rel1.win32_1.0.0.202411081344/tools/bin/../lib/gcc/arm-none-eabi/13.3.1/thumb/v7e-m+dp/hard/crtbegin.o
                0x24000010                        . = ALIGN (0x4)

.bss            0x24000010       0x80 load address 0x08004778
                0x24000010                        _sbss = .
                0x24000010                        __bss_start__ = _sbss
 *(.bss)
 .bss           0x24000010       0x1c C:/ST/STM32CubeIDE_1.18.1/STM32CubeIDE/plugins/com.st.stm32cube.ide.mcu.externaltools.gnu-tools-for-stm32.13.3.rel1.win32_1.0.0.202411081344/tools/bin/../lib/gcc/arm-none-eabi/13.3.1/thumb/v7e-m+dp/hard/crtbegin.o
 *(.bss*)
 .bss.lcd       0x2400002c        0xc ./Core/Src/main.o
                0x2400002c                lcd
 .bss.hi2c1     0x24000038       0x54 ./Core/Src/main.o
                0x24000038                hi2c1
 .bss.uwTick    0x2400008c        0x4 ./Drivers/STM32H7xx_HAL_Driver/Src/stm32h7xx_hal.o
                0x2400008c                uwTick
 *(COMMON)
                0x24000090                        . = ALIGN (0x4)
                0x24000090                        _ebss = .
                0x24000090                        __bss_end__ = _ebss

._user_heap_stack
                0x24000090      0x600 load address 0x08004778
                0x24000090                        . = ALIGN (0x8)
                [!provide]                        PROVIDE (end = .)
                0x24000090                        PROVIDE (_end = .)
                0x24000290                        . = (. + _Min_Heap_Size)
 *fill*         0x24000090      0x200 
                0x24000690                        . = (. + _Min_Stack_Size)
 *fill*         0x24000290      0x400 
                0x24000690                        . = ALIGN (0x8)

/DISCARD/
 libc.a(*)
 libm.a(*)
 libgcc.a(*)

.ARM.attributes
                0x00000000       0x2e
 *(.ARM.attributes)
 .ARM.attributes
                0x00000000       0x20 C:/ST/STM32CubeIDE_1.18.1/STM32CubeIDE/plugins/com.st.stm32cube.ide.mcu.externaltools.gnu-tools-for-stm32.13.3.rel1.win32_1.0.0.202411081344/tools/bin/../lib/gcc/arm-none-eabi/13.3.1/thumb/v7e-m+dp/hard/crti.o
 .ARM.attributes
                0x00000020       0x32 C:/ST/STM32CubeIDE_1.18.1/STM32CubeIDE/plugins/com.st.stm32cube.ide.mcu.externaltools.gnu-tools-for-stm32.13.3.rel1.win32_1.0.0.202411081344/tools/bin/../lib/gcc/arm-none-eabi/13.3.1/thumb/v7e-m+dp/hard/crtbegin.o
 .ARM.attributes
                0x00000052       0x32 ./Core/Src/fixajLCD.o
 .ARM.attributes
                0x00000084       0x32 ./Core/Src/main.o
 .ARM.attributes
                0x000000b6       0x32 ./Core/Src/stm32h7xx_hal_msp.o
 .ARM.attributes
                0x000000e8       0x32 ./Core/Src/stm32h7xx_it.o
 .ARM.attributes
                0x0000011a       0x32 ./Core/Src/system_stm32h7xx.o
 .ARM.attributes
                0x0000014c       0x21 ./Core/Startup/startup_stm32h723zgtx.o
 .ARM.attributes
                0x0000016d       0x32 ./Drivers/STM32H7xx_HAL_Driver/Src/stm32h7xx_hal.o
 .ARM.attributes
                0x0000019f       0x32 ./Drivers/STM32H7xx_HAL_Driver/Src/stm32h7xx_hal_cortex.o
 .ARM.attributes
                0x000001d1       0x32 ./Drivers/STM32H7xx_HAL_Driver/Src/stm32h7xx_hal_gpio.o
 .ARM.attributes
                0x00000203       0x32 ./Drivers/STM32H7xx_HAL_Driver/Src/stm32h7xx_hal_i2c.o
 .ARM.attributes
                0x00000235       0x32 ./Drivers/STM32H7xx_HAL_Driver/Src/stm32h7xx_hal_i2c_ex.o
 .ARM.attributes
                0x00000267       0x32 ./Drivers/STM32H7xx_HAL_Driver/Src/stm32h7xx_hal_pwr_ex.o
 .ARM.attributes
                0x00000299       0x32 ./Drivers/STM32H7xx_HAL_Driver/Src/stm32h7xx_hal_rcc.o
 .ARM.attributes
                0x000002cb       0x32 ./Drivers/STM32H7xx_HAL_Driver/Src/stm32h7xx_hal_rcc_ex.o
 .ARM.attributes
                0x000002fd       0x32 C:/ST/STM32CubeIDE_1.18.1/STM32CubeIDE/plugins/com.st.stm32cube.ide.mcu.externaltools.gnu-tools-for-stm32.13.3.rel1.win32_1.0.0.202411081344/tools/bin/../lib/gcc/arm-none-eabi/13.3.1/../../../../arm-none-eabi/lib/thumb/v7e-m+dp/hard\libc_nano.a(libc_a-memset.o)
 .ARM.attributes
                0x0000032f       0x32 C:/ST/STM32CubeIDE_1.18.1/STM32CubeIDE/plugins/com.st.stm32cube.ide.mcu.externaltools.gnu-tools-for-stm32.13.3.rel1.win32_1.0.0.202411081344/tools/bin/../lib/gcc/arm-none-eabi/13.3.1/../../../../arm-none-eabi/lib/thumb/v7e-m+dp/hard\libc_nano.a(libc_a-init.o)
 .ARM.attributes
                0x00000361       0x17 C:/ST/STM32CubeIDE_1.18.1/STM32CubeIDE/plugins/com.st.stm32cube.ide.mcu.externaltools.gnu-tools-for-stm32.13.3.rel1.win32_1.0.0.202411081344/tools/bin/../lib/gcc/arm-none-eabi/13.3.1/../../../../arm-none-eabi/lib/thumb/v7e-m+dp/hard\libc_nano.a(libc_a-strlen.o)
 .ARM.attributes
                0x00000378       0x20 C:/ST/STM32CubeIDE_1.18.1/STM32CubeIDE/plugins/com.st.stm32cube.ide.mcu.externaltools.gnu-tools-for-stm32.13.3.rel1.win32_1.0.0.202411081344/tools/bin/../lib/gcc/arm-none-eabi/13.3.1/thumb/v7e-m+dp/hard/crtn.o
OUTPUT(youFixajLCDTest.elf elf32-littlearm)
LOAD linker stubs
LOAD C:/ST/STM32CubeIDE_1.18.1/STM32CubeIDE/plugins/com.st.stm32cube.ide.mcu.externaltools.gnu-tools-for-stm32.13.3.rel1.win32_1.0.0.202411081344/tools/bin/../lib/gcc/arm-none-eabi/13.3.1/../../../../arm-none-eabi/lib/thumb/v7e-m+dp/hard\libc.a
LOAD C:/ST/STM32CubeIDE_1.18.1/STM32CubeIDE/plugins/com.st.stm32cube.ide.mcu.externaltools.gnu-tools-for-stm32.13.3.rel1.win32_1.0.0.202411081344/tools/bin/../lib/gcc/arm-none-eabi/13.3.1/../../../../arm-none-eabi/lib/thumb/v7e-m+dp/hard\libm.a
LOAD C:/ST/STM32CubeIDE_1.18.1/STM32CubeIDE/plugins/com.st.stm32cube.ide.mcu.externaltools.gnu-tools-for-stm32.13.3.rel1.win32_1.0.0.202411081344/tools/bin/../lib/gcc/arm-none-eabi/13.3.1/thumb/v7e-m+dp/hard\libgcc.a

.debug_info     0x00000000     0xcfa4
 .debug_info    0x00000000     0x10a3 ./Core/Src/fixajLCD.o
 .debug_info    0x000010a3     0x10c4 ./Core/Src/main.o
 .debug_info    0x00002167      0xf94 ./Core/Src/stm32h7xx_hal_msp.o
 .debug_info    0x000030fb      0x128 ./Core/Src/stm32h7xx_it.o
 .debug_info    0x00003223      0xbf0 ./Core/Src/system_stm32h7xx.o
 .debug_info    0x00003e13       0x30 ./Core/Startup/startup_stm32h723zgtx.o
 .debug_info    0x00003e43     0x1698 ./Drivers/STM32H7xx_HAL_Driver/Src/stm32h7xx_hal.o
 .debug_info    0x000054db     0x10a5 ./Drivers/STM32H7xx_HAL_Driver/Src/stm32h7xx_hal_cortex.o
 .debug_info    0x00006580      0xc6b ./Drivers/STM32H7xx_HAL_Driver/Src/stm32h7xx_hal_gpio.o
 .debug_info    0x000071eb     0x22c9 ./Drivers/STM32H7xx_HAL_Driver/Src/stm32h7xx_hal_i2c.o
 .debug_info    0x000094b4      0xd95 ./Drivers/STM32H7xx_HAL_Driver/Src/stm32h7xx_hal_i2c_ex.o
 .debug_info    0x0000a249      0xdce ./Drivers/STM32H7xx_HAL_Driver/Src/stm32h7xx_hal_pwr_ex.o
 .debug_info    0x0000b017      0xd82 ./Drivers/STM32H7xx_HAL_Driver/Src/stm32h7xx_hal_rcc.o
 .debug_info    0x0000bd99     0x120b ./Drivers/STM32H7xx_HAL_Driver/Src/stm32h7xx_hal_rcc_ex.o

.debug_abbrev   0x00000000     0x1d35
 .debug_abbrev  0x00000000      0x2a5 ./Core/Src/fixajLCD.o
 .debug_abbrev  0x000002a5      0x2b9 ./Core/Src/main.o
 .debug_abbrev  0x0000055e      0x210 ./Core/Src/stm32h7xx_hal_msp.o
 .debug_abbrev  0x0000076e       0x73 ./Core/Src/stm32h7xx_it.o
 .debug_abbrev  0x000007e1      0x153 ./Core/Src/system_stm32h7xx.o
 .debug_abbrev  0x00000934       0x24 ./Core/Startup/startup_stm32h723zgtx.o
 .debug_abbrev  0x00000958      0x29e ./Drivers/STM32H7xx_HAL_Driver/Src/stm32h7xx_hal.o
 .debug_abbrev  0x00000bf6      0x339 ./Drivers/STM32H7xx_HAL_Driver/Src/stm32h7xx_hal_cortex.o
 .debug_abbrev  0x00000f2f      0x205 ./Drivers/STM32H7xx_HAL_Driver/Src/stm32h7xx_hal_gpio.o
 .debug_abbrev  0x00001134      0x25d ./Drivers/STM32H7xx_HAL_Driver/Src/stm32h7xx_hal_i2c.o
 .debug_abbrev  0x00001391      0x1f5 ./Drivers/STM32H7xx_HAL_Driver/Src/stm32h7xx_hal_i2c_ex.o
 .debug_abbrev  0x00001586      0x295 ./Drivers/STM32H7xx_HAL_Driver/Src/stm32h7xx_hal_pwr_ex.o
 .debug_abbrev  0x0000181b      0x2b1 ./Drivers/STM32H7xx_HAL_Driver/Src/stm32h7xx_hal_rcc.o
 .debug_abbrev  0x00001acc      0x269 ./Drivers/STM32H7xx_HAL_Driver/Src/stm32h7xx_hal_rcc_ex.o

.debug_aranges  0x00000000      0xb30
 .debug_aranges
                0x00000000      0x100 ./Core/Src/fixajLCD.o
 .debug_aranges
                0x00000100       0x48 ./Core/Src/main.o
 .debug_aranges
                0x00000148       0x30 ./Core/Src/stm32h7xx_hal_msp.o
 .debug_aranges
                0x00000178       0x60 ./Core/Src/stm32h7xx_it.o
 .debug_aranges
                0x000001d8       0x30 ./Core/Src/system_stm32h7xx.o
 .debug_aranges
                0x00000208       0x28 ./Core/Startup/startup_stm32h723zgtx.o
 .debug_aranges
                0x00000230      0x1c8 ./Drivers/STM32H7xx_HAL_Driver/Src/stm32h7xx_hal.o
 .debug_aranges
                0x000003f8      0x130 ./Drivers/STM32H7xx_HAL_Driver/Src/stm32h7xx_hal_cortex.o
 .debug_aranges
                0x00000528       0x58 ./Drivers/STM32H7xx_HAL_Driver/Src/stm32h7xx_hal_gpio.o
 .debug_aranges
                0x00000580      0x2a0 ./Drivers/STM32H7xx_HAL_Driver/Src/stm32h7xx_hal_i2c.o
 .debug_aranges
                0x00000820       0x48 ./Drivers/STM32H7xx_HAL_Driver/Src/stm32h7xx_hal_i2c_ex.o
 .debug_aranges
                0x00000868      0x148 ./Drivers/STM32H7xx_HAL_Driver/Src/stm32h7xx_hal_pwr_ex.o
 .debug_aranges
                0x000009b0       0x88 ./Drivers/STM32H7xx_HAL_Driver/Src/stm32h7xx_hal_rcc.o
 .debug_aranges
                0x00000a38       0xf8 ./Drivers/STM32H7xx_HAL_Driver/Src/stm32h7xx_hal_rcc_ex.o

.debug_rnglists
                0x00000000      0x885
 .debug_rnglists
                0x00000000       0xc4 ./Core/Src/fixajLCD.o
 .debug_rnglists
                0x000000c4       0x34 ./Core/Src/main.o
 .debug_rnglists
                0x000000f8       0x20 ./Core/Src/stm32h7xx_hal_msp.o
 .debug_rnglists
                0x00000118       0x43 ./Core/Src/stm32h7xx_it.o
 .debug_rnglists
                0x0000015b       0x21 ./Core/Src/system_stm32h7xx.o
 .debug_rnglists
                0x0000017c       0x19 ./Core/Startup/startup_stm32h723zgtx.o
 .debug_rnglists
                0x00000195      0x155 ./Drivers/STM32H7xx_HAL_Driver/Src/stm32h7xx_hal.o
 .debug_rnglists
                0x000002ea       0xe0 ./Drivers/STM32H7xx_HAL_Driver/Src/stm32h7xx_hal_cortex.o
 .debug_rnglists
                0x000003ca       0x3f ./Drivers/STM32H7xx_HAL_Driver/Src/stm32h7xx_hal_gpio.o
 .debug_rnglists
                0x00000409      0x22a ./Drivers/STM32H7xx_HAL_Driver/Src/stm32h7xx_hal_i2c.o
 .debug_rnglists
                0x00000633       0x35 ./Drivers/STM32H7xx_HAL_Driver/Src/stm32h7xx_hal_i2c_ex.o
 .debug_rnglists
                0x00000668       0xf5 ./Drivers/STM32H7xx_HAL_Driver/Src/stm32h7xx_hal_pwr_ex.o
 .debug_rnglists
                0x0000075d       0x68 ./Drivers/STM32H7xx_HAL_Driver/Src/stm32h7xx_hal_rcc.o
 .debug_rnglists
                0x000007c5       0xc0 ./Drivers/STM32H7xx_HAL_Driver/Src/stm32h7xx_hal_rcc_ex.o

.debug_macro    0x00000000    0x312ba
 .debug_macro   0x00000000      0x2c7 ./Core/Src/fixajLCD.o
 .debug_macro   0x000002c7      0xaf6 ./Core/Src/fixajLCD.o
 .debug_macro   0x00000dbd      0x22c ./Core/Src/fixajLCD.o
 .debug_macro   0x00000fe9       0x2e ./Core/Src/fixajLCD.o
 .debug_macro   0x00001017       0x3b ./Core/Src/fixajLCD.o
 .debug_macro   0x00001052       0x22 ./Core/Src/fixajLCD.o
 .debug_macro   0x00001074       0x8e ./Core/Src/fixajLCD.o
 .debug_macro   0x00001102       0x51 ./Core/Src/fixajLCD.o
 .debug_macro   0x00001153      0x103 ./Core/Src/fixajLCD.o
 .debug_macro   0x00001256       0x6a ./Core/Src/fixajLCD.o
 .debug_macro   0x000012c0      0x1df ./Core/Src/fixajLCD.o
 .debug_macro   0x0000149f       0x1c ./Core/Src/fixajLCD.o
 .debug_macro   0x000014bb       0x22 ./Core/Src/fixajLCD.o
 .debug_macro   0x000014dd       0xfb ./Core/Src/fixajLCD.o
 .debug_macro   0x000015d8     0x1305 ./Core/Src/fixajLCD.o
 .debug_macro   0x000028dd      0x11f ./Core/Src/fixajLCD.o
 .debug_macro   0x000029fc       0x27 ./Core/Src/fixajLCD.o
 .debug_macro   0x00002a23    0x216c1 ./Core/Src/fixajLCD.o
 .debug_macro   0x000240e4       0x6d ./Core/Src/fixajLCD.o
 .debug_macro   0x00024151     0x3d64 ./Core/Src/fixajLCD.o
 .debug_macro   0x00027eb5      0x190 ./Core/Src/fixajLCD.o
 .debug_macro   0x00028045       0x61 ./Core/Src/fixajLCD.o
 .debug_macro   0x000280a6       0x29 ./Core/Src/fixajLCD.o
 .debug_macro   0x000280cf       0x43 ./Core/Src/fixajLCD.o
 .debug_macro   0x00028112       0x34 ./Core/Src/fixajLCD.o
 .debug_macro   0x00028146      0x370 ./Core/Src/fixajLCD.o
 .debug_macro   0x000284b6       0x16 ./Core/Src/fixajLCD.o
 .debug_macro   0x000284cc       0x4a ./Core/Src/fixajLCD.o
 .debug_macro   0x00028516       0x34 ./Core/Src/fixajLCD.o
 .debug_macro   0x0002854a       0x10 ./Core/Src/fixajLCD.o
 .debug_macro   0x0002855a       0x58 ./Core/Src/fixajLCD.o
 .debug_macro   0x000285b2       0x8e ./Core/Src/fixajLCD.o
 .debug_macro   0x00028640       0x1c ./Core/Src/fixajLCD.o
 .debug_macro   0x0002865c      0x185 ./Core/Src/fixajLCD.o
 .debug_macro   0x000287e1      0x19b ./Core/Src/fixajLCD.o
 .debug_macro   0x0002897c       0x5d ./Core/Src/fixajLCD.o
 .debug_macro   0x000289d9     0x2462 ./Core/Src/fixajLCD.o
 .debug_macro   0x0002ae3b     0x1079 ./Core/Src/fixajLCD.o
 .debug_macro   0x0002beb4      0x154 ./Core/Src/fixajLCD.o
 .debug_macro   0x0002c008      0x114 ./Core/Src/fixajLCD.o
 .debug_macro   0x0002c11c      0x3fc ./Core/Src/fixajLCD.o
 .debug_macro   0x0002c518       0xac ./Core/Src/fixajLCD.o
 .debug_macro   0x0002c5c4      0x788 ./Core/Src/fixajLCD.o
 .debug_macro   0x0002cd4c      0x228 ./Core/Src/fixajLCD.o
 .debug_macro   0x0002cf74       0x66 ./Core/Src/fixajLCD.o
 .debug_macro   0x0002cfda      0x3a6 ./Core/Src/fixajLCD.o
 .debug_macro   0x0002d380      0x3f9 ./Core/Src/fixajLCD.o
 .debug_macro   0x0002d779      0x275 ./Core/Src/fixajLCD.o
 .debug_macro   0x0002d9ee      0x3ca ./Core/Src/fixajLCD.o
 .debug_macro   0x0002ddb8      0x45c ./Core/Src/fixajLCD.o
 .debug_macro   0x0002e214       0x3c ./Core/Src/fixajLCD.o
 .debug_macro   0x0002e250       0x4a ./Core/Src/fixajLCD.o
 .debug_macro   0x0002e29a      0x22c ./Core/Src/fixajLCD.o
 .debug_macro   0x0002e4c6       0x67 ./Core/Src/fixajLCD.o
 .debug_macro   0x0002e52d       0xa5 ./Core/Src/fixajLCD.o
 .debug_macro   0x0002e5d2      0x1c4 ./Core/Src/fixajLCD.o
 .debug_macro   0x0002e796      0x22a ./Core/Src/fixajLCD.o
 .debug_macro   0x0002e9c0       0x35 ./Core/Src/fixajLCD.o
 .debug_macro   0x0002e9f5      0x5f2 ./Core/Src/fixajLCD.o
 .debug_macro   0x0002efe7       0x58 ./Core/Src/fixajLCD.o
 .debug_macro   0x0002f03f       0x1c ./Core/Src/fixajLCD.o
 .debug_macro   0x0002f05b       0x3c ./Core/Src/fixajLCD.o
 .debug_macro   0x0002f097       0x1c ./Core/Src/fixajLCD.o
 .debug_macro   0x0002f0b3       0x16 ./Core/Src/fixajLCD.o
 .debug_macro   0x0002f0c9      0x146 ./Core/Src/fixajLCD.o
 .debug_macro   0x0002f20f       0xca ./Core/Src/fixajLCD.o
 .debug_macro   0x0002f2d9      0x2cb ./Core/Src/main.o
 .debug_macro   0x0002f5a4      0x28a ./Core/Src/stm32h7xx_hal_msp.o
 .debug_macro   0x0002f82e      0x294 ./Core/Src/stm32h7xx_it.o
 .debug_macro   0x0002fac2      0x280 ./Core/Src/system_stm32h7xx.o
 .debug_macro   0x0002fd42      0x2aa ./Drivers/STM32H7xx_HAL_Driver/Src/stm32h7xx_hal.o
 .debug_macro   0x0002ffec      0x280 ./Drivers/STM32H7xx_HAL_Driver/Src/stm32h7xx_hal_cortex.o
 .debug_macro   0x0003026c      0x287 ./Drivers/STM32H7xx_HAL_Driver/Src/stm32h7xx_hal_gpio.o
 .debug_macro   0x000304f3      0x34c ./Drivers/STM32H7xx_HAL_Driver/Src/stm32h7xx_hal_i2c.o
 .debug_macro   0x0003083f      0x280 ./Drivers/STM32H7xx_HAL_Driver/Src/stm32h7xx_hal_i2c_ex.o
 .debug_macro   0x00030abf      0x2b9 ./Drivers/STM32H7xx_HAL_Driver/Src/stm32h7xx_hal_pwr_ex.o
 .debug_macro   0x00030d78      0x2a4 ./Drivers/STM32H7xx_HAL_Driver/Src/stm32h7xx_hal_rcc.o
 .debug_macro   0x0003101c      0x29e ./Drivers/STM32H7xx_HAL_Driver/Src/stm32h7xx_hal_rcc_ex.o

.debug_line     0x00000000     0xe865
 .debug_line    0x00000000     0x1195 ./Core/Src/fixajLCD.o
 .debug_line    0x00001195      0x9e9 ./Core/Src/main.o
 .debug_line    0x00001b7e      0x8d9 ./Core/Src/stm32h7xx_hal_msp.o
 .debug_line    0x00002457      0x925 ./Core/Src/stm32h7xx_it.o
 .debug_line    0x00002d7c      0xa6a ./Core/Src/system_stm32h7xx.o
 .debug_line    0x000037e6       0x7b ./Core/Startup/startup_stm32h723zgtx.o
 .debug_line    0x00003861      0xedf ./Drivers/STM32H7xx_HAL_Driver/Src/stm32h7xx_hal.o
 .debug_line    0x00004740      0xe38 ./Drivers/STM32H7xx_HAL_Driver/Src/stm32h7xx_hal_cortex.o
 .debug_line    0x00005578      0xcc3 ./Drivers/STM32H7xx_HAL_Driver/Src/stm32h7xx_hal_gpio.o
 .debug_line    0x0000623b     0x3bc5 ./Drivers/STM32H7xx_HAL_Driver/Src/stm32h7xx_hal_i2c.o
 .debug_line    0x00009e00      0x9dc ./Drivers/STM32H7xx_HAL_Driver/Src/stm32h7xx_hal_i2c_ex.o
 .debug_line    0x0000a7dc      0xf1d ./Drivers/STM32H7xx_HAL_Driver/Src/stm32h7xx_hal_pwr_ex.o
 .debug_line    0x0000b6f9     0x145c ./Drivers/STM32H7xx_HAL_Driver/Src/stm32h7xx_hal_rcc.o
 .debug_line    0x0000cb55     0x1d10 ./Drivers/STM32H7xx_HAL_Driver/Src/stm32h7xx_hal_rcc_ex.o

.debug_str      0x00000000   0x13a9c9
 .debug_str     0x00000000   0x13a9c9 ./Core/Src/fixajLCD.o
                             0x136f93 (size before relaxing)
 .debug_str     0x0013a9c9   0x13728b ./Core/Src/main.o
 .debug_str     0x0013a9c9   0x136884 ./Core/Src/stm32h7xx_hal_msp.o
 .debug_str     0x0013a9c9   0x135ce9 ./Core/Src/stm32h7xx_it.o
 .debug_str     0x0013a9c9   0x13616a ./Core/Src/system_stm32h7xx.o
 .debug_str     0x0013a9c9       0x63 ./Core/Startup/startup_stm32h723zgtx.o
 .debug_str     0x0013a9c9   0x1371b5 ./Drivers/STM32H7xx_HAL_Driver/Src/stm32h7xx_hal.o
 .debug_str     0x0013a9c9   0x136acf ./Drivers/STM32H7xx_HAL_Driver/Src/stm32h7xx_hal_cortex.o
 .debug_str     0x0013a9c9   0x136176 ./Drivers/STM32H7xx_HAL_Driver/Src/stm32h7xx_hal_gpio.o
 .debug_str     0x0013a9c9   0x137215 ./Drivers/STM32H7xx_HAL_Driver/Src/stm32h7xx_hal_i2c.o
 .debug_str     0x0013a9c9   0x1365bb ./Drivers/STM32H7xx_HAL_Driver/Src/stm32h7xx_hal_i2c_ex.o
 .debug_str     0x0013a9c9   0x13657e ./Drivers/STM32H7xx_HAL_Driver/Src/stm32h7xx_hal_pwr_ex.o
 .debug_str     0x0013a9c9   0x1364f9 ./Drivers/STM32H7xx_HAL_Driver/Src/stm32h7xx_hal_rcc.o
 .debug_str     0x0013a9c9   0x136a11 ./Drivers/STM32H7xx_HAL_Driver/Src/stm32h7xx_hal_rcc_ex.o

.comment        0x00000000       0x43
 .comment       0x00000000       0x43 ./Core/Src/fixajLCD.o
                                 0x44 (size before relaxing)
 .comment       0x00000043       0x44 ./Core/Src/main.o
 .comment       0x00000043       0x44 ./Core/Src/stm32h7xx_hal_msp.o
 .comment       0x00000043       0x44 ./Core/Src/stm32h7xx_it.o
 .comment       0x00000043       0x44 ./Core/Src/system_stm32h7xx.o
 .comment       0x00000043       0x44 ./Drivers/STM32H7xx_HAL_Driver/Src/stm32h7xx_hal.o
 .comment       0x00000043       0x44 ./Drivers/STM32H7xx_HAL_Driver/Src/stm32h7xx_hal_cortex.o
 .comment       0x00000043       0x44 ./Drivers/STM32H7xx_HAL_Driver/Src/stm32h7xx_hal_gpio.o
 .comment       0x00000043       0x44 ./Drivers/STM32H7xx_HAL_Driver/Src/stm32h7xx_hal_i2c.o
 .comment       0x00000043       0x44 ./Drivers/STM32H7xx_HAL_Driver/Src/stm32h7xx_hal_i2c_ex.o
 .comment       0x00000043       0x44 ./Drivers/STM32H7xx_HAL_Driver/Src/stm32h7xx_hal_pwr_ex.o
 .comment       0x00000043       0x44 ./Drivers/STM32H7xx_HAL_Driver/Src/stm32h7xx_hal_rcc.o
 .comment       0x00000043       0x44 ./Drivers/STM32H7xx_HAL_Driver/Src/stm32h7xx_hal_rcc_ex.o

.debug_frame    0x00000000     0x2dc4
 .debug_frame   0x00000000      0x460 ./Core/Src/fixajLCD.o
 .debug_frame   0x00000460       0xd4 ./Core/Src/main.o
 .debug_frame   0x00000534       0x84 ./Core/Src/stm32h7xx_hal_msp.o
 .debug_frame   0x000005b8      0x104 ./Core/Src/stm32h7xx_it.o
 .debug_frame   0x000006bc       0x78 ./Core/Src/system_stm32h7xx.o
 .debug_frame   0x00000734      0x760 ./Drivers/STM32H7xx_HAL_Driver/Src/stm32h7xx_hal.o
 .debug_frame   0x00000e94      0x508 ./Drivers/STM32H7xx_HAL_Driver/Src/stm32h7xx_hal_cortex.o
 .debug_frame   0x0000139c      0x14c ./Drivers/STM32H7xx_HAL_Driver/Src/stm32h7xx_hal_gpio.o
 .debug_frame   0x000014e8      0xc40 ./Drivers/STM32H7xx_HAL_Driver/Src/stm32h7xx_hal_i2c.o
 .debug_frame   0x00002128      0x100 ./Drivers/STM32H7xx_HAL_Driver/Src/stm32h7xx_hal_i2c_ex.o
 .debug_frame   0x00002228      0x540 ./Drivers/STM32H7xx_HAL_Driver/Src/stm32h7xx_hal_pwr_ex.o
 .debug_frame   0x00002768      0x1fc ./Drivers/STM32H7xx_HAL_Driver/Src/stm32h7xx_hal_rcc.o
 .debug_frame   0x00002964      0x414 ./Drivers/STM32H7xx_HAL_Driver/Src/stm32h7xx_hal_rcc_ex.o
 .debug_frame   0x00002d78       0x20 C:/ST/STM32CubeIDE_1.18.1/STM32CubeIDE/plugins/com.st.stm32cube.ide.mcu.externaltools.gnu-tools-for-stm32.13.3.rel1.win32_1.0.0.202411081344/tools/bin/../lib/gcc/arm-none-eabi/13.3.1/../../../../arm-none-eabi/lib/thumb/v7e-m+dp/hard\libc_nano.a(libc_a-memset.o)
 .debug_frame   0x00002d98       0x2c C:/ST/STM32CubeIDE_1.18.1/STM32CubeIDE/plugins/com.st.stm32cube.ide.mcu.externaltools.gnu-tools-for-stm32.13.3.rel1.win32_1.0.0.202411081344/tools/bin/../lib/gcc/arm-none-eabi/13.3.1/../../../../arm-none-eabi/lib/thumb/v7e-m+dp/hard\libc_nano.a(libc_a-init.o)

.debug_line_str
                0x00000000       0x47
 .debug_line_str
                0x00000000       0x47 ./Core/Startup/startup_stm32h723zgtx.o
