Archive member included to satisfy reference by file (symbol)

C:/ST/STM32CubeIDE_1.18.1/STM32CubeIDE/plugins/com.st.stm32cube.ide.mcu.externaltools.gnu-tools-for-stm32.13.3.rel1.win32_1.0.0.202411081344/tools/bin/../lib/gcc/arm-none-eabi/13.3.1/../../../../arm-none-eabi/lib/thumb/v7-m/nofp\libc_nano.a(libc_a-exit.o)
                              C:/ST/STM32CubeIDE_1.18.1/STM32CubeIDE/plugins/com.st.stm32cube.ide.mcu.externaltools.gnu-tools-for-stm32.13.3.rel1.win32_1.0.0.202411081344/tools/bin/../lib/gcc/arm-none-eabi/13.3.1/../../../../arm-none-eabi/lib/thumb/v7-m/nofp/crt0.o (exit)
C:/ST/STM32CubeIDE_1.18.1/STM32CubeIDE/plugins/com.st.stm32cube.ide.mcu.externaltools.gnu-tools-for-stm32.13.3.rel1.win32_1.0.0.202411081344/tools/bin/../lib/gcc/arm-none-eabi/13.3.1/../../../../arm-none-eabi/lib/thumb/v7-m/nofp\libc_nano.a(libc_a-malloc.o)
                              ./Middlewares/ST/STM32_USB_Device_Library/Class/CDC/Src/usbd_cdc.o (malloc)
C:/ST/STM32CubeIDE_1.18.1/STM32CubeIDE/plugins/com.st.stm32cube.ide.mcu.externaltools.gnu-tools-for-stm32.13.3.rel1.win32_1.0.0.202411081344/tools/bin/../lib/gcc/arm-none-eabi/13.3.1/../../../../arm-none-eabi/lib/thumb/v7-m/nofp\libc_nano.a(libc_a-mallocr.o)
                              C:/ST/STM32CubeIDE_1.18.1/STM32CubeIDE/plugins/com.st.stm32cube.ide.mcu.externaltools.gnu-tools-for-stm32.13.3.rel1.win32_1.0.0.202411081344/tools/bin/../lib/gcc/arm-none-eabi/13.3.1/../../../../arm-none-eabi/lib/thumb/v7-m/nofp\libc_nano.a(libc_a-malloc.o) (_malloc_r)
C:/ST/STM32CubeIDE_1.18.1/STM32CubeIDE/plugins/com.st.stm32cube.ide.mcu.externaltools.gnu-tools-for-stm32.13.3.rel1.win32_1.0.0.202411081344/tools/bin/../lib/gcc/arm-none-eabi/13.3.1/../../../../arm-none-eabi/lib/thumb/v7-m/nofp\libc_nano.a(libc_a-mlock.o)
                              C:/ST/STM32CubeIDE_1.18.1/STM32CubeIDE/plugins/com.st.stm32cube.ide.mcu.externaltools.gnu-tools-for-stm32.13.3.rel1.win32_1.0.0.202411081344/tools/bin/../lib/gcc/arm-none-eabi/13.3.1/../../../../arm-none-eabi/lib/thumb/v7-m/nofp\libc_nano.a(libc_a-mallocr.o) (__malloc_lock)
C:/ST/STM32CubeIDE_1.18.1/STM32CubeIDE/plugins/com.st.stm32cube.ide.mcu.externaltools.gnu-tools-for-stm32.13.3.rel1.win32_1.0.0.202411081344/tools/bin/../lib/gcc/arm-none-eabi/13.3.1/../../../../arm-none-eabi/lib/thumb/v7-m/nofp\libc_nano.a(libc_a-findfp.o)
                              C:/ST/STM32CubeIDE_1.18.1/STM32CubeIDE/plugins/com.st.stm32cube.ide.mcu.externaltools.gnu-tools-for-stm32.13.3.rel1.win32_1.0.0.202411081344/tools/bin/../lib/gcc/arm-none-eabi/13.3.1/../../../../arm-none-eabi/lib/thumb/v7-m/nofp\libc_nano.a(libc_a-exit.o) (__stdio_exit_handler)
C:/ST/STM32CubeIDE_1.18.1/STM32CubeIDE/plugins/com.st.stm32cube.ide.mcu.externaltools.gnu-tools-for-stm32.13.3.rel1.win32_1.0.0.202411081344/tools/bin/../lib/gcc/arm-none-eabi/13.3.1/../../../../arm-none-eabi/lib/thumb/v7-m/nofp\libc_nano.a(libc_a-fwalk.o)
                              C:/ST/STM32CubeIDE_1.18.1/STM32CubeIDE/plugins/com.st.stm32cube.ide.mcu.externaltools.gnu-tools-for-stm32.13.3.rel1.win32_1.0.0.202411081344/tools/bin/../lib/gcc/arm-none-eabi/13.3.1/../../../../arm-none-eabi/lib/thumb/v7-m/nofp\libc_nano.a(libc_a-findfp.o) (_fwalk_sglue)
C:/ST/STM32CubeIDE_1.18.1/STM32CubeIDE/plugins/com.st.stm32cube.ide.mcu.externaltools.gnu-tools-for-stm32.13.3.rel1.win32_1.0.0.202411081344/tools/bin/../lib/gcc/arm-none-eabi/13.3.1/../../../../arm-none-eabi/lib/thumb/v7-m/nofp\libc_nano.a(libc_a-printf.o)
                              ./Core/Src/main.o (printf)
C:/ST/STM32CubeIDE_1.18.1/STM32CubeIDE/plugins/com.st.stm32cube.ide.mcu.externaltools.gnu-tools-for-stm32.13.3.rel1.win32_1.0.0.202411081344/tools/bin/../lib/gcc/arm-none-eabi/13.3.1/../../../../arm-none-eabi/lib/thumb/v7-m/nofp\libc_nano.a(libc_a-puts.o)
                              ./Core/Src/main.o (puts)
C:/ST/STM32CubeIDE_1.18.1/STM32CubeIDE/plugins/com.st.stm32cube.ide.mcu.externaltools.gnu-tools-for-stm32.13.3.rel1.win32_1.0.0.202411081344/tools/bin/../lib/gcc/arm-none-eabi/13.3.1/../../../../arm-none-eabi/lib/thumb/v7-m/nofp\libc_nano.a(libc_a-stdio.o)
                              C:/ST/STM32CubeIDE_1.18.1/STM32CubeIDE/plugins/com.st.stm32cube.ide.mcu.externaltools.gnu-tools-for-stm32.13.3.rel1.win32_1.0.0.202411081344/tools/bin/../lib/gcc/arm-none-eabi/13.3.1/../../../../arm-none-eabi/lib/thumb/v7-m/nofp\libc_nano.a(libc_a-findfp.o) (__sread)
C:/ST/STM32CubeIDE_1.18.1/STM32CubeIDE/plugins/com.st.stm32cube.ide.mcu.externaltools.gnu-tools-for-stm32.13.3.rel1.win32_1.0.0.202411081344/tools/bin/../lib/gcc/arm-none-eabi/13.3.1/../../../../arm-none-eabi/lib/thumb/v7-m/nofp\libc_nano.a(libc_a-wbuf.o)
                              C:/ST/STM32CubeIDE_1.18.1/STM32CubeIDE/plugins/com.st.stm32cube.ide.mcu.externaltools.gnu-tools-for-stm32.13.3.rel1.win32_1.0.0.202411081344/tools/bin/../lib/gcc/arm-none-eabi/13.3.1/../../../../arm-none-eabi/lib/thumb/v7-m/nofp\libc_nano.a(libc_a-puts.o) (__swbuf_r)
[...]
Memory Configuration

Name             Origin             Length             Attributes
RAM              0x20000000         0x00020000         xrw
FLASH            0x08000000         0x00100000         xr
*default*        0x00000000         0xffffffff

Linker script and memory map

LOAD C:/ST/STM32CubeIDE_1.18.1/STM32CubeIDE/plugins/com.st.stm32cube.ide.mcu.externaltools.gnu-tools-for-stm32.13.3.rel1.win32_1.0.0.202411081344/tools/bin/../lib/gcc/arm-none-eabi/13.3.1/thumb/v7-m/nofp/crti.o
LOAD C:/ST/STM32CubeIDE_1.18.1/STM32CubeIDE/plugins/com.st.stm32cube.ide.mcu.externaltools.gnu-tools-for-stm32.13.3.rel1.win32_1.0.0.202411081344/tools/bin/../lib/gcc/arm-none-eabi/13.3.1/thumb/v7-m/nofp/crtbegin.o
LOAD C:/ST/STM32CubeIDE_1.18.1/STM32CubeIDE/plugins/com.st.stm32cube.ide.mcu.externaltools.gnu-tools-for-stm32.13.3.rel1.win32_1.0.0.202411081344/tools/bin/../lib/gcc/arm-none-eabi/13.3.1/../../../../arm-none-eabi/lib/thumb/v7-m/nofp/crt0.o
LOAD ./Core/Src/main.o
LOAD ./Core/Src/stm32f2xx_hal_msp.o
LOAD ./Core/Src/stm32f2xx_it.o
LOAD ./Core/Src/syscalls.o
LOAD ./Core/Src/sysmem.o
LOAD ./Core/Src/system_stm32f2xx.o
LOAD ./Core/Startup/startup_stm32f207zgtx.o
LOAD ./Drivers/STM32F2xx_HAL_Driver/Src/stm32f2xx_hal.o
LOAD ./Drivers/STM32F2xx_HAL_Driver/Src/stm32f2xx_hal_cortex.o
LOAD ./Drivers/STM32F2xx_HAL_Driver/Src/stm32f2xx_hal_dma.o
LOAD ./Drivers/STM32F2xx_HAL_Driver/Src/stm32f2xx_hal_dma_ex.o
LOAD ./Drivers/STM32F2xx_HAL_Driver/Src/stm32f2xx_hal_exti.o
LOAD ./Drivers/STM32F2xx_HAL_Driver/Src/stm32f2xx_hal_flash.o
LOAD ./Drivers/STM32F2xx_HAL_Driver/Src/stm32f2xx_hal_flash_ex.o
LOAD ./Drivers/STM32F2xx_HAL_Driver/Src/stm32f2xx_hal_gpio.o
LOAD ./Drivers/STM32F2xx_HAL_Driver/Src/stm32f2xx_hal_pcd.o
LOAD ./Drivers/STM32F2xx_HAL_Driver/Src/stm32f2xx_hal_pcd_ex.o
LOAD ./Drivers/STM32F2xx_HAL_Driver/Src/stm32f2xx_hal_pwr.o
LOAD ./Drivers/STM32F2xx_HAL_Driver/Src/stm32f2xx_hal_pwr_ex.o
LOAD ./Drivers/STM32F2xx_HAL_Driver/Src/stm32f2xx_hal_rcc.o
LOAD ./Drivers/STM32F2xx_HAL_Driver/Src/stm32f2xx_hal_rcc_ex.o
LOAD ./Drivers/STM32F2xx_HAL_Driver/Src/stm32f2xx_ll_usb.o
LOAD ./Middlewares/ST/STM32_USB_Device_Library/Class/CDC/Src/usbd_cdc.o
LOAD ./Middlewares/ST/STM32_USB_Device_Library/Core/Src/usbd_core.o
LOAD ./Middlewares/ST/STM32_USB_Device_Library/Core/Src/usbd_ctlreq.o
LOAD ./Middlewares/ST/STM32_USB_Device_Library/Core/Src/usbd_ioreq.o
LOAD ./USB_DEVICE/App/usb_device.o
LOAD ./USB_DEVICE/App/usbd_cdc_if.o
LOAD ./USB_DEVICE/App/usbd_desc.o
LOAD ./USB_DEVICE/Target/usbd_conf.o
START GROUP
LOAD C:/ST/STM32CubeIDE_1.18.1/STM32CubeIDE/plugins/com.st.stm32cube.ide.mcu.externaltools.gnu-tools-for-stm32.13.3.rel1.win32_1.0.0.202411081344/tools/bin/../lib/gcc/arm-none-eabi/13.3.1/../../../../arm-none-eabi/lib/thumb/v7-m/nofp\libc_nano.a
LOAD C:/ST/STM32CubeIDE_1.18.1/STM32CubeIDE/plugins/com.st.stm32cube.ide.mcu.externaltools.gnu-tools-for-stm32.13.3.rel1.win32_1.0.0.202411081344/tools/bin/../lib/gcc/arm-none-eabi/13.3.1/../../../../arm-none-eabi/lib/thumb/v7-m/nofp\libm.a
END GROUP
START GROUP
LOAD C:/ST/STM32CubeIDE_1.18.1/STM32CubeIDE/plugins/com.st.stm32cube.ide.mcu.externaltools.gnu-tools-for-stm32.13.3.rel1.win32_1.0.0.202411081344/tools/bin/../lib/gcc/arm-none-eabi/13.3.1/thumb/v7-m/nofp\libgcc.a
LOAD C:/ST/STM32CubeIDE_1.18.1/STM32CubeIDE/plugins/com.st.stm32cube.ide.mcu.externaltools.gnu-tools-for-stm32.13.3.rel1.win32_1.0.0.202411081344/tools/bin/../lib/gcc/arm-none-eabi/13.3.1/../../../../arm-none-eabi/lib/thumb/v7-m/nofp\libc_nano.a
END GROUP
START GROUP
LOAD C:/ST/STM32CubeIDE_1.18.1/STM32CubeIDE/plugins/com.st.stm32cube.ide.mcu.externaltools.gnu-tools-for-stm32.13.3.rel1.win32_1.0.0.202411081344/tools/bin/../lib/gcc/arm-none-eabi/13.3.1/thumb/v7-m/nofp\libgcc.a
LOAD C:/ST/STM32CubeIDE_1.18.1/STM32CubeIDE/plugins/com.st.stm32cube.ide.mcu.externaltools.gnu-tools-for-stm32.13.3.rel1.win32_1.0.0.202411081344/tools/bin/../lib/gcc/arm-none-eabi/13.3.1/../../../../arm-none-eabi/lib/thumb/v7-m/nofp\libc_nano.a
LOAD C:/ST/STM32CubeIDE_1.18.1/STM32CubeIDE/plugins/com.st.stm32cube.ide.mcu.externaltools.gnu-tools-for-stm32.13.3.rel1.win32_1.0.0.202411081344/tools/bin/../lib/gcc/arm-none-eabi/13.3.1/../../../../arm-none-eabi/lib/thumb/v7-m/nofp\libnosys.a
END GROUP
START GROUP
LOAD C:/ST/STM32CubeIDE_1.18.1/STM32CubeIDE/plugins/com.st.stm32cube.ide.mcu.externaltools.gnu-tools-for-stm32.13.3.rel1.win32_1.0.0.202411081344/tools/bin/../lib/gcc/arm-none-eabi/13.3.1/thumb/v7-m/nofp\libgcc.a
LOAD C:/ST/STM32CubeIDE_1.18.1/STM32CubeIDE/plugins/com.st.stm32cube.ide.mcu.externaltools.gnu-tools-for-stm32.13.3.rel1.win32_1.0.0.202411081344/tools/bin/../lib/gcc/arm-none-eabi/13.3.1/../../../../arm-none-eabi/lib/thumb/v7-m/nofp\libc_nano.a
LOAD C:/ST/STM32CubeIDE_1.18.1/STM32CubeIDE/plugins/com.st.stm32cube.ide.mcu.externaltools.gnu-tools-for-stm32.13.3.rel1.win32_1.0.0.202411081344/tools/bin/../lib/gcc/arm-none-eabi/13.3.1/../../../../arm-none-eabi/lib/thumb/v7-m/nofp\libnosys.a
END GROUP
LOAD C:/ST/STM32CubeIDE_1.18.1/STM32CubeIDE/plugins/com.st.stm32cube.ide.mcu.externaltools.gnu-tools-for-stm32.13.3.rel1.win32_1.0.0.202411081344/tools/bin/../lib/gcc/arm-none-eabi/13.3.1/thumb/v7-m/nofp/crtend.o
LOAD C:/ST/STM32CubeIDE_1.18.1/STM32CubeIDE/plugins/com.st.stm32cube.ide.mcu.externaltools.gnu-tools-for-stm32.13.3.rel1.win32_1.0.0.202411081344/tools/bin/../lib/gcc/arm-none-eabi/13.3.1/thumb/v7-m/nofp/crtn.o
                0x20020000                        _estack = (ORIGIN (RAM) + LENGTH (RAM))
                0x00000200                        _Min_Heap_Size = 0x200
                0x00000400                        _Min_Stack_Size = 0x400

.isr_vector     0x08000000      0x184
                0x08000000                        . = ALIGN (0x4)
 *(.isr_vector)
 .isr_vector    0x08000000      0x184 ./Core/Startup/startup_stm32f207zgtx.o
                0x08000000                g_pfnVectors
                0x08000184                        . = ALIGN (0x4)

.text           0x08000184     0x72e4
                0x08000184                        . = ALIGN (0x4)
 *(.text)
 .text          0x08000184       0x40 C:/ST/STM32CubeIDE_1.18.1/STM32CubeIDE/plugins/com.st.stm32cube.ide.mcu.externaltools.gnu-tools-for-stm32.13.3.rel1.win32_1.0.0.202411081344/tools/bin/../lib/gcc/arm-none-eabi/13.3.1/thumb/v7-m/nofp/crtbegin.o
 .text          0x080001c4       0x30 C:/ST/STM32CubeIDE_1.18.1/STM32CubeIDE/plugins/com.st.stm32cube.ide.mcu.externaltools.gnu-tools-for-stm32.13.3.rel1.win32_1.0.0.202411081344/tools/bin/../lib/gcc/arm-none-eabi/13.3.1/thumb/v7-m/nofp\libgcc.a(_aeabi_uldivmod.o)
                0x080001c4                __aeabi_uldivmod
 .text          0x080001f4      0x300 C:/ST/STM32CubeIDE_1.18.1/STM32CubeIDE/plugins/com.st.stm32cube.ide.mcu.externaltools.gnu-tools-for-stm32.13.3.rel1.win32_1.0.0.202411081344/tools/bin/../lib/gcc/arm-none-eabi/13.3.1/thumb/v7-m/nofp\libgcc.a(_udivmoddi4.o)
                0x080001f4                __udivmoddi4
 .text          0x080004f4        0x4 C:/ST/STM32CubeIDE_1.18.1/STM32CubeIDE/plugins/com.st.stm32cube.ide.mcu.externaltools.gnu-tools-for-stm32.13.3.rel1.win32_1.0.0.202411081344/tools/bin/../lib/gcc/arm-none-eabi/13.3.1/thumb/v7-m/nofp\libgcc.a(_dvmd_tls.o)
                0x080004f4                __aeabi_idiv0
                0x080004f4                __aeabi_ldiv0
 *(.text*)
 .text._write   0x080004f8       0x42 ./Core/Src/main.o
                0x080004f8                _write
 *fill*         0x0800053a        0x2 
 .text.print_clock_debug_info
                0x0800053c       0xe8 ./Core/Src/main.o
                0x0800053c                print_clock_debug_info
 .text.main     0x08000624       0x58 ./Core/Src/main.o
                0x08000624                main
 .text.SystemClock_Config
                0x0800067c       0x8c ./Core/Src/main.o
                0x0800067c                SystemClock_Config
 .text.MX_GPIO_Init
                0x08000708       0xa4 ./Core/Src/main.o
 .text.Error_Handler
                0x080007ac        0xc ./Core/Src/main.o
                0x080007ac                Error_Handler
 .text.HAL_MspInit
                0x080007b8       0x4c ./Core/Src/stm32f2xx_hal_msp.o
                0x080007b8                HAL_MspInit
 .text.NMI_Handler
                0x08000804        0x8 ./Core/Src/stm32f2xx_it.o
                0x08000804                NMI_Handler
 .text.HardFault_Handler
                0x0800080c        0x8 ./Core/Src/stm32f2xx_it.o
                0x0800080c                HardFault_Handler
 .text.MemManage_Handler
                0x08000814        0x8 ./Core/Src/stm32f2xx_it.o
                0x08000814                MemManage_Handler
 .text.BusFault_Handler
                0x0800081c        0x8 ./Core/Src/stm32f2xx_it.o
                0x0800081c                BusFault_Handler
 .text.UsageFault_Handler
                0x08000824        0x8 ./Core/Src/stm32f2xx_it.o
                0x08000824                UsageFault_Handler
 .text.SVC_Handler
                0x0800082c        0xc ./Core/Src/stm32f2xx_it.o
                0x0800082c                SVC_Handler
 .text.DebugMon_Handler
                0x08000838        0xc ./Core/Src/stm32f2xx_it.o
                0x08000838                DebugMon_Handler
 .text.PendSV_Handler
                0x08000844        0xc ./Core/Src/stm32f2xx_it.o
                0x08000844                PendSV_Handler
 .text.SysTick_Handler
                0x08000850        0xc ./Core/Src/stm32f2xx_it.o
                0x08000850                SysTick_Handler
 .text.OTG_FS_IRQHandler
                0x0800085c       0x14 ./Core/Src/stm32f2xx_it.o
                0x0800085c                OTG_FS_IRQHandler
 .text._read    0x08000870       0x3a ./Core/Src/syscalls.o
                0x08000870                _read
 .text._close   0x080008aa       0x16 ./Core/Src/syscalls.o
                0x080008aa                _close
 .text._fstat   0x080008c0       0x1e ./Core/Src/syscalls.o
                0x080008c0                _fstat
 .text._isatty  0x080008de       0x14 ./Core/Src/syscalls.o
                0x080008de                _isatty
 .text._lseek   0x080008f2       0x18 ./Core/Src/syscalls.o
                0x080008f2                _lseek
 *fill*         0x0800090a        0x2 
 .text._sbrk    0x0800090c       0x6c ./Core/Src/sysmem.o
                0x0800090c                _sbrk
 .text.SystemInit
                0x08000978        0xc ./Core/Src/system_stm32f2xx.o
                0x08000978                SystemInit
 .text.Reset_Handler
                0x08000984       0x50 ./Core/Startup/startup_stm32f207zgtx.o
                0x08000984                Reset_Handler
 .text.Default_Handler
                0x080009d4        0x2 ./Core/Startup/startup_stm32f207zgtx.o
                0x080009d4                RTC_Alarm_IRQHandler
                0x080009d4                HASH_RNG_IRQHandler
                0x080009d4                EXTI2_IRQHandler
                0x080009d4                TIM8_CC_IRQHandler
                0x080009d4                TIM1_CC_IRQHandler
                0x080009d4                DMA2_Stream5_IRQHandler
                0x080009d4                DMA1_Stream5_IRQHandler
                0x080009d4                PVD_IRQHandler
                0x080009d4                SDIO_IRQHandler
                0x080009d4                TAMP_STAMP_IRQHandler
                0x080009d4                CAN2_RX1_IRQHandler
                0x080009d4                EXTI3_IRQHandler
                0x080009d4                TIM8_TRG_COM_TIM14_IRQHandler
                0x080009d4                TIM1_UP_TIM10_IRQHandler
                0x080009d4                TIM8_UP_TIM13_IRQHandler
                0x080009d4                I2C3_ER_IRQHandler
                0x080009d4                EXTI0_IRQHandler
                0x080009d4                I2C2_EV_IRQHandler
                0x080009d4                DMA1_Stream2_IRQHandler
                0x080009d4                CAN1_RX0_IRQHandler
                0x080009d4                OTG_HS_WKUP_IRQHandler
                0x080009d4                CAN2_SCE_IRQHandler
                0x080009d4                DMA2_Stream2_IRQHandler
                0x080009d4                SPI1_IRQHandler
                0x080009d4                TIM6_DAC_IRQHandler
                0x080009d4                TIM1_BRK_TIM9_IRQHandler
                0x080009d4                DCMI_IRQHandler
                0x080009d4                CAN2_RX0_IRQHandler
                0x080009d4                DMA2_Stream3_IRQHandler
                0x080009d4                USART6_IRQHandler
                0x080009d4                USART3_IRQHandler
                0x080009d4                CAN1_RX1_IRQHandler
                0x080009d4                UART5_IRQHandler
                0x080009d4                DMA2_Stream0_IRQHandler
                0x080009d4                TIM4_IRQHandler
                0x080009d4                I2C1_EV_IRQHandler
                0x080009d4                DMA1_Stream6_IRQHandler
                0x080009d4                DMA1_Stream1_IRQHandler
                0x080009d4                UART4_IRQHandler
                0x080009d4                TIM3_IRQHandler
                0x080009d4                RCC_IRQHandler
                0x080009d4                TIM8_BRK_TIM12_IRQHandler
                0x080009d4                Default_Handler
                0x080009d4                EXTI15_10_IRQHandler
                0x080009d4                ADC_IRQHandler
                0x080009d4                DMA1_Stream7_IRQHandler
                0x080009d4                TIM7_IRQHandler
                0x080009d4                CAN2_TX_IRQHandler
                0x080009d4                TIM5_IRQHandler
                0x080009d4                DMA2_Stream7_IRQHandler
                0x080009d4                I2C3_EV_IRQHandler
                0x080009d4                EXTI9_5_IRQHandler
                0x080009d4                RTC_WKUP_IRQHandler
                0x080009d4                ETH_WKUP_IRQHandler
                0x080009d4                SPI2_IRQHandler
                0x080009d4                OTG_HS_EP1_IN_IRQHandler
                0x080009d4                DMA1_Stream0_IRQHandler
                0x080009d4                CAN1_TX_IRQHandler
                0x080009d4                EXTI4_IRQHandler
                0x080009d4                FSMC_IRQHandler
                0x080009d4                ETH_IRQHandler
                0x080009d4                OTG_HS_EP1_OUT_IRQHandler
                0x080009d4                WWDG_IRQHandler
                0x080009d4                TIM2_IRQHandler
                0x080009d4                OTG_FS_WKUP_IRQHandler
                0x080009d4                TIM1_TRG_COM_TIM11_IRQHandler
                0x080009d4                OTG_HS_IRQHandler
                0x080009d4                EXTI1_IRQHandler
                0x080009d4                USART2_IRQHandler
                0x080009d4                I2C2_ER_IRQHandler
                0x080009d4                DMA2_Stream1_IRQHandler
                0x080009d4                CAN1_SCE_IRQHandler
                0x080009d4                FLASH_IRQHandler
                0x080009d4                DMA2_Stream4_IRQHandler
                0x080009d4                USART1_IRQHandler
                0x080009d4                SPI3_IRQHandler
                0x080009d4                DMA1_Stream4_IRQHandler
                0x080009d4                I2C1_ER_IRQHandler
                0x080009d4                DMA2_Stream6_IRQHandler
                0x080009d4                DMA1_Stream3_IRQHandler
 *fill*         0x080009d6        0x2 
 .text.HAL_Init
                0x080009d8       0x44 ./Drivers/STM32F2xx_HAL_Driver/Src/stm32f2xx_hal.o
                0x080009d8                HAL_Init
 .text.HAL_InitTick
                0x08000a1c       0x60 ./Drivers/STM32F2xx_HAL_Driver/Src/stm32f2xx_hal.o
                0x08000a1c                HAL_InitTick
 .text.HAL_IncTick
                0x08000a7c       0x24 ./Drivers/STM32F2xx_HAL_Driver/Src/stm32f2xx_hal.o
                0x08000a7c                HAL_IncTick
 .text.HAL_GetTick
                0x08000aa0       0x14 ./Drivers/STM32F2xx_HAL_Driver/Src/stm32f2xx_hal.o
                0x08000aa0                HAL_GetTick
 .text.HAL_Delay
                0x08000ab4       0x48 ./Drivers/STM32F2xx_HAL_Driver/Src/stm32f2xx_hal.o
                0x08000ab4                HAL_Delay
 .text.__NVIC_SetPriorityGrouping
                0x08000afc       0x48 ./Drivers/STM32F2xx_HAL_Driver/Src/stm32f2xx_hal_cortex.o
 .text.__NVIC_GetPriorityGrouping
                0x08000b44       0x1c ./Drivers/STM32F2xx_HAL_Driver/Src/stm32f2xx_hal_cortex.o
 .text.__NVIC_EnableIRQ
                0x08000b60       0x38 ./Drivers/STM32F2xx_HAL_Driver/Src/stm32f2xx_hal_cortex.o
 .text.__NVIC_SetPriority
                0x08000b98       0x54 ./Drivers/STM32F2xx_HAL_Driver/Src/stm32f2xx_hal_cortex.o
 .text.NVIC_EncodePriority
                0x08000bec       0x64 ./Drivers/STM32F2xx_HAL_Driver/Src/stm32f2xx_hal_cortex.o
 .text.SysTick_Config
                0x08000c50       0x44 ./Drivers/STM32F2xx_HAL_Driver/Src/stm32f2xx_hal_cortex.o
 .text.HAL_NVIC_SetPriorityGrouping
                0x08000c94       0x16 ./Drivers/STM32F2xx_HAL_Driver/Src/stm32f2xx_hal_cortex.o
                0x08000c94                HAL_NVIC_SetPriorityGrouping
 .text.HAL_NVIC_SetPriority
                0x08000caa       0x38 ./Drivers/STM32F2xx_HAL_Driver/Src/stm32f2xx_hal_cortex.o
                0x08000caa                HAL_NVIC_SetPriority
 .text.HAL_NVIC_EnableIRQ
                0x08000ce2       0x1c ./Drivers/STM32F2xx_HAL_Driver/Src/stm32f2xx_hal_cortex.o
                0x08000ce2                HAL_NVIC_EnableIRQ
 .text.HAL_SYSTICK_Config
                0x08000cfe       0x18 ./Drivers/STM32F2xx_HAL_Driver/Src/stm32f2xx_hal_cortex.o
                0x08000cfe                HAL_SYSTICK_Config
 *fill*         0x08000d16        0x2 
 .text.HAL_GPIO_Init
                0x08000d18      0x33c ./Drivers/STM32F2xx_HAL_Driver/Src/stm32f2xx_hal_gpio.o
                0x08000d18                HAL_GPIO_Init
 .text.HAL_GPIO_WritePin
                0x08001054       0x30 ./Drivers/STM32F2xx_HAL_Driver/Src/stm32f2xx_hal_gpio.o
                0x08001054                HAL_GPIO_WritePin
 .text.HAL_GPIO_TogglePin
                0x08001084       0x32 ./Drivers/STM32F2xx_HAL_Driver/Src/stm32f2xx_hal_gpio.o
                0x08001084                HAL_GPIO_TogglePin
 .text.HAL_PCD_Init
                0x080010b6      0x21e ./Drivers/STM32F2xx_HAL_Driver/Src/stm32f2xx_hal_pcd.o
                0x080010b6                HAL_PCD_Init
 .text.HAL_PCD_Start
                0x080012d4       0x44 ./Drivers/STM32F2xx_HAL_Driver/Src/stm32f2xx_hal_pcd.o
                0x080012d4                HAL_PCD_Start
 .text.HAL_PCD_IRQHandler
                0x08001318      0x926 ./Drivers/STM32F2xx_HAL_Driver/Src/stm32f2xx_hal_pcd.o
                0x08001318                HAL_PCD_IRQHandler
 .text.HAL_PCD_SetAddress
                0x08001c3e       0x48 ./Drivers/STM32F2xx_HAL_Driver/Src/stm32f2xx_hal_pcd.o
                0x08001c3e                HAL_PCD_SetAddress
 .text.HAL_PCD_EP_Open
                0x08001c86       0xd0 ./Drivers/STM32F2xx_HAL_Driver/Src/stm32f2xx_hal_pcd.o
                0x08001c86                HAL_PCD_EP_Open
 .text.HAL_PCD_EP_Close
                0x08001d56       0x94 ./Drivers/STM32F2xx_HAL_Driver/Src/stm32f2xx_hal_pcd.o
                0x08001d56                HAL_PCD_EP_Close
 .text.HAL_PCD_EP_Receive
                0x08001dea       0x76 ./Drivers/STM32F2xx_HAL_Driver/Src/stm32f2xx_hal_pcd.o
                0x08001dea                HAL_PCD_EP_Receive
 .text.HAL_PCD_EP_GetRxCount
                0x08001e60       0x2e ./Drivers/STM32F2xx_HAL_Driver/Src/stm32f2xx_hal_pcd.o
                0x08001e60                HAL_PCD_EP_GetRxCount
 .text.HAL_PCD_EP_Transmit
                0x08001e8e       0x74 ./Drivers/STM32F2xx_HAL_Driver/Src/stm32f2xx_hal_pcd.o
                0x08001e8e                HAL_PCD_EP_Transmit
 .text.HAL_PCD_EP_SetStall
                0x08001f02       0xc6 ./Drivers/STM32F2xx_HAL_Driver/Src/stm32f2xx_hal_pcd.o
                0x08001f02                HAL_PCD_EP_SetStall
 .text.HAL_PCD_EP_ClrStall
                0x08001fc8       0xac ./Drivers/STM32F2xx_HAL_Driver/Src/stm32f2xx_hal_pcd.o
                0x08001fc8                HAL_PCD_EP_ClrStall
 .text.HAL_PCD_EP_Abort
                0x08002074       0x62 ./Drivers/STM32F2xx_HAL_Driver/Src/stm32f2xx_hal_pcd.o
                0x08002074                HAL_PCD_EP_Abort
 .text.PCD_WriteEmptyTxFifo
                0x080020d6      0x118 ./Drivers/STM32F2xx_HAL_Driver/Src/stm32f2xx_hal_pcd.o
 *fill*         0x080021ee        0x2 
 .text.PCD_EP_OutXfrComplete_int
                0x080021f0      0x1d0 ./Drivers/STM32F2xx_HAL_Driver/Src/stm32f2xx_hal_pcd.o
 .text.PCD_EP_OutSetupPacket_int
                0x080023c0       0x8c ./Drivers/STM32F2xx_HAL_Driver/Src/stm32f2xx_hal_pcd.o
 .text.HAL_PCDEx_SetTxFiFo
                0x0800244c       0x8c ./Drivers/STM32F2xx_HAL_Driver/Src/stm32f2xx_hal_pcd_ex.o
                0x0800244c                HAL_PCDEx_SetTxFiFo
 .text.HAL_PCDEx_SetRxFiFo
                0x080024d8       0x20 ./Drivers/STM32F2xx_HAL_Driver/Src/stm32f2xx_hal_pcd_ex.o
                0x080024d8                HAL_PCDEx_SetRxFiFo
 .text.HAL_RCC_OscConfig
                0x080024f8      0x4a8 ./Drivers/STM32F2xx_HAL_Driver/Src/stm32f2xx_hal_rcc.o
                0x080024f8                HAL_RCC_OscConfig
 .text.HAL_RCC_ClockConfig
                0x080029a0      0x1d8 ./Drivers/STM32F2xx_HAL_Driver/Src/stm32f2xx_hal_rcc.o
                0x080029a0                HAL_RCC_ClockConfig
 .text.HAL_RCC_GetSysClockFreq
                0x08002b78      0x18c ./Drivers/STM32F2xx_HAL_Driver/Src/stm32f2xx_hal_rcc.o
                0x08002b78                HAL_RCC_GetSysClockFreq
 .text.HAL_RCC_GetHCLKFreq
                0x08002d04       0x14 ./Drivers/STM32F2xx_HAL_Driver/Src/stm32f2xx_hal_rcc.o
                0x08002d04                HAL_RCC_GetHCLKFreq
 .text.HAL_RCC_GetPCLK1Freq
                0x08002d18       0x44 ./Drivers/STM32F2xx_HAL_Driver/Src/stm32f2xx_hal_rcc.o
                0x08002d18                HAL_RCC_GetPCLK1Freq
 .text.HAL_RCC_GetPCLK2Freq
                0x08002d5c       0x44 ./Drivers/STM32F2xx_HAL_Driver/Src/stm32f2xx_hal_rcc.o
                0x08002d5c                HAL_RCC_GetPCLK2Freq
 .text.USB_CoreInit
                0x08002da0       0xb2 ./Drivers/STM32F2xx_HAL_Driver/Src/stm32f2xx_ll_usb.o
                0x08002da0                USB_CoreInit
 *fill*         0x08002e52        0x2 
 .text.USB_SetTurnaroundTime
                0x08002e54      0x144 ./Drivers/STM32F2xx_HAL_Driver/Src/stm32f2xx_ll_usb.o
                0x08002e54                USB_SetTurnaroundTime
 .text.USB_EnableGlobalInt
                0x08002f98       0x20 ./Drivers/STM32F2xx_HAL_Driver/Src/stm32f2xx_ll_usb.o
                0x08002f98                USB_EnableGlobalInt
 .text.USB_DisableGlobalInt
                0x08002fb8       0x20 ./Drivers/STM32F2xx_HAL_Driver/Src/stm32f2xx_ll_usb.o
                0x08002fb8                USB_DisableGlobalInt
 .text.USB_SetCurrentMode
                0x08002fd8       0x98 ./Drivers/STM32F2xx_HAL_Driver/Src/stm32f2xx_ll_usb.o
                0x08002fd8                USB_SetCurrentMode
 .text.USB_DevInit
                0x08003070      0x2c8 ./Drivers/STM32F2xx_HAL_Driver/Src/stm32f2xx_ll_usb.o
                0x08003070                USB_DevInit
 .text.USB_FlushTxFifo
                0x08003338       0x62 ./Drivers/STM32F2xx_HAL_Driver/Src/stm32f2xx_ll_usb.o
                0x08003338                USB_FlushTxFifo
 .text.USB_FlushRxFifo
                0x0800339a       0x5a ./Drivers/STM32F2xx_HAL_Driver/Src/stm32f2xx_ll_usb.o
                0x0800339a                USB_FlushRxFifo
 .text.USB_SetDevSpeed
                0x080033f4       0x30 ./Drivers/STM32F2xx_HAL_Driver/Src/stm32f2xx_ll_usb.o
                0x080033f4                USB_SetDevSpeed
 .text.USB_GetDevSpeed
                0x08003424       0x48 ./Drivers/STM32F2xx_HAL_Driver/Src/stm32f2xx_ll_usb.o
                0x08003424                USB_GetDevSpeed
 .text.USB_ActivateEndpoint
                0x0800346c      0x10c ./Drivers/STM32F2xx_HAL_Driver/Src/stm32f2xx_ll_usb.o
                0x0800346c                USB_ActivateEndpoint
 .text.USB_DeactivateEndpoint
                0x08003578      0x1b8 ./Drivers/STM32F2xx_HAL_Driver/Src/stm32f2xx_ll_usb.o
                0x08003578                USB_DeactivateEndpoint
 .text.USB_EPStartXfer
                0x08003730      0x530 ./Drivers/STM32F2xx_HAL_Driver/Src/stm32f2xx_ll_usb.o
                0x08003730                USB_EPStartXfer
 .text.USB_EPStopXfer
                0x08003c60      0x152 ./Drivers/STM32F2xx_HAL_Driver/Src/stm32f2xx_ll_usb.o
                0x08003c60                USB_EPStopXfer
 .text.USB_WritePacket
                0x08003db2       0x7a ./Drivers/STM32F2xx_HAL_Driver/Src/stm32f2xx_ll_usb.o
                0x08003db2                USB_WritePacket
 .text.USB_ReadPacket
                0x08003e2c       0xae ./Drivers/STM32F2xx_HAL_Driver/Src/stm32f2xx_ll_usb.o
                0x08003e2c                USB_ReadPacket
 .text.USB_EPSetStall
                0x08003eda       0xda ./Drivers/STM32F2xx_HAL_Driver/Src/stm32f2xx_ll_usb.o
                0x08003eda                USB_EPSetStall
 .text.USB_EPClearStall
                0x08003fb4       0xca ./Drivers/STM32F2xx_HAL_Driver/Src/stm32f2xx_ll_usb.o
                0x08003fb4                USB_EPClearStall
 .text.USB_SetDevAddress
                0x0800407e       0x4a ./Drivers/STM32F2xx_HAL_Driver/Src/stm32f2xx_ll_usb.o
                0x0800407e                USB_SetDevAddress
 .text.USB_DevConnect
                0x080040c8       0x40 ./Drivers/STM32F2xx_HAL_Driver/Src/stm32f2xx_ll_usb.o
                0x080040c8                USB_DevConnect
 .text.USB_DevDisconnect
                0x08004108       0x40 ./Drivers/STM32F2xx_HAL_Driver/Src/stm32f2xx_ll_usb.o
                0x08004108                USB_DevDisconnect
 .text.USB_ReadInterrupts
                0x08004148       0x24 ./Drivers/STM32F2xx_HAL_Driver/Src/stm32f2xx_ll_usb.o
                0x08004148                USB_ReadInterrupts
 .text.USB_ReadDevAllOutEpInterrupt
                0x0800416c       0x32 ./Drivers/STM32F2xx_HAL_Driver/Src/stm32f2xx_ll_usb.o
                0x0800416c                USB_ReadDevAllOutEpInterrupt
 .text.USB_ReadDevAllInEpInterrupt
                0x0800419e       0x32 ./Drivers/STM32F2xx_HAL_Driver/Src/stm32f2xx_ll_usb.o
                0x0800419e                USB_ReadDevAllInEpInterrupt
 .text.USB_ReadDevOutEPInterrupt
                0x080041d0       0x3a ./Drivers/STM32F2xx_HAL_Driver/Src/stm32f2xx_ll_usb.o
                0x080041d0                USB_ReadDevOutEPInterrupt
 .text.USB_ReadDevInEPInterrupt
                0x0800420a       0x5a ./Drivers/STM32F2xx_HAL_Driver/Src/stm32f2xx_ll_usb.o
                0x0800420a                USB_ReadDevInEPInterrupt
 .text.USB_GetMode
                0x08004264       0x1a ./Drivers/STM32F2xx_HAL_Driver/Src/stm32f2xx_ll_usb.o
                0x08004264                USB_GetMode
 .text.USB_ActivateSetup
                0x0800427e       0x44 ./Drivers/STM32F2xx_HAL_Driver/Src/stm32f2xx_ll_usb.o
                0x0800427e                USB_ActivateSetup
 *fill*         0x080042c2        0x2 
 .text.USB_EP0_OutStart
                0x080042c4       0xb8 ./Drivers/STM32F2xx_HAL_Driver/Src/stm32f2xx_ll_usb.o
                0x080042c4                USB_EP0_OutStart
 .text.USB_CoreReset
                0x0800437c       0x60 ./Drivers/STM32F2xx_HAL_Driver/Src/stm32f2xx_ll_usb.o
 .text.USBD_CDC_Init
                0x080043dc       0xf6 ./Middlewares/ST/STM32_USB_Device_Library/Class/CDC/Src/usbd_cdc.o
 .text.USBD_CDC_DeInit
                0x080044d2       0x6e ./Middlewares/ST/STM32_USB_Device_Library/Class/CDC/Src/usbd_cdc.o
 .text.USBD_CDC_Setup
                0x08004540      0x146 ./Middlewares/ST/STM32_USB_Device_Library/Class/CDC/Src/usbd_cdc.o
 .text.USBD_CDC_DataIn
                0x08004686       0xa6 ./Middlewares/ST/STM32_USB_Device_Library/Class/CDC/Src/usbd_cdc.o
 .text.USBD_CDC_DataOut
                0x0800472c       0x56 ./Middlewares/ST/STM32_USB_Device_Library/Class/CDC/Src/usbd_cdc.o
 .text.USBD_CDC_EP0_RxReady
                0x08004782       0x4e ./Middlewares/ST/STM32_USB_Device_Library/Class/CDC/Src/usbd_cdc.o
 .text.USBD_CDC_GetFSCfgDesc
                0x080047d0       0x20 ./Middlewares/ST/STM32_USB_Device_Library/Class/CDC/Src/usbd_cdc.o
 .text.USBD_CDC_GetHSCfgDesc
                0x080047f0       0x20 ./Middlewares/ST/STM32_USB_Device_Library/Class/CDC/Src/usbd_cdc.o
 .text.USBD_CDC_GetOtherSpeedCfgDesc
                0x08004810       0x20 ./Middlewares/ST/STM32_USB_Device_Library/Class/CDC/Src/usbd_cdc.o
 .text.USBD_CDC_GetDeviceQualifierDescriptor
                0x08004830       0x20 ./Middlewares/ST/STM32_USB_Device_Library/Class/CDC/Src/usbd_cdc.o
                0x08004830                USBD_CDC_GetDeviceQualifierDescriptor
 .text.USBD_CDC_RegisterInterface
                0x08004850       0x2c ./Middlewares/ST/STM32_USB_Device_Library/Class/CDC/Src/usbd_cdc.o
                0x08004850                USBD_CDC_RegisterInterface
 .text.USBD_CDC_SetTxBuffer
                0x0800487c       0x32 ./Middlewares/ST/STM32_USB_Device_Library/Class/CDC/Src/usbd_cdc.o
                0x0800487c                USBD_CDC_SetTxBuffer
 .text.USBD_CDC_SetRxBuffer
                0x080048ae       0x26 ./Middlewares/ST/STM32_USB_Device_Library/Class/CDC/Src/usbd_cdc.o
                0x080048ae                USBD_CDC_SetRxBuffer
 .text.USBD_CDC_TransmitPacket
                0x080048d4       0x5e ./Middlewares/ST/STM32_USB_Device_Library/Class/CDC/Src/usbd_cdc.o
                0x080048d4                USBD_CDC_TransmitPacket
 .text.USBD_CDC_ReceivePacket
                0x08004932       0x54 ./Middlewares/ST/STM32_USB_Device_Library/Class/CDC/Src/usbd_cdc.o
                0x08004932                USBD_CDC_ReceivePacket
 .text.USBD_Init
                0x08004986       0x56 ./Middlewares/ST/STM32_USB_Device_Library/Core/Src/usbd_core.o
                0x08004986                USBD_Init
 .text.USBD_RegisterClass
                0x080049dc       0x32 ./Middlewares/ST/STM32_USB_Device_Library/Core/Src/usbd_core.o
                0x080049dc                USBD_RegisterClass
 .text.USBD_Start
                0x08004a0e       0x18 ./Middlewares/ST/STM32_USB_Device_Library/Core/Src/usbd_core.o
                0x08004a0e                USBD_Start
 .text.USBD_RunTestMode
                0x08004a26       0x14 ./Middlewares/ST/STM32_USB_Device_Library/Core/Src/usbd_core.o
                0x08004a26                USBD_RunTestMode
 .text.USBD_SetClassConfig
                0x08004a3a       0x3e ./Middlewares/ST/STM32_USB_Device_Library/Core/Src/usbd_core.o
                0x08004a3a                USBD_SetClassConfig
 .text.USBD_ClrClassConfig
                0x08004a78       0x26 ./Middlewares/ST/STM32_USB_Device_Library/Core/Src/usbd_core.o
                0x08004a78                USBD_ClrClassConfig
 .text.USBD_LL_SetupStage
                0x08004a9e       0x9a ./Middlewares/ST/STM32_USB_Device_Library/Core/Src/usbd_core.o
                0x08004a9e                USBD_LL_SetupStage
 .text.USBD_LL_DataOutStage
                0x08004b38       0xe2 ./Middlewares/ST/STM32_USB_Device_Library/Core/Src/usbd_core.o
                0x08004b38                USBD_LL_DataOutStage
 .text.USBD_LL_DataInStage
                0x08004c1a      0x14a ./Middlewares/ST/STM32_USB_Device_Library/Core/Src/usbd_core.o
                0x08004c1a                USBD_LL_DataInStage
 .text.USBD_LL_Reset
                0x08004d64       0x82 ./Middlewares/ST/STM32_USB_Device_Library/Core/Src/usbd_core.o
                0x08004d64                USBD_LL_Reset
 .text.USBD_LL_SetSpeed
                0x08004de6       0x1e ./Middlewares/ST/STM32_USB_Device_Library/Core/Src/usbd_core.o
                0x08004de6                USBD_LL_SetSpeed
 .text.USBD_LL_Suspend
                0x08004e04       0x28 ./Middlewares/ST/STM32_USB_Device_Library/Core/Src/usbd_core.o
                0x08004e04                USBD_LL_Suspend
 .text.USBD_LL_Resume
                0x08004e2c       0x2a ./Middlewares/ST/STM32_USB_Device_Library/Core/Src/usbd_core.o
                0x08004e2c                USBD_LL_Resume
 .text.USBD_LL_SOF
                0x08004e56       0x34 ./Middlewares/ST/STM32_USB_Device_Library/Core/Src/usbd_core.o
                0x08004e56                USBD_LL_SOF
 .text.USBD_LL_IsoINIncomplete
                0x08004e8a       0x18 ./Middlewares/ST/STM32_USB_Device_Library/Core/Src/usbd_core.o
                0x08004e8a                USBD_LL_IsoINIncomplete
 .text.USBD_LL_IsoOUTIncomplete
                0x08004ea2       0x18 ./Middlewares/ST/STM32_USB_Device_Library/Core/Src/usbd_core.o
                0x08004ea2                USBD_LL_IsoOUTIncomplete
 .text.USBD_LL_DevConnected
                0x08004eba       0x14 ./Middlewares/ST/STM32_USB_Device_Library/Core/Src/usbd_core.o
                0x08004eba                USBD_LL_DevConnected
 .text.USBD_LL_DevDisconnected
                0x08004ece       0x2e ./Middlewares/ST/STM32_USB_Device_Library/Core/Src/usbd_core.o
                0x08004ece                USBD_LL_DevDisconnected
 .text.USBD_StdDevReq
                0x08004efc       0xd4 ./Middlewares/ST/STM32_USB_Device_Library/Core/Src/usbd_ctlreq.o
                0x08004efc                USBD_StdDevReq
 .text.USBD_StdItfReq
                0x08004fd0       0x90 ./Middlewares/ST/STM32_USB_Device_Library/Core/Src/usbd_ctlreq.o
                0x08004fd0                USBD_StdItfReq
 .text.USBD_StdEPReq
                0x08005060      0x2c6 ./Middlewares/ST/STM32_USB_Device_Library/Core/Src/usbd_ctlreq.o
                0x08005060                USBD_StdEPReq
 *fill*         0x08005326        0x2 
 .text.USBD_GetDescriptor
                0x08005328      0x2d0 ./Middlewares/ST/STM32_USB_Device_Library/Core/Src/usbd_ctlreq.o
 .text.USBD_SetAddress
                0x080055f8       0x86 ./Middlewares/ST/STM32_USB_Device_Library/Core/Src/usbd_ctlreq.o
 *fill*         0x0800567e        0x2 
 .text.USBD_SetConfig
                0x08005680      0x11c ./Middlewares/ST/STM32_USB_Device_Library/Core/Src/usbd_ctlreq.o
 .text.USBD_GetConfig
                0x0800579c       0x6a ./Middlewares/ST/STM32_USB_Device_Library/Core/Src/usbd_ctlreq.o
 .text.USBD_GetStatus
                0x08005806       0x66 ./Middlewares/ST/STM32_USB_Device_Library/Core/Src/usbd_ctlreq.o
 .text.USBD_SetFeature
                0x0800586c       0x28 ./Middlewares/ST/STM32_USB_Device_Library/Core/Src/usbd_ctlreq.o
 .text.USBD_ClrFeature
                0x08005894       0x42 ./Middlewares/ST/STM32_USB_Device_Library/Core/Src/usbd_ctlreq.o
 .text.USBD_ParseSetupRequest
                0x080058d6       0x72 ./Middlewares/ST/STM32_USB_Device_Library/Core/Src/usbd_ctlreq.o
                0x080058d6                USBD_ParseSetupRequest
 .text.USBD_CtlError
                0x08005948       0x22 ./Middlewares/ST/STM32_USB_Device_Library/Core/Src/usbd_ctlreq.o
                0x08005948                USBD_CtlError
 .text.USBD_GetString
                0x0800596a       0x84 ./Middlewares/ST/STM32_USB_Device_Library/Core/Src/usbd_ctlreq.o
                0x0800596a                USBD_GetString
 .text.USBD_GetLen
                0x080059ee       0x2e ./Middlewares/ST/STM32_USB_Device_Library/Core/Src/usbd_ctlreq.o
 .text.USBD_CtlSendData
                0x08005a1c       0x38 ./Middlewares/ST/STM32_USB_Device_Library/Core/Src/usbd_ioreq.o
                0x08005a1c                USBD_CtlSendData
 .text.USBD_CtlContinueSendData
                0x08005a54       0x24 ./Middlewares/ST/STM32_USB_Device_Library/Core/Src/usbd_ioreq.o
                0x08005a54                USBD_CtlContinueSendData
 .text.USBD_CtlPrepareRx
                0x08005a78       0x3c ./Middlewares/ST/STM32_USB_Device_Library/Core/Src/usbd_ioreq.o
                0x08005a78                USBD_CtlPrepareRx
 .text.USBD_CtlContinueRx
                0x08005ab4       0x24 ./Middlewares/ST/STM32_USB_Device_Library/Core/Src/usbd_ioreq.o
                0x08005ab4                USBD_CtlContinueRx
 .text.USBD_CtlSendStatus
                0x08005ad8       0x26 ./Middlewares/ST/STM32_USB_Device_Library/Core/Src/usbd_ioreq.o
                0x08005ad8                USBD_CtlSendStatus
 .text.USBD_CtlReceiveStatus
                0x08005afe       0x26 ./Middlewares/ST/STM32_USB_Device_Library/Core/Src/usbd_ioreq.o
                0x08005afe                USBD_CtlReceiveStatus
 .text.MX_USB_DEVICE_Init
                0x08005b24       0x60 ./USB_DEVICE/App/usb_device.o
                0x08005b24                MX_USB_DEVICE_Init
 .text.CDC_Init_FS
                0x08005b84       0x28 ./USB_DEVICE/App/usbd_cdc_if.o
 .text.CDC_DeInit_FS
                0x08005bac        0xe ./USB_DEVICE/App/usbd_cdc_if.o
 *fill*         0x08005bba        0x2 
 .text.CDC_Control_FS
                0x08005bbc       0xbc ./USB_DEVICE/App/usbd_cdc_if.o
 .text.CDC_Receive_FS
                0x08005c78       0x28 ./USB_DEVICE/App/usbd_cdc_if.o
 .text.CDC_Transmit_FS
                0x08005ca0       0x4c ./USB_DEVICE/App/usbd_cdc_if.o
                0x08005ca0                CDC_Transmit_FS
 .text.USBD_FS_DeviceDescriptor
                0x08005cec       0x24 ./USB_DEVICE/App/usbd_desc.o
                0x08005cec                USBD_FS_DeviceDescriptor
 .text.USBD_FS_LangIDStrDescriptor
                0x08005d10       0x24 ./USB_DEVICE/App/usbd_desc.o
                0x08005d10                USBD_FS_LangIDStrDescriptor
 .text.USBD_FS_ProductStrDescriptor
                0x08005d34       0x3c ./USB_DEVICE/App/usbd_desc.o
                0x08005d34                USBD_FS_ProductStrDescriptor
 .text.USBD_FS_ManufacturerStrDescriptor
                0x08005d70       0x28 ./USB_DEVICE/App/usbd_desc.o
                0x08005d70                USBD_FS_ManufacturerStrDescriptor
 .text.USBD_FS_SerialStrDescriptor
                0x08005d98       0x24 ./USB_DEVICE/App/usbd_desc.o
                0x08005d98                USBD_FS_SerialStrDescriptor
 .text.USBD_FS_ConfigStrDescriptor
                0x08005dbc       0x3c ./USB_DEVICE/App/usbd_desc.o
                0x08005dbc                USBD_FS_ConfigStrDescriptor
 .text.USBD_FS_InterfaceStrDescriptor
                0x08005df8       0x3c ./USB_DEVICE/App/usbd_desc.o
                0x08005df8                USBD_FS_InterfaceStrDescriptor
 .text.Get_SerialNum
                0x08005e34       0x58 ./USB_DEVICE/App/usbd_desc.o
 .text.IntToUnicode
                0x08005e8c       0x7c ./USB_DEVICE/App/usbd_desc.o
 .text.HAL_PCD_MspInit
                0x08005f08       0xa8 ./USB_DEVICE/Target/usbd_conf.o
                0x08005f08                HAL_PCD_MspInit
 .text.HAL_PCD_SetupStageCallback
                0x08005fb0       0x24 ./USB_DEVICE/Target/usbd_conf.o
                0x08005fb0                HAL_PCD_SetupStageCallback
 .text.HAL_PCD_DataOutStageCallback
                0x08005fd4       0x36 ./USB_DEVICE/Target/usbd_conf.o
                0x08005fd4                HAL_PCD_DataOutStageCallback
 .text.HAL_PCD_DataInStageCallback
                0x0800600a       0x34 ./USB_DEVICE/Target/usbd_conf.o
                0x0800600a                HAL_PCD_DataInStageCallback
 .text.HAL_PCD_SOFCallback
                0x0800603e       0x1c ./USB_DEVICE/Target/usbd_conf.o
                0x0800603e                HAL_PCD_SOFCallback
 .text.HAL_PCD_ResetCallback
                0x0800605a       0x50 ./USB_DEVICE/Target/usbd_conf.o
                0x0800605a                HAL_PCD_ResetCallback
 *fill*         0x080060aa        0x2 
 .text.HAL_PCD_SuspendCallback
                0x080060ac       0x4c ./USB_DEVICE/Target/usbd_conf.o
                0x080060ac                HAL_PCD_SuspendCallback
 .text.HAL_PCD_ResumeCallback
                0x080060f8       0x1c ./USB_DEVICE/Target/usbd_conf.o
                0x080060f8                HAL_PCD_ResumeCallback
 .text.HAL_PCD_ISOOUTIncompleteCallback
                0x08006114       0x24 ./USB_DEVICE/Target/usbd_conf.o
                0x08006114                HAL_PCD_ISOOUTIncompleteCallback
 .text.HAL_PCD_ISOINIncompleteCallback
                0x08006138       0x24 ./USB_DEVICE/Target/usbd_conf.o
                0x08006138                HAL_PCD_ISOINIncompleteCallback
 .text.HAL_PCD_ConnectCallback
                0x0800615c       0x1c ./USB_DEVICE/Target/usbd_conf.o
                0x0800615c                HAL_PCD_ConnectCallback
 .text.HAL_PCD_DisconnectCallback
                0x08006178       0x1c ./USB_DEVICE/Target/usbd_conf.o
                0x08006178                HAL_PCD_DisconnectCallback
 .text.USBD_LL_Init
                0x08006194       0x94 ./USB_DEVICE/Target/usbd_conf.o
                0x08006194                USBD_LL_Init
 .text.USBD_LL_Start
                0x08006228       0x36 ./USB_DEVICE/Target/usbd_conf.o
                0x08006228                USBD_LL_Start
 .text.USBD_LL_OpenEP
                0x0800625e       0x4c ./USB_DEVICE/Target/usbd_conf.o
                0x0800625e                USBD_LL_OpenEP
 .text.USBD_LL_CloseEP
                0x080062aa       0x3e ./USB_DEVICE/Target/usbd_conf.o
                0x080062aa                USBD_LL_CloseEP
 .text.USBD_LL_StallEP
                0x080062e8       0x3e ./USB_DEVICE/Target/usbd_conf.o
                0x080062e8                USBD_LL_StallEP
 .text.USBD_LL_ClearStallEP
                0x08006326       0x3e ./USB_DEVICE/Target/usbd_conf.o
                0x08006326                USBD_LL_ClearStallEP
 .text.USBD_LL_IsStallEP
                0x08006364       0x56 ./USB_DEVICE/Target/usbd_conf.o
                0x08006364                USBD_LL_IsStallEP
 .text.USBD_LL_SetUSBAddress
                0x080063ba       0x3e ./USB_DEVICE/Target/usbd_conf.o
                0x080063ba                USBD_LL_SetUSBAddress
 .text.USBD_LL_Transmit
                0x080063f8       0x46 ./USB_DEVICE/Target/usbd_conf.o
                0x080063f8                USBD_LL_Transmit
 .text.USBD_LL_PrepareReceive
                0x0800643e       0x46 ./USB_DEVICE/Target/usbd_conf.o
                0x0800643e                USBD_LL_PrepareReceive
 .text.USBD_LL_GetRxDataSize
                0x08006484       0x26 ./USB_DEVICE/Target/usbd_conf.o
                0x08006484                USBD_LL_GetRxDataSize
 *fill*         0x080064aa        0x2 
 .text.USBD_Get_USB_Status
                0x080064ac       0x58 ./USB_DEVICE/Target/usbd_conf.o
                0x080064ac                USBD_Get_USB_Status
 .text.malloc   0x08006504       0x10 C:/ST/STM32CubeIDE_1.18.1/STM32CubeIDE/plugins/com.st.stm32cube.ide.mcu.externaltools.gnu-tools-for-stm32.13.3.rel1.win32_1.0.0.202411081344/tools/bin/../lib/gcc/arm-none-eabi/13.3.1/../../../../arm-none-eabi/lib/thumb/v7-m/nofp\libc_nano.a(libc_a-malloc.o)
                0x08006504                malloc
 .text.free     0x08006514       0x10 C:/ST/STM32CubeIDE_1.18.1/STM32CubeIDE/plugins/com.st.stm32cube.ide.mcu.externaltools.gnu-tools-for-stm32.13.3.rel1.win32_1.0.0.202411081344/tools/bin/../lib/gcc/arm-none-eabi/13.3.1/../../../../arm-none-eabi/lib/thumb/v7-m/nofp\libc_nano.a(libc_a-malloc.o)
                0x08006514                free
 .text.sbrk_aligned
                0x08006524       0x44 C:/ST/STM32CubeIDE_1.18.1/STM32CubeIDE/plugins/com.st.stm32cube.ide.mcu.externaltools.gnu-tools-for-stm32.13.3.rel1.win32_1.0.0.202411081344/tools/bin/../lib/gcc/arm-none-eabi/13.3.1/../../../../arm-none-eabi/lib/thumb/v7-m/nofp\libc_nano.a(libc_a-mallocr.o)
 .text._malloc_r
                0x08006568      0x100 C:/ST/STM32CubeIDE_1.18.1/STM32CubeIDE/plugins/com.st.stm32cube.ide.mcu.externaltools.gnu-tools-for-stm32.13.3.rel1.win32_1.0.0.202411081344/tools/bin/../lib/gcc/arm-none-eabi/13.3.1/../../../../arm-none-eabi/lib/thumb/v7-m/nofp\libc_nano.a(libc_a-mallocr.o)
                0x08006568                _malloc_r
 .text.__malloc_lock
                0x08006668        0xc C:/ST/STM32CubeIDE_1.18.1/STM32CubeIDE/plugins/com.st.stm32cube.ide.mcu.externaltools.gnu-tools-for-stm32.13.3.rel1.win32_1.0.0.202411081344/tools/bin/../lib/gcc/arm-none-eabi/13.3.1/../../../../arm-none-eabi/lib/thumb/v7-m/nofp\libc_nano.a(libc_a-mlock.o)
                0x08006668                __malloc_lock
 .text.__malloc_unlock
                0x08006674        0xc C:/ST/STM32CubeIDE_1.18.1/STM32CubeIDE/plugins/com.st.stm32cube.ide.mcu.externaltools.gnu-tools-for-stm32.13.3.rel1.win32_1.0.0.202411081344/tools/bin/../lib/gcc/arm-none-eabi/13.3.1/../../../../arm-none-eabi/lib/thumb/v7-m/nofp\libc_nano.a(libc_a-mlock.o)
                0x08006674                __malloc_unlock
 .text.std      0x08006680       0x6c C:/ST/STM32CubeIDE_1.18.1/STM32CubeIDE/plugins/com.st.stm32cube.ide.mcu.externaltools.gnu-tools-for-stm32.13.3.rel1.win32_1.0.0.202411081344/tools/bin/../lib/gcc/arm-none-eabi/13.3.1/../../../../arm-none-eabi/lib/thumb/v7-m/nofp\libc_nano.a(libc_a-findfp.o)
 .text.stdio_exit_handler
                0x080066ec       0x18 C:/ST/STM32CubeIDE_1.18.1/STM32CubeIDE/plugins/com.st.stm32cube.ide.mcu.externaltools.gnu-tools-for-stm32.13.3.rel1.win32_1.0.0.202411081344/tools/bin/../lib/gcc/arm-none-eabi/13.3.1/../../../../arm-none-eabi/lib/thumb/v7-m/nofp\libc_nano.a(libc_a-findfp.o)
 .text.cleanup_stdio
                0x08006704       0x40 C:/ST/STM32CubeIDE_1.18.1/STM32CubeIDE/plugins/com.st.stm32cube.ide.mcu.externaltools.gnu-tools-for-stm32.13.3.rel1.win32_1.0.0.202411081344/tools/bin/../lib/gcc/arm-none-eabi/13.3.1/../../../../arm-none-eabi/lib/thumb/v7-m/nofp\libc_nano.a(libc_a-findfp.o)
 .text.global_stdio_init.part.0
                0x08006744       0x3c C:/ST/STM32CubeIDE_1.18.1/STM32CubeIDE/plugins/com.st.stm32cube.ide.mcu.externaltools.gnu-tools-for-stm32.13.3.rel1.win32_1.0.0.202411081344/tools/bin/../lib/gcc/arm-none-eabi/13.3.1/../../../../arm-none-eabi/lib/thumb/v7-m/nofp\libc_nano.a(libc_a-findfp.o)
 .text.__sfp_lock_acquire
                0x08006780        0xc C:/ST/STM32CubeIDE_1.18.1/STM32CubeIDE/plugins/com.st.stm32cube.ide.mcu.externaltools.gnu-tools-for-stm32.13.3.rel1.win32_1.0.0.202411081344/tools/bin/../lib/gcc/arm-none-eabi/13.3.1/../../../../arm-none-eabi/lib/thumb/v7-m/nofp\libc_nano.a(libc_a-findfp.o)
                0x08006780                __sfp_lock_acquire
 .text.__sfp_lock_release
                0x0800678c        0xc C:/ST/STM32CubeIDE_1.18.1/STM32CubeIDE/plugins/com.st.stm32cube.ide.mcu.externaltools.gnu-tools-for-stm32.13.3.rel1.win32_1.0.0.202411081344/tools/bin/../lib/gcc/arm-none-eabi/13.3.1/../../../../arm-none-eabi/lib/thumb/v7-m/nofp\libc_nano.a(libc_a-findfp.o)
                0x0800678c                __sfp_lock_release
 .text.__sinit  0x08006798       0x30 C:/ST/STM32CubeIDE_1.18.1/STM32CubeIDE/plugins/com.st.stm32cube.ide.mcu.externaltools.gnu-tools-for-stm32.13.3.rel1.win32_1.0.0.202411081344/tools/bin/../lib/gcc/arm-none-eabi/13.3.1/../../../../arm-none-eabi/lib/thumb/v7-m/nofp\libc_nano.a(libc_a-findfp.o)
                0x08006798                __sinit
 .text._fwalk_sglue
                0x080067c8       0x3c C:/ST/STM32CubeIDE_1.18.1/STM32CubeIDE/plugins/com.st.stm32cube.ide.mcu.externaltools.gnu-tools-for-stm32.13.3.rel1.win32_1.0.0.202411081344/tools/bin/../lib/gcc/arm-none-eabi/13.3.1/../../../../arm-none-eabi/lib/thumb/v7-m/nofp\libc_nano.a(libc_a-fwalk.o)
                0x080067c8                _fwalk_sglue
 .text.printf   0x08006804       0x24 C:/ST/STM32CubeIDE_1.18.1/STM32CubeIDE/plugins/com.st.stm32cube.ide.mcu.externaltools.gnu-tools-for-stm32.13.3.rel1.win32_1.0.0.202411081344/tools/bin/../lib/gcc/arm-none-eabi/13.3.1/../../../../arm-none-eabi/lib/thumb/v7-m/nofp\libc_nano.a(libc_a-printf.o)
                0x08006804                iprintf
                0x08006804                printf
 .text._puts_r  0x08006828       0xaa C:/ST/STM32CubeIDE_1.18.1/STM32CubeIDE/plugins/com.st.stm32cube.ide.mcu.externaltools.gnu-tools-for-stm32.13.3.rel1.win32_1.0.0.202411081344/tools/bin/../lib/gcc/arm-none-eabi/13.3.1/../../../../arm-none-eabi/lib/thumb/v7-m/nofp\libc_nano.a(libc_a-puts.o)
                0x08006828                _puts_r
 *fill*         0x080068d2        0x2 
 .text.puts     0x080068d4       0x10 C:/ST/STM32CubeIDE_1.18.1/STM32CubeIDE/plugins/com.st.stm32cube.ide.mcu.externaltools.gnu-tools-for-stm32.13.3.rel1.win32_1.0.0.202411081344/tools/bin/../lib/gcc/arm-none-eabi/13.3.1/../../../../arm-none-eabi/lib/thumb/v7-m/nofp\libc_nano.a(libc_a-puts.o)
                0x080068d4                puts
 .text.__sread  0x080068e4       0x22 C:/ST/STM32CubeIDE_1.18.1/STM32CubeIDE/plugins/com.st.stm32cube.ide.mcu.externaltools.gnu-tools-for-stm32.13.3.rel1.win32_1.0.0.202411081344/tools/bin/../lib/gcc/arm-none-eabi/13.3.1/../../../../arm-none-eabi/lib/thumb/v7-m/nofp\libc_nano.a(libc_a-stdio.o)
                0x080068e4                __sread
 .text.__swrite
                0x08006906       0x38 C:/ST/STM32CubeIDE_1.18.1/STM32CubeIDE/plugins/com.st.stm32cube.ide.mcu.externaltools.gnu-tools-for-stm32.13.3.rel1.win32_1.0.0.202411081344/tools/bin/../lib/gcc/arm-none-eabi/13.3.1/../../../../arm-none-eabi/lib/thumb/v7-m/nofp\libc_nano.a(libc_a-stdio.o)
                0x08006906                __swrite
 .text.__sseek  0x0800693e       0x24 C:/ST/STM32CubeIDE_1.18.1/STM32CubeIDE/plugins/com.st.stm32cube.ide.mcu.externaltools.gnu-tools-for-stm32.13.3.rel1.win32_1.0.0.202411081344/tools/bin/../lib/gcc/arm-none-eabi/13.3.1/../../../../arm-none-eabi/lib/thumb/v7-m/nofp\libc_nano.a(libc_a-stdio.o)
                0x0800693e                __sseek
 .text.__sclose
                0x08006962        0x8 C:/ST/STM32CubeIDE_1.18.1/STM32CubeIDE/plugins/com.st.stm32cube.ide.mcu.externaltools.gnu-tools-for-stm32.13.3.rel1.win32_1.0.0.202411081344/tools/bin/../lib/gcc/arm-none-eabi/13.3.1/../../../../arm-none-eabi/lib/thumb/v7-m/nofp\libc_nano.a(libc_a-stdio.o)
                0x08006962                __sclose
 .text.__swbuf_r
                0x0800696a       0x7c C:/ST/STM32CubeIDE_1.18.1/STM32CubeIDE/plugins/com.st.stm32cube.ide.mcu.externaltools.gnu-tools-for-stm32.13.3.rel1.win32_1.0.0.202411081344/tools/bin/../lib/gcc/arm-none-eabi/13.3.1/../../../../arm-none-eabi/lib/thumb/v7-m/nofp\libc_nano.a(libc_a-wbuf.o)
                0x0800696a                __swbuf_r
 *fill*         0x080069e6        0x2 
 .text.__swsetup_r
                0x080069e8       0xac C:/ST/STM32CubeIDE_1.18.1/STM32CubeIDE/plugins/com.st.stm32cube.ide.mcu.externaltools.gnu-tools-for-stm32.13.3.rel1.win32_1.0.0.202411081344/tools/bin/../lib/gcc/arm-none-eabi/13.3.1/../../../../arm-none-eabi/lib/thumb/v7-m/nofp\libc_nano.a(libc_a-wsetup.o)
                0x080069e8                __swsetup_r
 .text.memset   0x08006a94       0x10 C:/ST/STM32CubeIDE_1.18.1/STM32CubeIDE/plugins/com.st.stm32cube.ide.mcu.externaltools.gnu-tools-for-stm32.13.3.rel1.win32_1.0.0.202411081344/tools/bin/../lib/gcc/arm-none-eabi/13.3.1/../../../../arm-none-eabi/lib/thumb/v7-m/nofp\libc_nano.a(libc_a-memset.o)
                0x08006a94                memset
 .text._close_r
                0x08006aa4       0x20 C:/ST/STM32CubeIDE_1.18.1/STM32CubeIDE/plugins/com.st.stm32cube.ide.mcu.externaltools.gnu-tools-for-stm32.13.3.rel1.win32_1.0.0.202411081344/tools/bin/../lib/gcc/arm-none-eabi/13.3.1/../../../../arm-none-eabi/lib/thumb/v7-m/nofp\libc_nano.a(libc_a-closer.o)
                0x08006aa4                _close_r
 .text._lseek_r
                0x08006ac4       0x24 C:/ST/STM32CubeIDE_1.18.1/STM32CubeIDE/plugins/com.st.stm32cube.ide.mcu.externaltools.gnu-tools-for-stm32.13.3.rel1.win32_1.0.0.202411081344/tools/bin/../lib/gcc/arm-none-eabi/13.3.1/../../../../arm-none-eabi/lib/thumb/v7-m/nofp\libc_nano.a(libc_a-lseekr.o)
                0x08006ac4                _lseek_r
 .text._read_r  0x08006ae8       0x24 C:/ST/STM32CubeIDE_1.18.1/STM32CubeIDE/plugins/com.st.stm32cube.ide.mcu.externaltools.gnu-tools-for-stm32.13.3.rel1.win32_1.0.0.202411081344/tools/bin/../lib/gcc/arm-none-eabi/13.3.1/../../../../arm-none-eabi/lib/thumb/v7-m/nofp\libc_nano.a(libc_a-readr.o)
                0x08006ae8                _read_r
 .text._sbrk_r  0x08006b0c       0x20 C:/ST/STM32CubeIDE_1.18.1/STM32CubeIDE/plugins/com.st.stm32cube.ide.mcu.externaltools.gnu-tools-for-stm32.13.3.rel1.win32_1.0.0.202411081344/tools/bin/../lib/gcc/arm-none-eabi/13.3.1/../../../../arm-none-eabi/lib/thumb/v7-m/nofp\libc_nano.a(libc_a-sbrkr.o)
                0x08006b0c                _sbrk_r
 .text._write_r
                0x08006b2c       0x24 C:/ST/STM32CubeIDE_1.18.1/STM32CubeIDE/plugins/com.st.stm32cube.ide.mcu.externaltools.gnu-tools-for-stm32.13.3.rel1.win32_1.0.0.202411081344/tools/bin/../lib/gcc/arm-none-eabi/13.3.1/../../../../arm-none-eabi/lib/thumb/v7-m/nofp\libc_nano.a(libc_a-writer.o)
                0x08006b2c                _write_r
 .text.__errno  0x08006b50        0xc C:/ST/STM32CubeIDE_1.18.1/STM32CubeIDE/plugins/com.st.stm32cube.ide.mcu.externaltools.gnu-tools-for-stm32.13.3.rel1.win32_1.0.0.202411081344/tools/bin/../lib/gcc/arm-none-eabi/13.3.1/../../../../arm-none-eabi/lib/thumb/v7-m/nofp\libc_nano.a(libc_a-errno.o)
                0x08006b50                __errno
 .text.__libc_init_array
                0x08006b5c       0x48 C:/ST/STM32CubeIDE_1.18.1/STM32CubeIDE/plugins/com.st.stm32cube.ide.mcu.externaltools.gnu-tools-for-stm32.13.3.rel1.win32_1.0.0.202411081344/tools/bin/../lib/gcc/arm-none-eabi/13.3.1/../../../../arm-none-eabi/lib/thumb/v7-m/nofp\libc_nano.a(libc_a-init.o)
                0x08006b5c                __libc_init_array
 .text.__retarget_lock_init_recursive
                0x08006ba4        0x2 C:/ST/STM32CubeIDE_1.18.1/STM32CubeIDE/plugins/com.st.stm32cube.ide.mcu.externaltools.gnu-tools-for-stm32.13.3.rel1.win32_1.0.0.202411081344/tools/bin/../lib/gcc/arm-none-eabi/13.3.1/../../../../arm-none-eabi/lib/thumb/v7-m/nofp\libc_nano.a(libc_a-lock.o)
                0x08006ba4                __retarget_lock_init_recursive
 .text.__retarget_lock_acquire_recursive
                0x08006ba6        0x2 C:/ST/STM32CubeIDE_1.18.1/STM32CubeIDE/plugins/com.st.stm32cube.ide.mcu.externaltools.gnu-tools-for-stm32.13.3.rel1.win32_1.0.0.202411081344/tools/bin/../lib/gcc/arm-none-eabi/13.3.1/../../../../arm-none-eabi/lib/thumb/v7-m/nofp\libc_nano.a(libc_a-lock.o)
                0x08006ba6                __retarget_lock_acquire_recursive
 .text.__retarget_lock_release_recursive
                0x08006ba8        0x2 C:/ST/STM32CubeIDE_1.18.1/STM32CubeIDE/plugins/com.st.stm32cube.ide.mcu.externaltools.gnu-tools-for-stm32.13.3.rel1.win32_1.0.0.202411081344/tools/bin/../lib/gcc/arm-none-eabi/13.3.1/../../../../arm-none-eabi/lib/thumb/v7-m/nofp\libc_nano.a(libc_a-lock.o)
                0x08006ba8                __retarget_lock_release_recursive
 *fill*         0x08006baa        0x2 
 .text._free_r  0x08006bac       0x90 C:/ST/STM32CubeIDE_1.18.1/STM32CubeIDE/plugins/com.st.stm32cube.ide.mcu.externaltools.gnu-tools-for-stm32.13.3.rel1.win32_1.0.0.202411081344/tools/bin/../lib/gcc/arm-none-eabi/13.3.1/../../../../arm-none-eabi/lib/thumb/v7-m/nofp\libc_nano.a(libc_a-freer.o)
                0x08006bac                _free_r
 .text.__sfputc_r
                0x08006c3c       0x2a C:/ST/STM32CubeIDE_1.18.1/STM32CubeIDE/plugins/com.st.stm32cube.ide.mcu.externaltools.gnu-tools-for-stm32.13.3.rel1.win32_1.0.0.202411081344/tools/bin/../lib/gcc/arm-none-eabi/13.3.1/../../../../arm-none-eabi/lib/thumb/v7-m/nofp\libc_nano.a(libc_a-nano-vfprintf.o)
 .text.__sfputs_r
                0x08006c66       0x24 C:/ST/STM32CubeIDE_1.18.1/STM32CubeIDE/plugins/com.st.stm32cube.ide.mcu.externaltools.gnu-tools-for-stm32.13.3.rel1.win32_1.0.0.202411081344/tools/bin/../lib/gcc/arm-none-eabi/13.3.1/../../../../arm-none-eabi/lib/thumb/v7-m/nofp\libc_nano.a(libc_a-nano-vfprintf.o)
                0x08006c66                __sfputs_r
 *fill*         0x08006c8a        0x2 
 .text._vfprintf_r
                0x08006c8c      0x230 C:/ST/STM32CubeIDE_1.18.1/STM32CubeIDE/plugins/com.st.stm32cube.ide.mcu.externaltools.gnu-tools-for-stm32.13.3.rel1.win32_1.0.0.202411081344/tools/bin/../lib/gcc/arm-none-eabi/13.3.1/../../../../arm-none-eabi/lib/thumb/v7-m/nofp\libc_nano.a(libc_a-nano-vfprintf.o)
                0x08006c8c                _vfprintf_r
                0x08006c8c                _vfiprintf_r
 .text._printf_common
                0x08006ebc       0xe4 C:/ST/STM32CubeIDE_1.18.1/STM32CubeIDE/plugins/com.st.stm32cube.ide.mcu.externaltools.gnu-tools-for-stm32.13.3.rel1.win32_1.0.0.202411081344/tools/bin/../lib/gcc/arm-none-eabi/13.3.1/../../../../arm-none-eabi/lib/thumb/v7-m/nofp\libc_nano.a(libc_a-nano-vfprintf_i.o)
                0x08006ebc                _printf_common
 .text._printf_i
                0x08006fa0      0x23c C:/ST/STM32CubeIDE_1.18.1/STM32CubeIDE/plugins/com.st.stm32cube.ide.mcu.externaltools.gnu-tools-for-stm32.13.3.rel1.win32_1.0.0.202411081344/tools/bin/../lib/gcc/arm-none-eabi/13.3.1/../../../../arm-none-eabi/lib/thumb/v7-m/nofp\libc_nano.a(libc_a-nano-vfprintf_i.o)
                0x08006fa0                _printf_i
 .text.__sflush_r
                0x080071dc      0x100 C:/ST/STM32CubeIDE_1.18.1/STM32CubeIDE/plugins/com.st.stm32cube.ide.mcu.externaltools.gnu-tools-for-stm32.13.3.rel1.win32_1.0.0.202411081344/tools/bin/../lib/gcc/arm-none-eabi/13.3.1/../../../../arm-none-eabi/lib/thumb/v7-m/nofp\libc_nano.a(libc_a-fflush.o)
                0x080071dc                __sflush_r
 .text._fflush_r
                0x080072dc       0x50 C:/ST/STM32CubeIDE_1.18.1/STM32CubeIDE/plugins/com.st.stm32cube.ide.mcu.externaltools.gnu-tools-for-stm32.13.3.rel1.win32_1.0.0.202411081344/tools/bin/../lib/gcc/arm-none-eabi/13.3.1/../../../../arm-none-eabi/lib/thumb/v7-m/nofp\libc_nano.a(libc_a-fflush.o)
                0x080072dc                _fflush_r
 .text.__swhatbuf_r
                0x0800732c       0x4a C:/ST/STM32CubeIDE_1.18.1/STM32CubeIDE/plugins/com.st.stm32cube.ide.mcu.externaltools.gnu-tools-for-stm32.13.3.rel1.win32_1.0.0.202411081344/tools/bin/../lib/gcc/arm-none-eabi/13.3.1/../../../../arm-none-eabi/lib/thumb/v7-m/nofp\libc_nano.a(libc_a-makebuf.o)
                0x0800732c                __swhatbuf_r
 .text.__smakebuf_r
                0x08007376       0x78 C:/ST/STM32CubeIDE_1.18.1/STM32CubeIDE/plugins/com.st.stm32cube.ide.mcu.externaltools.gnu-tools-for-stm32.13.3.rel1.win32_1.0.0.202411081344/tools/bin/../lib/gcc/arm-none-eabi/13.3.1/../../../../arm-none-eabi/lib/thumb/v7-m/nofp\libc_nano.a(libc_a-makebuf.o)
                0x08007376                __smakebuf_r
 *fill*         0x080073ee        0x2 
 .text._fstat_r
                0x080073f0       0x24 C:/ST/STM32CubeIDE_1.18.1/STM32CubeIDE/plugins/com.st.stm32cube.ide.mcu.externaltools.gnu-tools-for-stm32.13.3.rel1.win32_1.0.0.202411081344/tools/bin/../lib/gcc/arm-none-eabi/13.3.1/../../../../arm-none-eabi/lib/thumb/v7-m/nofp\libc_nano.a(libc_a-fstatr.o)
                0x080073f0                _fstat_r
 .text._isatty_r
                0x08007414       0x20 C:/ST/STM32CubeIDE_1.18.1/STM32CubeIDE/plugins/com.st.stm32cube.ide.mcu.externaltools.gnu-tools-for-stm32.13.3.rel1.win32_1.0.0.202411081344/tools/bin/../lib/gcc/arm-none-eabi/13.3.1/../../../../arm-none-eabi/lib/thumb/v7-m/nofp\libc_nano.a(libc_a-isattyr.o)
                0x08007414                _isatty_r
 .text.memchr   0x08007434       0x1c C:/ST/STM32CubeIDE_1.18.1/STM32CubeIDE/plugins/com.st.stm32cube.ide.mcu.externaltools.gnu-tools-for-stm32.13.3.rel1.win32_1.0.0.202411081344/tools/bin/../lib/gcc/arm-none-eabi/13.3.1/../../../../arm-none-eabi/lib/thumb/v7-m/nofp\libc_nano.a(libc_a-memchr-stub.o)
                0x08007434                memchr
 *(.glue_7)
 .glue_7        0x08007450        0x0 linker stubs
 *(.glue_7t)
 .glue_7t       0x08007450        0x0 linker stubs
 *(.eh_frame)
 .eh_frame      0x08007450        0x0 C:/ST/STM32CubeIDE_1.18.1/STM32CubeIDE/plugins/com.st.stm32cube.ide.mcu.externaltools.gnu-tools-for-stm32.13.3.rel1.win32_1.0.0.202411081344/tools/bin/../lib/gcc/arm-none-eabi/13.3.1/thumb/v7-m/nofp/crtbegin.o
 *(.init)
 .init          0x08007450        0x4 C:/ST/STM32CubeIDE_1.18.1/STM32CubeIDE/plugins/com.st.stm32cube.ide.mcu.externaltools.gnu-tools-for-stm32.13.3.rel1.win32_1.0.0.202411081344/tools/bin/../lib/gcc/arm-none-eabi/13.3.1/thumb/v7-m/nofp/crti.o
                0x08007450                _init
 .init          0x08007454        0x8 C:/ST/STM32CubeIDE_1.18.1/STM32CubeIDE/plugins/com.st.stm32cube.ide.mcu.externaltools.gnu-tools-for-stm32.13.3.rel1.win32_1.0.0.202411081344/tools/bin/../lib/gcc/arm-none-eabi/13.3.1/thumb/v7-m/nofp/crtn.o
 *(.fini)
 .fini          0x0800745c        0x4 C:/ST/STM32CubeIDE_1.18.1/STM32CubeIDE/plugins/com.st.stm32cube.ide.mcu.externaltools.gnu-tools-for-stm32.13.3.rel1.win32_1.0.0.202411081344/tools/bin/../lib/gcc/arm-none-eabi/13.3.1/thumb/v7-m/nofp/crti.o
                0x0800745c                _fini
 .fini          0x08007460        0x8 C:/ST/STM32CubeIDE_1.18.1/STM32CubeIDE/plugins/com.st.stm32cube.ide.mcu.externaltools.gnu-tools-for-stm32.13.3.rel1.win32_1.0.0.202411081344/tools/bin/../lib/gcc/arm-none-eabi/13.3.1/thumb/v7-m/nofp/crtn.o
                0x08007468                        . = ALIGN (0x4)
                0x08007468                        _etext = .

.vfp11_veneer   0x08007468        0x0
 .vfp11_veneer  0x08007468        0x0 linker stubs

.v4_bx          0x08007468        0x0
 .v4_bx         0x08007468        0x0 linker stubs

.iplt           0x08007468        0x0
 .iplt          0x08007468        0x0 C:/ST/STM32CubeIDE_1.18.1/STM32CubeIDE/plugins/com.st.stm32cube.ide.mcu.externaltools.gnu-tools-for-stm32.13.3.rel1.win32_1.0.0.202411081344/tools/bin/../lib/gcc/arm-none-eabi/13.3.1/thumb/v7-m/nofp/crtbegin.o

.rodata         0x08007468      0x230
                0x08007468                        . = ALIGN (0x4)
 *(.rodata)
 .rodata        0x08007468      0x19c ./Core/Src/main.o
 .rodata        0x08007604       0x46 ./USB_DEVICE/App/usbd_desc.o
 *(.rodata*)
 *fill*         0x0800764a        0x2 
 .rodata.AHBPrescTable
                0x0800764c       0x10 ./Core/Src/system_stm32f2xx.o
                0x0800764c                AHBPrescTable
 .rodata.APBPrescTable
                0x0800765c        0x8 ./Core/Src/system_stm32f2xx.o
                0x0800765c                APBPrescTable
 .rodata._vfprintf_r.str1.1
                0x08007664       0x33 C:/ST/STM32CubeIDE_1.18.1/STM32CubeIDE/plugins/com.st.stm32cube.ide.mcu.externaltools.gnu-tools-for-stm32.13.3.rel1.win32_1.0.0.202411081344/tools/bin/../lib/gcc/arm-none-eabi/13.3.1/../../../../arm-none-eabi/lib/thumb/v7-m/nofp\libc_nano.a(libc_a-nano-vfprintf.o)
                                 0x11 (size before relaxing)
 .rodata._printf_i.str1.1
                0x08007697       0x22 C:/ST/STM32CubeIDE_1.18.1/STM32CubeIDE/plugins/com.st.stm32cube.ide.mcu.externaltools.gnu-tools-for-stm32.13.3.rel1.win32_1.0.0.202411081344/tools/bin/../lib/gcc/arm-none-eabi/13.3.1/../../../../arm-none-eabi/lib/thumb/v7-m/nofp\libc_nano.a(libc_a-nano-vfprintf_i.o)
                0x080076bc                        . = ALIGN (0x4)
 *fill*         0x08007697        0x1 

.ARM.extab      0x08007698        0x0
                0x08007698                        . = ALIGN (0x4)
 *(.ARM.extab* .gnu.linkonce.armextab.*)
                0x08007698                        . = ALIGN (0x4)

.ARM            0x08007698        0x8
                0x08007698                        . = ALIGN (0x4)
                0x08007698                        __exidx_start = .
 *(.ARM.exidx*)
 .ARM.exidx     0x08007698        0x8 C:/ST/STM32CubeIDE_1.18.1/STM32CubeIDE/plugins/com.st.stm32cube.ide.mcu.externaltools.gnu-tools-for-stm32.13.3.rel1.win32_1.0.0.202411081344/tools/bin/../lib/gcc/arm-none-eabi/13.3.1/thumb/v7-m/nofp\libgcc.a(_udivmoddi4.o)
                0x080076a0                        __exidx_end = .
                0x080076a0                        . = ALIGN (0x4)

.preinit_array  0x080076a0        0x0
                0x080076a0                        . = ALIGN (0x4)
                0x080076a0                        PROVIDE (__preinit_array_start = .)
 *(.preinit_array*)
                0x080076a0                        PROVIDE (__preinit_array_end = .)
                0x080076a0                        . = ALIGN (0x4)

.init_array     0x080076a0        0x4
                0x080076a0                        . = ALIGN (0x4)
                0x080076a0                        PROVIDE (__init_array_start = .)
 *(SORT_BY_NAME(.init_array.*))
 *(.init_array*)
 .init_array    0x080076a0        0x4 C:/ST/STM32CubeIDE_1.18.1/STM32CubeIDE/plugins/com.st.stm32cube.ide.mcu.externaltools.gnu-tools-for-stm32.13.3.rel1.win32_1.0.0.202411081344/tools/bin/../lib/gcc/arm-none-eabi/13.3.1/thumb/v7-m/nofp/crtbegin.o
                0x080076a4                        PROVIDE (__init_array_end = .)
                0x080076a4                        . = ALIGN (0x4)

.fini_array     0x080076a4        0x4
                0x080076a4                        . = ALIGN (0x4)
                [!provide]                        PROVIDE (__fini_array_start = .)
 *(SORT_BY_NAME(.fini_array.*))
 *(.fini_array*)
 .fini_array    0x080076a4        0x4 C:/ST/STM32CubeIDE_1.18.1/STM32CubeIDE/plugins/com.st.stm32cube.ide.mcu.externaltools.gnu-tools-for-stm32.13.3.rel1.win32_1.0.0.202411081344/tools/bin/../lib/gcc/arm-none-eabi/13.3.1/thumb/v7-m/nofp/crtbegin.o
                [!provide]                        PROVIDE (__fini_array_end = .)
                0x080076a8                        . = ALIGN (0x4)
                0x080076a8                        _sidata = LOADADDR (.data)

.rel.dyn        0x080076a8        0x0
 .rel.iplt      0x080076a8        0x0 C:/ST/STM32CubeIDE_1.18.1/STM32CubeIDE/plugins/com.st.stm32cube.ide.mcu.externaltools.gnu-tools-for-stm32.13.3.rel1.win32_1.0.0.202411081344/tools/bin/../lib/gcc/arm-none-eabi/13.3.1/thumb/v7-m/nofp/crtbegin.o

.data           0x20000000      0x1d8 load address 0x080076a8
                0x20000000                        . = ALIGN (0x4)
                0x20000000                        _sdata = .
 *(.data)
 *(.data*)
 .data.SystemCoreClock
                0x20000000        0x4 ./Core/Src/system_stm32f2xx.o
                0x20000000                SystemCoreClock
 .data.uwTickPrio
                0x20000004        0x4 ./Drivers/STM32F2xx_HAL_Driver/Src/stm32f2xx_hal.o
                0x20000004                uwTickPrio
 .data.uwTickFreq
                0x20000008        0x1 ./Drivers/STM32F2xx_HAL_Driver/Src/stm32f2xx_hal.o
                0x20000008                uwTickFreq
 *fill*         0x20000009        0x3 
 .data.USBD_CDC_DeviceQualifierDesc
                0x2000000c        0xa ./Middlewares/ST/STM32_USB_Device_Library/Class/CDC/Src/usbd_cdc.o
 *fill*         0x20000016        0x2 
 .data.USBD_CDC
                0x20000018       0x38 ./Middlewares/ST/STM32_USB_Device_Library/Class/CDC/Src/usbd_cdc.o
                0x20000018                USBD_CDC
 .data.USBD_CDC_CfgHSDesc
                0x20000050       0x43 ./Middlewares/ST/STM32_USB_Device_Library/Class/CDC/Src/usbd_cdc.o
                0x20000050                USBD_CDC_CfgHSDesc
 *fill*         0x20000093        0x1 
 .data.USBD_CDC_CfgFSDesc
                0x20000094       0x43 ./Middlewares/ST/STM32_USB_Device_Library/Class/CDC/Src/usbd_cdc.o
                0x20000094                USBD_CDC_CfgFSDesc
 *fill*         0x200000d7        0x1 
 .data.USBD_CDC_OtherSpeedCfgDesc
                0x200000d8       0x43 ./Middlewares/ST/STM32_USB_Device_Library/Class/CDC/Src/usbd_cdc.o
                0x200000d8                USBD_CDC_OtherSpeedCfgDesc
 *fill*         0x2000011b        0x1 
 .data.USBD_Interface_fops_FS
                0x2000011c       0x10 ./USB_DEVICE/App/usbd_cdc_if.o
                0x2000011c                USBD_Interface_fops_FS
 .data.FS_Desc  0x2000012c       0x1c ./USB_DEVICE/App/usbd_desc.o
                0x2000012c                FS_Desc
 .data.USBD_FS_DeviceDesc
                0x20000148       0x12 ./USB_DEVICE/App/usbd_desc.o
                0x20000148                USBD_FS_DeviceDesc
 *fill*         0x2000015a        0x2 
 .data.USBD_LangIDDesc
                0x2000015c        0x4 ./USB_DEVICE/App/usbd_desc.o
                0x2000015c                USBD_LangIDDesc
 .data.USBD_StringSerial
                0x20000160       0x1a ./USB_DEVICE/App/usbd_desc.o
                0x20000160                USBD_StringSerial
 *fill*         0x2000017a        0x2 
 .data.__sglue  0x2000017c        0xc C:/ST/STM32CubeIDE_1.18.1/STM32CubeIDE/plugins/com.st.stm32cube.ide.mcu.externaltools.gnu-tools-for-stm32.13.3.rel1.win32_1.0.0.202411081344/tools/bin/../lib/gcc/arm-none-eabi/13.3.1/../../../../arm-none-eabi/lib/thumb/v7-m/nofp\libc_nano.a(libc_a-findfp.o)
                0x2000017c                __sglue
 .data._impure_ptr
                0x20000188        0x4 C:/ST/STM32CubeIDE_1.18.1/STM32CubeIDE/plugins/com.st.stm32cube.ide.mcu.externaltools.gnu-tools-for-stm32.13.3.rel1.win32_1.0.0.202411081344/tools/bin/../lib/gcc/arm-none-eabi/13.3.1/../../../../arm-none-eabi/lib/thumb/v7-m/nofp\libc_nano.a(libc_a-impure.o)
                0x20000188                _impure_ptr
 .data._impure_data
                0x2000018c       0x4c C:/ST/STM32CubeIDE_1.18.1/STM32CubeIDE/plugins/com.st.stm32cube.ide.mcu.externaltools.gnu-tools-for-stm32.13.3.rel1.win32_1.0.0.202411081344/tools/bin/../lib/gcc/arm-none-eabi/13.3.1/../../../../arm-none-eabi/lib/thumb/v7-m/nofp\libc_nano.a(libc_a-impure.o)
                0x2000018c                _impure_data
 *(.RamFunc)
 *(.RamFunc*)
                0x200001d8                        . = ALIGN (0x4)
                0x200001d8                        _edata = .

.igot.plt       0x200001d8        0x0 load address 0x08007880
 .igot.plt      0x200001d8        0x0 C:/ST/STM32CubeIDE_1.18.1/STM32CubeIDE/plugins/com.st.stm32cube.ide.mcu.externaltools.gnu-tools-for-stm32.13.3.rel1.win32_1.0.0.202411081344/tools/bin/../lib/gcc/arm-none-eabi/13.3.1/thumb/v7-m/nofp/crtbegin.o
                0x200001d8                        . = ALIGN (0x4)

.bss            0x200001d8     0x1b14 load address 0x08007880
                0x200001d8                        _sbss = .
                0x200001d8                        __bss_start__ = _sbss
 *(.bss)
 .bss           0x200001d8       0x1c C:/ST/STM32CubeIDE_1.18.1/STM32CubeIDE/plugins/com.st.stm32cube.ide.mcu.externaltools.gnu-tools-for-stm32.13.3.rel1.win32_1.0.0.202411081344/tools/bin/../lib/gcc/arm-none-eabi/13.3.1/thumb/v7-m/nofp/crtbegin.o
 *(.bss*)
 .bss.__sbrk_heap_end
                0x200001f4        0x4 ./Core/Src/sysmem.o
 .bss.uwTick    0x200001f8        0x4 ./Drivers/STM32F2xx_HAL_Driver/Src/stm32f2xx_hal.o
                0x200001f8                uwTick
 .bss.cfgidx.0  0x200001fc        0x1 ./Middlewares/ST/STM32_USB_Device_Library/Core/Src/usbd_ctlreq.o
 *fill*         0x200001fd        0x3 
 .bss.hUsbDeviceFS
                0x20000200      0x2c4 ./USB_DEVICE/App/usb_device.o
                0x20000200                hUsbDeviceFS
 .bss.UserRxBufferFS
                0x200004c4      0x800 ./USB_DEVICE/App/usbd_cdc_if.o
                0x200004c4                UserRxBufferFS
 .bss.UserTxBufferFS
                0x20000cc4      0x800 ./USB_DEVICE/App/usbd_cdc_if.o
                0x20000cc4                UserTxBufferFS
 .bss.USBD_StrDesc
                0x200014c4      0x200 ./USB_DEVICE/App/usbd_desc.o
                0x200014c4                USBD_StrDesc
 .bss.hpcd_USB_OTG_FS
                0x200016c4      0x4dc ./USB_DEVICE/Target/usbd_conf.o
                0x200016c4                hpcd_USB_OTG_FS
 .bss.__malloc_sbrk_start
                0x20001ba0        0x4 C:/ST/STM32CubeIDE_1.18.1/STM32CubeIDE/plugins/com.st.stm32cube.ide.mcu.externaltools.gnu-tools-for-stm32.13.3.rel1.win32_1.0.0.202411081344/tools/bin/../lib/gcc/arm-none-eabi/13.3.1/../../../../arm-none-eabi/lib/thumb/v7-m/nofp\libc_nano.a(libc_a-mallocr.o)
                0x20001ba0                __malloc_sbrk_start
 .bss.__malloc_free_list
                0x20001ba4        0x4 C:/ST/STM32CubeIDE_1.18.1/STM32CubeIDE/plugins/com.st.stm32cube.ide.mcu.externaltools.gnu-tools-for-stm32.13.3.rel1.win32_1.0.0.202411081344/tools/bin/../lib/gcc/arm-none-eabi/13.3.1/../../../../arm-none-eabi/lib/thumb/v7-m/nofp\libc_nano.a(libc_a-mallocr.o)
                0x20001ba4                __malloc_free_list
 .bss.__sf      0x20001ba8      0x138 C:/ST/STM32CubeIDE_1.18.1/STM32CubeIDE/plugins/com.st.stm32cube.ide.mcu.externaltools.gnu-tools-for-stm32.13.3.rel1.win32_1.0.0.202411081344/tools/bin/../lib/gcc/arm-none-eabi/13.3.1/../../../../arm-none-eabi/lib/thumb/v7-m/nofp\libc_nano.a(libc_a-findfp.o)
                0x20001ba8                __sf
 .bss.__stdio_exit_handler
                0x20001ce0        0x4 C:/ST/STM32CubeIDE_1.18.1/STM32CubeIDE/plugins/com.st.stm32cube.ide.mcu.externaltools.gnu-tools-for-stm32.13.3.rel1.win32_1.0.0.202411081344/tools/bin/../lib/gcc/arm-none-eabi/13.3.1/../../../../arm-none-eabi/lib/thumb/v7-m/nofp\libc_nano.a(libc_a-findfp.o)
                0x20001ce0                __stdio_exit_handler
 .bss.errno     0x20001ce4        0x4 C:/ST/STM32CubeIDE_1.18.1/STM32CubeIDE/plugins/com.st.stm32cube.ide.mcu.externaltools.gnu-tools-for-stm32.13.3.rel1.win32_1.0.0.202411081344/tools/bin/../lib/gcc/arm-none-eabi/13.3.1/../../../../arm-none-eabi/lib/thumb/v7-m/nofp\libc_nano.a(libc_a-reent.o)
                0x20001ce4                errno
 .bss.__lock___malloc_recursive_mutex
                0x20001ce8        0x1 C:/ST/STM32CubeIDE_1.18.1/STM32CubeIDE/plugins/com.st.stm32cube.ide.mcu.externaltools.gnu-tools-for-stm32.13.3.rel1.win32_1.0.0.202411081344/tools/bin/../lib/gcc/arm-none-eabi/13.3.1/../../../../arm-none-eabi/lib/thumb/v7-m/nofp\libc_nano.a(libc_a-lock.o)
                0x20001ce8                __lock___malloc_recursive_mutex
 .bss.__lock___sfp_recursive_mutex
                0x20001ce9        0x1 C:/ST/STM32CubeIDE_1.18.1/STM32CubeIDE/plugins/com.st.stm32cube.ide.mcu.externaltools.gnu-tools-for-stm32.13.3.rel1.win32_1.0.0.202411081344/tools/bin/../lib/gcc/arm-none-eabi/13.3.1/../../../../arm-none-eabi/lib/thumb/v7-m/nofp\libc_nano.a(libc_a-lock.o)
                0x20001ce9                __lock___sfp_recursive_mutex
 *(COMMON)
                0x20001cec                        . = ALIGN (0x4)
 *fill*         0x20001cea        0x2 
                0x20001cec                        _ebss = .
                0x20001cec                        __bss_end__ = _ebss

._user_heap_stack
                0x20001cec      0x604 load address 0x08007880
                0x20001cf0                        . = ALIGN (0x8)
 *fill*         0x20001cec        0x4 
                [!provide]                        PROVIDE (end = .)
                0x20001cf0                        PROVIDE (_end = .)
                0x20001ef0                        . = (. + _Min_Heap_Size)
 *fill*         0x20001cf0      0x200 
                0x200022f0                        . = (. + _Min_Stack_Size)
 *fill*         0x20001ef0      0x400 
                0x200022f0                        . = ALIGN (0x8)

/DISCARD/
 libc.a(*)
 libm.a(*)
 libgcc.a(*)

.ARM.attributes
                0x00000000       0x29
 *(.ARM.attributes)
 .ARM.attributes
                0x00000000       0x1d C:/ST/STM32CubeIDE_1.18.1/STM32CubeIDE/plugins/com.st.stm32cube.ide.mcu.externaltools.gnu-tools-for-stm32.13.3.rel1.win32_1.0.0.202411081344/tools/bin/../lib/gcc/arm-none-eabi/13.3.1/thumb/v7-m/nofp/crti.o
 .ARM.attributes
                0x0000001d       0x2d C:/ST/STM32CubeIDE_1.18.1/STM32CubeIDE/plugins/com.st.stm32cube.ide.mcu.externaltools.gnu-tools-for-stm32.13.3.rel1.win32_1.0.0.202411081344/tools/bin/../lib/gcc/arm-none-eabi/13.3.1/thumb/v7-m/nofp/crtbegin.o
 .ARM.attributes
                0x0000004a       0x2d ./Core/Src/main.o
 .ARM.attributes
                0x00000077       0x2d ./Core/Src/stm32f2xx_hal_msp.o
 .ARM.attributes
                0x000000a4       0x2d ./Core/Src/stm32f2xx_it.o
 .ARM.attributes
                0x000000d1       0x2d ./Core/Src/syscalls.o
 .ARM.attributes
                0x000000fe       0x2d ./Core/Src/sysmem.o
 .ARM.attributes
                0x0000012b       0x2d ./Core/Src/system_stm32f2xx.o
 .ARM.attributes
                0x00000158       0x21 ./Core/Startup/startup_stm32f207zgtx.o
 .ARM.attributes
                0x00000179       0x2d ./Drivers/STM32F2xx_HAL_Driver/Src/stm32f2xx_hal.o
 .ARM.attributes
                0x000001a6       0x2d ./Drivers/STM32F2xx_HAL_Driver/Src/stm32f2xx_hal_cortex.o
 .ARM.attributes
                0x000001d3       0x2d ./Drivers/STM32F2xx_HAL_Driver/Src/stm32f2xx_hal_gpio.o
 .ARM.attributes
                0x00000200       0x2d ./Drivers/STM32F2xx_HAL_Driver/Src/stm32f2xx_hal_pcd.o
 .ARM.attributes
                0x0000022d       0x2d ./Drivers/STM32F2xx_HAL_Driver/Src/stm32f2xx_hal_pcd_ex.o
 .ARM.attributes
                0x0000025a       0x2d ./Drivers/STM32F2xx_HAL_Driver/Src/stm32f2xx_hal_rcc.o
 .ARM.attributes
                0x00000287       0x2d ./Drivers/STM32F2xx_HAL_Driver/Src/stm32f2xx_ll_usb.o
 .ARM.attributes
                0x000002b4       0x2d ./Middlewares/ST/STM32_USB_Device_Library/Class/CDC/Src/usbd_cdc.o
 .ARM.attributes
                0x000002e1       0x2d ./Middlewares/ST/STM32_USB_Device_Library/Core/Src/usbd_core.o
 .ARM.attributes
                0x0000030e       0x2d ./Middlewares/ST/STM32_USB_Device_Library/Core/Src/usbd_ctlreq.o
 .ARM.attributes
                0x0000033b       0x2d ./Middlewares/ST/STM32_USB_Device_Library/Core/Src/usbd_ioreq.o
 .ARM.attributes
                0x00000368       0x2d ./USB_DEVICE/App/usb_device.o
 .ARM.attributes
                0x00000395       0x2d ./USB_DEVICE/App/usbd_cdc_if.o
 .ARM.attributes
                0x000003c2       0x2d ./USB_DEVICE/App/usbd_desc.o
 .ARM.attributes
                0x000003ef       0x2d ./USB_DEVICE/Target/usbd_conf.o
 .ARM.attributes
                0x0000041c       0x2d C:/ST/STM32CubeIDE_1.18.1/STM32CubeIDE/plugins/com.st.stm32cube.ide.mcu.externaltools.gnu-tools-for-stm32.13.3.rel1.win32_1.0.0.202411081344/tools/bin/../lib/gcc/arm-none-eabi/13.3.1/../../../../arm-none-eabi/lib/thumb/v7-m/nofp\libc_nano.a(libc_a-malloc.o)
 .ARM.attributes
                0x00000449       0x2d C:/ST/STM32CubeIDE_1.18.1/STM32CubeIDE/plugins/com.st.stm32cube.ide.mcu.externaltools.gnu-tools-for-stm32.13.3.rel1.win32_1.0.0.202411081344/tools/bin/../lib/gcc/arm-none-eabi/13.3.1/../../../../arm-none-eabi/lib/thumb/v7-m/nofp\libc_nano.a(libc_a-mallocr.o)
 .ARM.attributes
                0x00000476       0x2d C:/ST/STM32CubeIDE_1.18.1/STM32CubeIDE/plugins/com.st.stm32cube.ide.mcu.externaltools.gnu-tools-for-stm32.13.3.rel1.win32_1.0.0.202411081344/tools/bin/../lib/gcc/arm-none-eabi/13.3.1/../../../../arm-none-eabi/lib/thumb/v7-m/nofp\libc_nano.a(libc_a-mlock.o)
 .ARM.attributes
                0x000004a3       0x2d C:/ST/STM32CubeIDE_1.18.1/STM32CubeIDE/plugins/com.st.stm32cube.ide.mcu.externaltools.gnu-tools-for-stm32.13.3.rel1.win32_1.0.0.202411081344/tools/bin/../lib/gcc/arm-none-eabi/13.3.1/../../../../arm-none-eabi/lib/thumb/v7-m/nofp\libc_nano.a(libc_a-findfp.o)
 .ARM.attributes
                0x000004d0       0x2d C:/ST/STM32CubeIDE_1.18.1/STM32CubeIDE/plugins/com.st.stm32cube.ide.mcu.externaltools.gnu-tools-for-stm32.13.3.rel1.win32_1.0.0.202411081344/tools/bin/../lib/gcc/arm-none-eabi/13.3.1/../../../../arm-none-eabi/lib/thumb/v7-m/nofp\libc_nano.a(libc_a-fwalk.o)
 .ARM.attributes
                0x000004fd       0x2d C:/ST/STM32CubeIDE_1.18.1/STM32CubeIDE/plugins/com.st.stm32cube.ide.mcu.externaltools.gnu-tools-for-stm32.13.3.rel1.win32_1.0.0.202411081344/tools/bin/../lib/gcc/arm-none-eabi/13.3.1/../../../../arm-none-eabi/lib/thumb/v7-m/nofp\libc_nano.a(libc_a-printf.o)
 .ARM.attributes
                0x0000052a       0x2d C:/ST/STM32CubeIDE_1.18.1/STM32CubeIDE/plugins/com.st.stm32cube.ide.mcu.externaltools.gnu-tools-for-stm32.13.3.rel1.win32_1.0.0.202411081344/tools/bin/../lib/gcc/arm-none-eabi/13.3.1/../../../../arm-none-eabi/lib/thumb/v7-m/nofp\libc_nano.a(libc_a-puts.o)
 .ARM.attributes
                0x00000557       0x2d C:/ST/STM32CubeIDE_1.18.1/STM32CubeIDE/plugins/com.st.stm32cube.ide.mcu.externaltools.gnu-tools-for-stm32.13.3.rel1.win32_1.0.0.202411081344/tools/bin/../lib/gcc/arm-none-eabi/13.3.1/../../../../arm-none-eabi/lib/thumb/v7-m/nofp\libc_nano.a(libc_a-stdio.o)
 .ARM.attributes
                0x00000584       0x2d C:/ST/STM32CubeIDE_1.18.1/STM32CubeIDE/plugins/com.st.stm32cube.ide.mcu.externaltools.gnu-tools-for-stm32.13.3.rel1.win32_1.0.0.202411081344/tools/bin/../lib/gcc/arm-none-eabi/13.3.1/../../../../arm-none-eabi/lib/thumb/v7-m/nofp\libc_nano.a(libc_a-wbuf.o)
 .ARM.attributes
                0x000005b1       0x2d C:/ST/STM32CubeIDE_1.18.1/STM32CubeIDE/plugins/com.st.stm32cube.ide.mcu.externaltools.gnu-tools-for-stm32.13.3.rel1.win32_1.0.0.202411081344/tools/bin/../lib/gcc/arm-none-eabi/13.3.1/../../../../arm-none-eabi/lib/thumb/v7-m/nofp\libc_nano.a(libc_a-wsetup.o)
 .ARM.attributes
                0x000005de       0x2d C:/ST/STM32CubeIDE_1.18.1/STM32CubeIDE/plugins/com.st.stm32cube.ide.mcu.externaltools.gnu-tools-for-stm32.13.3.rel1.win32_1.0.0.202411081344/tools/bin/../lib/gcc/arm-none-eabi/13.3.1/../../../../arm-none-eabi/lib/thumb/v7-m/nofp\libc_nano.a(libc_a-memset.o)
 .ARM.attributes
                0x0000060b       0x2d C:/ST/STM32CubeIDE_1.18.1/STM32CubeIDE/plugins/com.st.stm32cube.ide.mcu.externaltools.gnu-tools-for-stm32.13.3.rel1.win32_1.0.0.202411081344/tools/bin/../lib/gcc/arm-none-eabi/13.3.1/../../../../arm-none-eabi/lib/thumb/v7-m/nofp\libc_nano.a(libc_a-closer.o)
 .ARM.attributes
                0x00000638       0x2d C:/ST/STM32CubeIDE_1.18.1/STM32CubeIDE/plugins/com.st.stm32cube.ide.mcu.externaltools.gnu-tools-for-stm32.13.3.rel1.win32_1.0.0.202411081344/tools/bin/../lib/gcc/arm-none-eabi/13.3.1/../../../../arm-none-eabi/lib/thumb/v7-m/nofp\libc_nano.a(libc_a-reent.o)
 .ARM.attributes
                0x00000665       0x2d C:/ST/STM32CubeIDE_1.18.1/STM32CubeIDE/plugins/com.st.stm32cube.ide.mcu.externaltools.gnu-tools-for-stm32.13.3.rel1.win32_1.0.0.202411081344/tools/bin/../lib/gcc/arm-none-eabi/13.3.1/../../../../arm-none-eabi/lib/thumb/v7-m/nofp\libc_nano.a(libc_a-impure.o)
 .ARM.attributes
                0x00000692       0x2d C:/ST/STM32CubeIDE_1.18.1/STM32CubeIDE/plugins/com.st.stm32cube.ide.mcu.externaltools.gnu-tools-for-stm32.13.3.rel1.win32_1.0.0.202411081344/tools/bin/../lib/gcc/arm-none-eabi/13.3.1/../../../../arm-none-eabi/lib/thumb/v7-m/nofp\libc_nano.a(libc_a-lseekr.o)
 .ARM.attributes
                0x000006bf       0x2d C:/ST/STM32CubeIDE_1.18.1/STM32CubeIDE/plugins/com.st.stm32cube.ide.mcu.externaltools.gnu-tools-for-stm32.13.3.rel1.win32_1.0.0.202411081344/tools/bin/../lib/gcc/arm-none-eabi/13.3.1/../../../../arm-none-eabi/lib/thumb/v7-m/nofp\libc_nano.a(libc_a-readr.o)
 .ARM.attributes
                0x000006ec       0x2d C:/ST/STM32CubeIDE_1.18.1/STM32CubeIDE/plugins/com.st.stm32cube.ide.mcu.externaltools.gnu-tools-for-stm32.13.3.rel1.win32_1.0.0.202411081344/tools/bin/../lib/gcc/arm-none-eabi/13.3.1/../../../../arm-none-eabi/lib/thumb/v7-m/nofp\libc_nano.a(libc_a-sbrkr.o)
 .ARM.attributes
                0x00000719       0x2d C:/ST/STM32CubeIDE_1.18.1/STM32CubeIDE/plugins/com.st.stm32cube.ide.mcu.externaltools.gnu-tools-for-stm32.13.3.rel1.win32_1.0.0.202411081344/tools/bin/../lib/gcc/arm-none-eabi/13.3.1/../../../../arm-none-eabi/lib/thumb/v7-m/nofp\libc_nano.a(libc_a-writer.o)
 .ARM.attributes
                0x00000746       0x2d C:/ST/STM32CubeIDE_1.18.1/STM32CubeIDE/plugins/com.st.stm32cube.ide.mcu.externaltools.gnu-tools-for-stm32.13.3.rel1.win32_1.0.0.202411081344/tools/bin/../lib/gcc/arm-none-eabi/13.3.1/../../../../arm-none-eabi/lib/thumb/v7-m/nofp\libc_nano.a(libc_a-errno.o)
 .ARM.attributes
                0x00000773       0x2d C:/ST/STM32CubeIDE_1.18.1/STM32CubeIDE/plugins/com.st.stm32cube.ide.mcu.externaltools.gnu-tools-for-stm32.13.3.rel1.win32_1.0.0.202411081344/tools/bin/../lib/gcc/arm-none-eabi/13.3.1/../../../../arm-none-eabi/lib/thumb/v7-m/nofp\libc_nano.a(libc_a-init.o)
 .ARM.attributes
                0x000007a0       0x2d C:/ST/STM32CubeIDE_1.18.1/STM32CubeIDE/plugins/com.st.stm32cube.ide.mcu.externaltools.gnu-tools-for-stm32.13.3.rel1.win32_1.0.0.202411081344/tools/bin/../lib/gcc/arm-none-eabi/13.3.1/../../../../arm-none-eabi/lib/thumb/v7-m/nofp\libc_nano.a(libc_a-lock.o)
 .ARM.attributes
                0x000007cd       0x2d C:/ST/STM32CubeIDE_1.18.1/STM32CubeIDE/plugins/com.st.stm32cube.ide.mcu.externaltools.gnu-tools-for-stm32.13.3.rel1.win32_1.0.0.202411081344/tools/bin/../lib/gcc/arm-none-eabi/13.3.1/../../../../arm-none-eabi/lib/thumb/v7-m/nofp\libc_nano.a(libc_a-freer.o)
 .ARM.attributes
                0x000007fa       0x2d C:/ST/STM32CubeIDE_1.18.1/STM32CubeIDE/plugins/com.st.stm32cube.ide.mcu.externaltools.gnu-tools-for-stm32.13.3.rel1.win32_1.0.0.202411081344/tools/bin/../lib/gcc/arm-none-eabi/13.3.1/../../../../arm-none-eabi/lib/thumb/v7-m/nofp\libc_nano.a(libc_a-nano-vfprintf.o)
 .ARM.attributes
                0x00000827       0x2d C:/ST/STM32CubeIDE_1.18.1/STM32CubeIDE/plugins/com.st.stm32cube.ide.mcu.externaltools.gnu-tools-for-stm32.13.3.rel1.win32_1.0.0.202411081344/tools/bin/../lib/gcc/arm-none-eabi/13.3.1/../../../../arm-none-eabi/lib/thumb/v7-m/nofp\libc_nano.a(libc_a-nano-vfprintf_i.o)
 .ARM.attributes
                0x00000854       0x2d C:/ST/STM32CubeIDE_1.18.1/STM32CubeIDE/plugins/com.st.stm32cube.ide.mcu.externaltools.gnu-tools-for-stm32.13.3.rel1.win32_1.0.0.202411081344/tools/bin/../lib/gcc/arm-none-eabi/13.3.1/../../../../arm-none-eabi/lib/thumb/v7-m/nofp\libc_nano.a(libc_a-fflush.o)
 .ARM.attributes
                0x00000881       0x2d C:/ST/STM32CubeIDE_1.18.1/STM32CubeIDE/plugins/com.st.stm32cube.ide.mcu.externaltools.gnu-tools-for-stm32.13.3.rel1.win32_1.0.0.202411081344/tools/bin/../lib/gcc/arm-none-eabi/13.3.1/../../../../arm-none-eabi/lib/thumb/v7-m/nofp\libc_nano.a(libc_a-makebuf.o)
 .ARM.attributes
                0x000008ae       0x2d C:/ST/STM32CubeIDE_1.18.1/STM32CubeIDE/plugins/com.st.stm32cube.ide.mcu.externaltools.gnu-tools-for-stm32.13.3.rel1.win32_1.0.0.202411081344/tools/bin/../lib/gcc/arm-none-eabi/13.3.1/../../../../arm-none-eabi/lib/thumb/v7-m/nofp\libc_nano.a(libc_a-fstatr.o)
 .ARM.attributes
                0x000008db       0x2d C:/ST/STM32CubeIDE_1.18.1/STM32CubeIDE/plugins/com.st.stm32cube.ide.mcu.externaltools.gnu-tools-for-stm32.13.3.rel1.win32_1.0.0.202411081344/tools/bin/../lib/gcc/arm-none-eabi/13.3.1/../../../../arm-none-eabi/lib/thumb/v7-m/nofp\libc_nano.a(libc_a-isattyr.o)
 .ARM.attributes
                0x00000908       0x2d C:/ST/STM32CubeIDE_1.18.1/STM32CubeIDE/plugins/com.st.stm32cube.ide.mcu.externaltools.gnu-tools-for-stm32.13.3.rel1.win32_1.0.0.202411081344/tools/bin/../lib/gcc/arm-none-eabi/13.3.1/../../../../arm-none-eabi/lib/thumb/v7-m/nofp\libc_nano.a(libc_a-memchr-stub.o)
 .ARM.attributes
                0x00000935       0x1d C:/ST/STM32CubeIDE_1.18.1/STM32CubeIDE/plugins/com.st.stm32cube.ide.mcu.externaltools.gnu-tools-for-stm32.13.3.rel1.win32_1.0.0.202411081344/tools/bin/../lib/gcc/arm-none-eabi/13.3.1/thumb/v7-m/nofp\libgcc.a(_aeabi_uldivmod.o)
 .ARM.attributes
                0x00000952       0x2d C:/ST/STM32CubeIDE_1.18.1/STM32CubeIDE/plugins/com.st.stm32cube.ide.mcu.externaltools.gnu-tools-for-stm32.13.3.rel1.win32_1.0.0.202411081344/tools/bin/../lib/gcc/arm-none-eabi/13.3.1/thumb/v7-m/nofp\libgcc.a(_udivmoddi4.o)
 .ARM.attributes
                0x0000097f       0x1d C:/ST/STM32CubeIDE_1.18.1/STM32CubeIDE/plugins/com.st.stm32cube.ide.mcu.externaltools.gnu-tools-for-stm32.13.3.rel1.win32_1.0.0.202411081344/tools/bin/../lib/gcc/arm-none-eabi/13.3.1/thumb/v7-m/nofp\libgcc.a(_dvmd_tls.o)
 .ARM.attributes
                0x0000099c       0x1d C:/ST/STM32CubeIDE_1.18.1/STM32CubeIDE/plugins/com.st.stm32cube.ide.mcu.externaltools.gnu-tools-for-stm32.13.3.rel1.win32_1.0.0.202411081344/tools/bin/../lib/gcc/arm-none-eabi/13.3.1/thumb/v7-m/nofp/crtn.o
OUTPUT(HeartF207.elf elf32-littlearm)
LOAD linker stubs
LOAD C:/ST/STM32CubeIDE_1.18.1/STM32CubeIDE/plugins/com.st.stm32cube.ide.mcu.externaltools.gnu-tools-for-stm32.13.3.rel1.win32_1.0.0.202411081344/tools/bin/../lib/gcc/arm-none-eabi/13.3.1/../../../../arm-none-eabi/lib/thumb/v7-m/nofp\libc.a
LOAD C:/ST/STM32CubeIDE_1.18.1/STM32CubeIDE/plugins/com.st.stm32cube.ide.mcu.externaltools.gnu-tools-for-stm32.13.3.rel1.win32_1.0.0.202411081344/tools/bin/../lib/gcc/arm-none-eabi/13.3.1/../../../../arm-none-eabi/lib/thumb/v7-m/nofp\libm.a
LOAD C:/ST/STM32CubeIDE_1.18.1/STM32CubeIDE/plugins/com.st.stm32cube.ide.mcu.externaltools.gnu-tools-for-stm32.13.3.rel1.win32_1.0.0.202411081344/tools/bin/../lib/gcc/arm-none-eabi/13.3.1/thumb/v7-m/nofp\libgcc.a

.debug_info     0x00000000     0xd08a
 .debug_info    0x00000000      0x74e ./Core/Src/main.o
 .debug_info    0x0000074e      0x269 ./Core/Src/stm32f2xx_hal_msp.o
 .debug_info    0x000009b7      0x60d ./Core/Src/stm32f2xx_it.o
 .debug_info    0x00000fc4      0x6a3 ./Core/Src/syscalls.o
 .debug_info    0x00001667      0x168 ./Core/Src/sysmem.o
 .debug_info    0x000017cf      0x31f ./Core/Src/system_stm32f2xx.o
 .debug_info    0x00001aee       0x30 ./Core/Startup/startup_stm32f207zgtx.o
 .debug_info    0x00001b1e      0x9c3 ./Drivers/STM32F2xx_HAL_Driver/Src/stm32f2xx_hal.o
 .debug_info    0x000024e1      0xd7b ./Drivers/STM32F2xx_HAL_Driver/Src/stm32f2xx_hal_cortex.o
 .debug_info    0x0000325c      0x68e ./Drivers/STM32F2xx_HAL_Driver/Src/stm32f2xx_hal_gpio.o
 .debug_info    0x000038ea     0x14e2 ./Drivers/STM32F2xx_HAL_Driver/Src/stm32f2xx_hal_pcd.o
 .debug_info    0x00004dcc      0x6cc ./Drivers/STM32F2xx_HAL_Driver/Src/stm32f2xx_hal_pcd_ex.o
 .debug_info    0x00005498      0xa39 ./Drivers/STM32F2xx_HAL_Driver/Src/stm32f2xx_hal_rcc.o
 .debug_info    0x00005ed1     0x1993 ./Drivers/STM32F2xx_HAL_Driver/Src/stm32f2xx_ll_usb.o
 .debug_info    0x00007864     0x106b ./Middlewares/ST/STM32_USB_Device_Library/Class/CDC/Src/usbd_cdc.o
 .debug_info    0x000088cf      0xa52 ./Middlewares/ST/STM32_USB_Device_Library/Core/Src/usbd_core.o
 .debug_info    0x00009321      0x91c ./Middlewares/ST/STM32_USB_Device_Library/Core/Src/usbd_ctlreq.o
 .debug_info    0x00009c3d      0x6a0 ./Middlewares/ST/STM32_USB_Device_Library/Core/Src/usbd_ioreq.o
 .debug_info    0x0000a2dd      0x63d ./USB_DEVICE/App/usb_device.o
 .debug_info    0x0000a91a      0x7ec ./USB_DEVICE/App/usbd_cdc_if.o
 .debug_info    0x0000b106      0x44a ./USB_DEVICE/App/usbd_desc.o
 .debug_info    0x0000b550     0x1b3a ./USB_DEVICE/Target/usbd_conf.o

.debug_abbrev   0x00000000     0x2c53
 .debug_abbrev  0x00000000      0x2c0 ./Core/Src/main.o
 .debug_abbrev  0x000002c0       0xd8 ./Core/Src/stm32f2xx_hal_msp.o
 .debug_abbrev  0x00000398      0x1a4 ./Core/Src/stm32f2xx_it.o
 .debug_abbrev  0x0000053c      0x1b6 ./Core/Src/syscalls.o
 .debug_abbrev  0x000006f2       0xbc ./Core/Src/sysmem.o
 .debug_abbrev  0x000007ae      0x11c ./Core/Src/system_stm32f2xx.o
 .debug_abbrev  0x000008ca       0x24 ./Core/Startup/startup_stm32f207zgtx.o
 .debug_abbrev  0x000008ee      0x286 ./Drivers/STM32F2xx_HAL_Driver/Src/stm32f2xx_hal.o
 .debug_abbrev  0x00000b74      0x31c ./Drivers/STM32F2xx_HAL_Driver/Src/stm32f2xx_hal_cortex.o
 .debug_abbrev  0x00000e90      0x1cb ./Drivers/STM32F2xx_HAL_Driver/Src/stm32f2xx_hal_gpio.o
 .debug_abbrev  0x0000105b      0x2c1 ./Drivers/STM32F2xx_HAL_Driver/Src/stm32f2xx_hal_pcd.o
 .debug_abbrev  0x0000131c      0x1c7 ./Drivers/STM32F2xx_HAL_Driver/Src/stm32f2xx_hal_pcd_ex.o
 .debug_abbrev  0x000014e3      0x2d6 ./Drivers/STM32F2xx_HAL_Driver/Src/stm32f2xx_hal_rcc.o
 .debug_abbrev  0x000017b9      0x2b3 ./Drivers/STM32F2xx_HAL_Driver/Src/stm32f2xx_ll_usb.o
 .debug_abbrev  0x00001a6c      0x2cf ./Middlewares/ST/STM32_USB_Device_Library/Class/CDC/Src/usbd_cdc.o
 .debug_abbrev  0x00001d3b      0x24a ./Middlewares/ST/STM32_USB_Device_Library/Core/Src/usbd_core.o
 .debug_abbrev  0x00001f85      0x26b ./Middlewares/ST/STM32_USB_Device_Library/Core/Src/usbd_ctlreq.o
 .debug_abbrev  0x000021f0      0x192 ./Middlewares/ST/STM32_USB_Device_Library/Core/Src/usbd_ioreq.o
 .debug_abbrev  0x00002382      0x18d ./USB_DEVICE/App/usb_device.o
 .debug_abbrev  0x0000250f      0x25d ./USB_DEVICE/App/usbd_cdc_if.o
 .debug_abbrev  0x0000276c      0x1ff ./USB_DEVICE/App/usbd_desc.o
 .debug_abbrev  0x0000296b      0x2e8 ./USB_DEVICE/Target/usbd_conf.o

.debug_aranges  0x00000000      0xbe0
 .debug_aranges
                0x00000000       0x48 ./Core/Src/main.o
 .debug_aranges
                0x00000048       0x20 ./Core/Src/stm32f2xx_hal_msp.o
 .debug_aranges
                0x00000068       0x68 ./Core/Src/stm32f2xx_it.o
 .debug_aranges
                0x000000d0       0xa8 ./Core/Src/syscalls.o
 .debug_aranges
                0x00000178       0x20 ./Core/Src/sysmem.o
 .debug_aranges
                0x00000198       0x28 ./Core/Src/system_stm32f2xx.o
 .debug_aranges
                0x000001c0       0x28 ./Core/Startup/startup_stm32f207zgtx.o
 .debug_aranges
                0x000001e8       0xf0 ./Drivers/STM32F2xx_HAL_Driver/Src/stm32f2xx_hal.o
 .debug_aranges
                0x000002d8      0x128 ./Drivers/STM32F2xx_HAL_Driver/Src/stm32f2xx_hal_cortex.o
 .debug_aranges
                0x00000400       0x58 ./Drivers/STM32F2xx_HAL_Driver/Src/stm32f2xx_hal_gpio.o
 .debug_aranges
                0x00000458      0x148 ./Drivers/STM32F2xx_HAL_Driver/Src/stm32f2xx_hal_pcd.o
 .debug_aranges
                0x000005a0       0x38 ./Drivers/STM32F2xx_HAL_Driver/Src/stm32f2xx_hal_pcd_ex.o
 .debug_aranges
                0x000005d8       0x88 ./Drivers/STM32F2xx_HAL_Driver/Src/stm32f2xx_hal_rcc.o
 .debug_aranges
                0x00000660      0x1a0 ./Drivers/STM32F2xx_HAL_Driver/Src/stm32f2xx_ll_usb.o
 .debug_aranges
                0x00000800       0x90 ./Middlewares/ST/STM32_USB_Device_Library/Class/CDC/Src/usbd_cdc.o
 .debug_aranges
                0x00000890       0xb8 ./Middlewares/ST/STM32_USB_Device_Library/Core/Src/usbd_core.o
 .debug_aranges
                0x00000948       0x88 ./Middlewares/ST/STM32_USB_Device_Library/Core/Src/usbd_ctlreq.o
 .debug_aranges