../Core/Src/fixajLCD.c:20:13:LCD_bekle	16	static
../Core/Src/fixajLCD.c:24:21:LCD_parametreler_kontrol	16	static
../Core/Src/fixajLCD.c:31:21:LCD_pozisyon_kontrol	16	static
../Core/Src/fixajLCD.c:38:21:LCD_komut_gonder	32	static
../Core/Src/fixajLCD.c:73:21:LCD_veri_gonder	32	static
../Core/Src/fixajLCD.c:108:21:LCD_init_4bit	32	static
../Core/Src/fixajLCD.c:141:14:LCD_kur	32	static
../Core/Src/fixajLCD.c:194:9:LCD_adres_tara	24	static
../Core/Src/fixajLCD.c:205:14:LCD_temizle	24	static
../Core/Src/fixajLCD.c:213:14:LCD_satir_temizle	24	static
../Core/Src/fixajLCD.c:228:14:LCD_imlec	24	static
../Core/Src/fixajLCD.c:245:14:LCD_yaz	24	static
../Core/Src/fixajLCD.c:257:14:LCD_yaz_pozisyon	32	static
../Core/Src/fixajLCD.c:264:14:LCD_printf	156	static
../Core/Src/fixajLCD.c:278:14:LCD_printf_pozisyon	156	static
../Core/Src/fixajLCD.c:296:14:LCD_karakter	16	static
../Core/Src/fixajLCD.c:300:14:LCD_ozel_karakter	32	static
../Core/Src/fixajLCD.c:315:14:LCD_ortala	32	static
../Core/Src/fixajLCD.c:332:14:LCD_arkaIsik_ac	32	static
../Core/Src/fixajLCD.c:345:14:LCD_arkaIsik_kapat	32	static
../Core/Src/fixajLCD.c:358:14:LCD_display_ac	16	static
../Core/Src/fixajLCD.c:365:14:LCD_display_kapat	16	static
../Core/Src/fixajLCD.c:372:14:LCD_imlec_ac	16	static
../Core/Src/fixajLCD.c:379:14:LCD_imlec_kapat	16	static
../Core/Src/fixajLCD.c:386:14:LCD_imlec_yanip_son_ac	16	static
../Core/Src/fixajLCD.c:393:14:LCD_imlec_yanip_son_kapat	16	static
../Core/Src/fixajLCD.c:400:14:LCD_ana_ekran	24	static
../Core/Src/fixajLCD.c:410:14:LCD_ekran_sola_kaydir	16	static
../Core/Src/fixajLCD.c:416:14:LCD_ekran_saga_kaydir	16	static
