../Core/Src/main.c:31:5:_write	32	static
../Core/Src/main.c:87:5:main	8	static
../Core/Src/main.c:147:6:SystemClock_Config	120	static
../Core/Src/main.c:208:13:MX_TIM3_Init	48	static
../Core/Src/main.c:255:13:MX_GPIO_Init	56	static
../Core/Src/main.c:304:6:HAL_GPIO_EXTI_Callback	16	static
../Core/Src/main.c:334:6:bip_baslat	8	static
../Core/Src/main.c:343:6:bip_durdur	8	static
../Core/Src/main.c:353:6:pwm_bip	16	static
../Core/Src/main.c:363:6:MPU_Config	24	static
../Core/Src/main.c:393:6:Error_Handler	4	static,ignoring_inline_asm
